     1                                  ; Nova Boot Manager - BIOS Stage 2
     2                                  ; Referenzimplementierung für NKI v1 und NBHP/BIB v1.
     3                                  
     4                                  %include "layout.inc"
     1                              <1> ; Gemeinsames physisches Speicher- und Datenträgerlayout des BIOS-Bootpfads.
     2                              <1> ; Änderungen an diesen Konstanten müssen zusammen mit Image Builder,
     3                              <1> ; Kernel-Linkerskript und BootInfo-ABI erfolgen.
     4                              <1> 
     5                              <1> %ifndef NOVA_BOOT_LAYOUT_INC
     6                              <1> %define NOVA_BOOT_LAYOUT_INC
     7                              <1> 
     8                              <1> ; Datenträgerlayout
     9                              <1> STAGE2_FIRST_SECTOR        equ 2
    10                              <1> STAGE2_SECTOR_COUNT        equ 16
    11                              <1> STAGE2_BYTE_COUNT          equ STAGE2_SECTOR_COUNT * 512
    12                              <1> KERNEL_FIRST_LBA           equ 17
    13                              <1> KERNEL_PAYLOAD_MAX_SIZE    equ 32768
    14                              <1> NKI_HEADER_SIZE            equ 64
    15                              <1> KERNEL_IMAGE_SECTOR_COUNT  equ 65
    16                              <1> KERNEL_IMAGE_BYTE_COUNT    equ KERNEL_IMAGE_SECTOR_COUNT * 512
    17                              <1> 
    18                              <1> DISK_RETRY_COUNT           equ 3
    19                              <1> 
    20                              <1> ; Physisches Speicherlayout unterhalb von 1 MiB
    21                              <1> BOOT_INFO_ADDRESS          equ 0x00005000
    22                              <1> BOOT_INFO_CAPACITY         equ 0x00000800
    23                              <1> MEMORY_MAP_ADDRESS         equ 0x00005800
    24                              <1> MEMORY_MAP_ENTRY_SIZE      equ 24
    25                              <1> MEMORY_MAP_MAX_ENTRIES     equ 64
    26                              <1> VBE_MODE_INFO_ADDRESS      equ 0x00006000
    27                              <1> STAGE2_STACK_TOP           equ 0x00007800
    28                              <1> STAGE1_STACK_TOP           equ 0x00007C00
    29                              <1> STAGE2_LOAD_ADDRESS        equ 0x00007E00
    30                              <1> 
    31                              <1> KERNEL_TEMP_SEGMENT        equ 0x1000
    32                              <1> KERNEL_TEMP_OFFSET         equ 0x0000
    33                              <1> KERNEL_TEMP_ADDRESS        equ 0x00010000
    34                              <1> 
    35                              <1> ; 32-Bit-Kernel
    36                              <1> KERNEL_ENTRY_ADDRESS       equ 0x00100000
    37                              <1> KERNEL_STACK_TOP           equ 0x00090000
    38                              <1> 
    39                              <1> ; Protected-Mode-Segmente
    40                              <1> CODE_SEGMENT               equ 0x08
    41                              <1> DATA_SEGMENT               equ 0x10
    42                              <1> 
    43                              <1> ; Grafik
    44                              <1> ; QEMU/Bochs VBE: 800 x 600 x 32 Bit mit linearem Framebuffer.
    45                              <1> ; Der klassische Modus 0x118 besitzt nur 24 Bit und darf nicht als
    46                              <1> ; BGRX8888 an den Kernel übergeben werden.
    47                              <1> VBE_REQUESTED_MODE         equ 0x0143
    48                              <1> NOVA_PIXEL_FORMAT_BGRX8888 equ 1
    49                              <1> 
    50                              <1> ; Nova Kernel Image v1 (NKI)
    51                              <1> NKI_MAGIC_LOW              equ 0x41564F4E ; "NOVA"
    52                              <1> NKI_MAGIC_HIGH             equ 0x00494B4E ; "NKI\0"
    53                              <1> NKI_VERSION                equ 1
    54                              <1> NKI_ARCH_X86_32            equ 1
    55                              <1> NKI_COMPRESSION_NONE       equ 0
    56                              <1> 
    57                              <1> NKI_OFF_MAGIC_LOW          equ 0
    58                              <1> NKI_OFF_MAGIC_HIGH         equ 4
    59                              <1> NKI_OFF_VERSION            equ 8
    60                              <1> NKI_OFF_HEADER_SIZE        equ 12
    61                              <1> NKI_OFF_ARCHITECTURE       equ 16
    62                              <1> NKI_OFF_FLAGS              equ 20
    63                              <1> NKI_OFF_ENTRY_POINT        equ 24
    64                              <1> NKI_OFF_LOAD_ADDRESS       equ 28
    65                              <1> NKI_OFF_IMAGE_SIZE         equ 32
    66                              <1> NKI_OFF_COMPRESSION        equ 36
    67                              <1> NKI_OFF_CRC32              equ 40
    68                              <1> NKI_OFF_BUILD_ID           equ 44
    69                              <1> 
    70                              <1> ; Boot Information Block (BIB) v1
    71                              <1> NOVA_BIB_MAGIC_LOW         equ 0x5048424E ; "NBHP"
    72                              <1> NOVA_BIB_MAGIC_HIGH        equ 0x00424942 ; "BIB\0"
    73                              <1> NOVA_BIB_VERSION_MAJOR     equ 1
    74                              <1> NOVA_BIB_VERSION_MINOR     equ 0
    75                              <1> NOVA_BIB_VERSION_PATCH     equ 0
    76                              <1> NOVA_BIB_HEADER_SIZE       equ 32
    77                              <1> NOVA_X86_BOOT_MAGIC        equ 0x4E4F5641
    78                              <1> NOVA_BOOT_PLATFORM_BIOS    equ 1
    79                              <1> NOVA_BOOT_FLAG_FRAMEBUFFER equ 0x00000001
    80                              <1> 
    81                              <1> BIB_OFF_MAGIC_LOW          equ 0
    82                              <1> BIB_OFF_MAGIC_HIGH         equ 4
    83                              <1> BIB_OFF_VERSION_MAJOR      equ 8
    84                              <1> BIB_OFF_VERSION_MINOR      equ 10
    85                              <1> BIB_OFF_VERSION_PATCH      equ 12
    86                              <1> BIB_OFF_HEADER_SIZE        equ 14
    87                              <1> BIB_OFF_TOTAL_SIZE         equ 16
    88                              <1> BIB_OFF_CHECKSUM           equ 20
    89                              <1> BIB_OFF_ARCHITECTURE       equ 24
    90                              <1> BIB_OFF_FLAGS              equ 28
    91                              <1> 
    92                              <1> BIB_TLV_HEADER_SIZE        equ 8
    93                              <1> BIB_TLV_FIRMWARE           equ 1
    94                              <1> BIB_TLV_MEMORY             equ 3
    95                              <1> BIB_TLV_GRAPHICS           equ 4
    96                              <1> BIB_TLV_KERNEL             equ 6
    97                              <1> BIB_TLV_SECURITY           equ 7
    98                              <1> BIB_TLV_BOOT_OPTIONS       equ 9
    99                              <1> 
   100                              <1> BIB_FIRMWARE_SIZE          equ 16
   101                              <1> BIB_MEMORY_SIZE            equ 16
   102                              <1> BIB_GRAPHICS_SIZE          equ 32
   103                              <1> BIB_KERNEL_SIZE            equ 32
   104                              <1> BIB_SECURITY_SIZE          equ 16
   105                              <1> BIB_BOOT_OPTIONS_SIZE      equ 16
   106                              <1> 
   107                              <1> %endif
     5                                  
     6                                  [org STAGE2_LOAD_ADDRESS]
     7                                  [bits 16]
     8                                  
     9                                  BIB_FIRMWARE_OFFSET     equ NOVA_BIB_HEADER_SIZE
    10                                  BIB_MEMORY_OFFSET       equ BIB_FIRMWARE_OFFSET + BIB_TLV_HEADER_SIZE + BIB_FIRMWARE_SIZE
    11                                  BIB_GRAPHICS_OFFSET     equ BIB_MEMORY_OFFSET + BIB_TLV_HEADER_SIZE + BIB_MEMORY_SIZE
    12                                  BIB_KERNEL_OFFSET       equ BIB_GRAPHICS_OFFSET + BIB_TLV_HEADER_SIZE + BIB_GRAPHICS_SIZE
    13                                  BIB_SECURITY_OFFSET     equ BIB_KERNEL_OFFSET + BIB_TLV_HEADER_SIZE + BIB_KERNEL_SIZE
    14                                  BIB_OPTIONS_OFFSET      equ BIB_SECURITY_OFFSET + BIB_TLV_HEADER_SIZE + BIB_SECURITY_SIZE
    15                                  BIB_TOTAL_SIZE          equ BIB_OPTIONS_OFFSET + BIB_TLV_HEADER_SIZE + BIB_BOOT_OPTIONS_SIZE
    16                                  
    17                                  stage2_start:
    18 00000000 FA                          cli
    19 00000001 31C0                        xor ax, ax
    20 00000003 8ED8                        mov ds, ax
    21 00000005 8EC0                        mov es, ax
    22 00000007 8ED0                        mov ss, ax
    23 00000009 BC0078                      mov sp, STAGE2_STACK_TOP
    24 0000000C FC                          cld
    25 0000000D FB                          sti
    26                                  
    27 0000000E 8816[6016]                  mov [boot_drive], dl
    28 00000012 BE[7C16]                    mov si, message_start
    29 00000015 E82616                      call print_string
    30                                  
    31 00000018 E81800                      call initialize_bib
    32 0000001B E8DD00                      call collect_memory_map
    33 0000001E E84301                      call initialize_vbe
    34 00000021 E8DB01                      call load_kernel_image
    35 00000024 E8E202                      call validate_kernel_image
    36 00000027 E8C203                      call finalize_bib
    37 0000002A E8DD03                      call enable_a20
    38 0000002D E8EC03                      call enter_protected_mode
    39 00000030 E92116                      jmp fatal_halt
    40                                  
    41                                  ; ---------------------------------------------------------------------------
    42                                  ; Boot Information Block v1
    43                                  ; Alle TLVs sind 8-Byte-ausgerichtet und Little-Endian kodiert.
    44                                  ; ---------------------------------------------------------------------------
    45                                  
    46                                  initialize_bib:
    47 00000033 31C0                        xor ax, ax
    48 00000035 8EC0                        mov es, ax
    49 00000037 BF0050                      mov di, BOOT_INFO_ADDRESS
    50 0000003A B90004                      mov cx, BOOT_INFO_CAPACITY / 2
    51 0000003D F3AB                        rep stosw
    52                                  
    53 0000003F 66C70600504E424850          mov dword [BOOT_INFO_ADDRESS + BIB_OFF_MAGIC_LOW], NOVA_BIB_MAGIC_LOW
    54 00000048 66C706045042494200          mov dword [BOOT_INFO_ADDRESS + BIB_OFF_MAGIC_HIGH], NOVA_BIB_MAGIC_HIGH
    55 00000051 C70608500100                mov word [BOOT_INFO_ADDRESS + BIB_OFF_VERSION_MAJOR], NOVA_BIB_VERSION_MAJOR
    56 00000057 C7060A500000                mov word [BOOT_INFO_ADDRESS + BIB_OFF_VERSION_MINOR], NOVA_BIB_VERSION_MINOR
    57 0000005D C7060C500000                mov word [BOOT_INFO_ADDRESS + BIB_OFF_VERSION_PATCH], NOVA_BIB_VERSION_PATCH
    58 00000063 C7060E502000                mov word [BOOT_INFO_ADDRESS + BIB_OFF_HEADER_SIZE], NOVA_BIB_HEADER_SIZE
    59 00000069 66C7061050D0000000          mov dword [BOOT_INFO_ADDRESS + BIB_OFF_TOTAL_SIZE], BIB_TOTAL_SIZE
    60 00000072 66C706185001000000          mov dword [BOOT_INFO_ADDRESS + BIB_OFF_ARCHITECTURE], NKI_ARCH_X86_32
    61                                  
    62                                      ; Firmware TLV
    63 0000007B C70620500100                mov word [BOOT_INFO_ADDRESS + BIB_FIRMWARE_OFFSET + 0], BIB_TLV_FIRMWARE
    64 00000081 66C706245010000000          mov dword [BOOT_INFO_ADDRESS + BIB_FIRMWARE_OFFSET + 4], BIB_FIRMWARE_SIZE
    65 0000008A 66C706285001000000          mov dword [BOOT_INFO_ADDRESS + BIB_FIRMWARE_OFFSET + 8], NOVA_BOOT_PLATFORM_BIOS
    66 00000093 6631C0                      xor eax, eax
    67 00000096 A0[6016]                    mov al, [boot_drive]
    68 00000099 66A32C50                    mov dword [BOOT_INFO_ADDRESS + BIB_FIRMWARE_OFFSET + 12], eax
    69                                  
    70                                      ; Memory TLV
    71 0000009D C70638500300                mov word [BOOT_INFO_ADDRESS + BIB_MEMORY_OFFSET + 0], BIB_TLV_MEMORY
    72 000000A3 66C7063C5010000000          mov dword [BOOT_INFO_ADDRESS + BIB_MEMORY_OFFSET + 4], BIB_MEMORY_SIZE
    73 000000AC 66C706405000580000          mov dword [BOOT_INFO_ADDRESS + BIB_MEMORY_OFFSET + 8], MEMORY_MAP_ADDRESS
    74 000000B5 66C706485018000000          mov dword [BOOT_INFO_ADDRESS + BIB_MEMORY_OFFSET + 16], MEMORY_MAP_ENTRY_SIZE
    75                                  
    76                                      ; Graphics TLV
    77 000000BE C70650500400                mov word [BOOT_INFO_ADDRESS + BIB_GRAPHICS_OFFSET + 0], BIB_TLV_GRAPHICS
    78 000000C4 66C706545020000000          mov dword [BOOT_INFO_ADDRESS + BIB_GRAPHICS_OFFSET + 4], BIB_GRAPHICS_SIZE
    79                                  
    80                                      ; Kernel TLV
    81 000000CD C70678500600                mov word [BOOT_INFO_ADDRESS + BIB_KERNEL_OFFSET + 0], BIB_TLV_KERNEL
    82 000000D3 66C7067C5020000000          mov dword [BOOT_INFO_ADDRESS + BIB_KERNEL_OFFSET + 4], BIB_KERNEL_SIZE
    83                                  
    84                                      ; Security TLV: Status 0 = nicht verifiziert, transparent gemeldet.
    85 000000DC C706A0500700                mov word [BOOT_INFO_ADDRESS + BIB_SECURITY_OFFSET + 0], BIB_TLV_SECURITY
    86 000000E2 66C706A45010000000          mov dword [BOOT_INFO_ADDRESS + BIB_SECURITY_OFFSET + 4], BIB_SECURITY_SIZE
    87                                  
    88                                      ; Boot Options TLV: Standardprofil, kein Debug-/Recovery-Modus.
    89 000000EB C706B8500900                mov word [BOOT_INFO_ADDRESS + BIB_OPTIONS_OFFSET + 0], BIB_TLV_BOOT_OPTIONS
    90 000000F1 66C706BC5010000000          mov dword [BOOT_INFO_ADDRESS + BIB_OPTIONS_OFFSET + 4], BIB_BOOT_OPTIONS_SIZE
    91 000000FA C3                          ret
    92                                  
    93                                  collect_memory_map:
    94 000000FB 31C0                        xor ax, ax
    95 000000FD 8EC0                        mov es, ax
    96 000000FF BF0058                      mov di, MEMORY_MAP_ADDRESS
    97 00000102 6631DB                      xor ebx, ebx
    98 00000105 31ED                        xor bp, bp
    99                                  
   100                                  .next:
   101 00000107 83FD40                      cmp bp, MEMORY_MAP_MAX_ENTRIES
   102 0000010A 733C                        jae .done
   103                                  
   104 0000010C 66B820E80000                mov eax, 0x0000E820
   105 00000112 66BA50414D53                mov edx, 0x534D4150             ; "SMAP"
   106 00000118 66B918000000                mov ecx, MEMORY_MAP_ENTRY_SIZE
   107 0000011E CD15                        int 0x15
   108 00000120 7226                        jc .done
   109 00000122 663D50414D53                cmp eax, 0x534D4150
   110 00000128 751E                        jne .done
   111 0000012A 6683F914                    cmp ecx, 20
   112 0000012E 7218                        jb .done
   113                                  
   114 00000130 6683F918                    cmp ecx, MEMORY_MAP_ENTRY_SIZE
   115 00000134 7309                        jae .entry_complete
   116 00000136 2666C7451401000000          mov dword [es:di + 20], 1
   117                                  
   118                                  .entry_complete:
   119 0000013F 45                          inc bp
   120 00000140 83C718                      add di, MEMORY_MAP_ENTRY_SIZE
   121 00000143 6685DB                      test ebx, ebx
   122 00000146 75BF                        jnz .next
   123                                  
   124                                  .done:
   125 00000148 31C0                        xor ax, ax
   126 0000014A 8ED8                        mov ds, ax
   127 0000014C 8EC0                        mov es, ax
   128 0000014E 660FB7C5                    movzx eax, bp
   129 00000152 66A34450                    mov dword [BOOT_INFO_ADDRESS + BIB_MEMORY_OFFSET + 12], eax
   130 00000156 85ED                        test bp, bp
   131 00000158 7509                        jnz .success
   132 0000015A BE[C816]                    mov si, message_memory_error
   133 0000015D E8DE14                      call print_string
   134 00000160 E9F114                      jmp fatal_halt
   135                                  
   136                                  .success:
   137 00000163 C3                          ret
   138                                  
   139                                  ; ---------------------------------------------------------------------------
   140                                  ; VBE. Ein Fehler ist recoverable und aktiviert den Textmodus-Fallback.
   141                                  ; ---------------------------------------------------------------------------
   142                                  
   143                                  initialize_vbe:
   144 00000164 B8014F                      mov ax, 0x4F01
   145 00000167 B94301                      mov cx, VBE_REQUESTED_MODE
   146 0000016A 31DB                        xor bx, bx
   147 0000016C 8EC3                        mov es, bx
   148 0000016E BF0060                      mov di, VBE_MODE_INFO_ADDRESS
   149 00000171 CD10                        int 0x10
   150 00000173 83F84F                      cmp ax, 0x004F
   151 00000176 7575                        jne .fallback
   152                                  
   153 00000178 31C0                        xor ax, ax
   154 0000017A 8ED8                        mov ds, ax
   155 0000017C 8EC0                        mov es, ax
   156 0000017E A10060                      mov ax, [VBE_MODE_INFO_ADDRESS]
   157 00000181 A90100                      test ax, 0x0001
   158 00000184 7467                        jz .fallback
   159 00000186 A98000                      test ax, 0x0080
   160 00000189 7462                        jz .fallback
   161 0000018B 803E196020                  cmp byte [VBE_MODE_INFO_ADDRESS + 25], 32
   162 00000190 755B                        jne .fallback
   163 00000192 66833E286000                cmp dword [VBE_MODE_INFO_ADDRESS + 40], 0
   164 00000198 7453                        je .fallback
   165                                  
   166 0000019A B8024F                      mov ax, 0x4F02
   167 0000019D BB4341                      mov bx, VBE_REQUESTED_MODE | 0x4000
   168 000001A0 CD10                        int 0x10
   169 000001A2 83F84F                      cmp ax, 0x004F
   170 000001A5 7546                        jne .fallback
   171                                  
   172 000001A7 31C0                        xor ax, ax
   173 000001A9 8ED8                        mov ds, ax
   174 000001AB 8EC0                        mov es, ax
   175 000001AD 66830E1C5001                or dword [BOOT_INFO_ADDRESS + BIB_OFF_FLAGS], NOVA_BOOT_FLAG_FRAMEBUFFER
   176                                  
   177 000001B3 66A12860                    mov eax, [VBE_MODE_INFO_ADDRESS + 40]
   178 000001B7 66A35850                    mov dword [BOOT_INFO_ADDRESS + BIB_GRAPHICS_OFFSET + 8], eax
   179 000001BB 6631C0                      xor eax, eax
   180 000001BE A11060                      mov ax, [VBE_MODE_INFO_ADDRESS + 16]
   181 000001C1 66A35C50                    mov dword [BOOT_INFO_ADDRESS + BIB_GRAPHICS_OFFSET + 12], eax
   182 000001C5 6631C0                      xor eax, eax
   183 000001C8 A11260                      mov ax, [VBE_MODE_INFO_ADDRESS + 18]
   184 000001CB 66A36050                    mov dword [BOOT_INFO_ADDRESS + BIB_GRAPHICS_OFFSET + 16], eax
   185 000001CF 6631C0                      xor eax, eax
   186 000001D2 A11460                      mov ax, [VBE_MODE_INFO_ADDRESS + 20]
   187 000001D5 66A36450                    mov dword [BOOT_INFO_ADDRESS + BIB_GRAPHICS_OFFSET + 20], eax
   188 000001D9 6631C0                      xor eax, eax
   189 000001DC A01960                      mov al, [VBE_MODE_INFO_ADDRESS + 25]
   190 000001DF 66A36850                    mov dword [BOOT_INFO_ADDRESS + BIB_GRAPHICS_OFFSET + 24], eax
   191 000001E3 66C7066C5001000000          mov dword [BOOT_INFO_ADDRESS + BIB_GRAPHICS_OFFSET + 28], NOVA_PIXEL_FORMAT_BGRX8888
   192 000001EC C3                          ret
   193                                  
   194                                  .fallback:
   195 000001ED B80300                      mov ax, 0x0003
   196 000001F0 CD10                        int 0x10
   197 000001F2 31C0                        xor ax, ax
   198 000001F4 8ED8                        mov ds, ax
   199 000001F6 8EC0                        mov es, ax
   200 000001F8 BE[9516]                    mov si, message_vbe_fallback
   201 000001FB E84014                      call print_string
   202 000001FE C3                          ret
   203                                  
   204                                  ; ---------------------------------------------------------------------------
   205                                  ; Kernel Image Loader
   206                                  ; ---------------------------------------------------------------------------
   207                                  
   208                                  load_kernel_image:
   209 000001FF E82B00                      call detect_bios_extensions
   210 00000202 721B                        jc .chs
   211 00000204 C606[6116]03                mov byte [retry_count], DISK_RETRY_COUNT
   212                                  
   213                                  .lba_retry:
   214 00000209 BE[6C16]                    mov si, kernel_dap
   215 0000020C B442                        mov ah, 0x42
   216 0000020E 8A16[6016]                  mov dl, [boot_drive]
   217 00000212 CD13                        int 0x13
   218 00000214 7310                        jnc .done
   219 00000216 E8E300                      call reset_disk
   220 00000219 FE0E[6116]                  dec byte [retry_count]
   221 0000021D 75EA                        jnz .lba_retry
   222                                  
   223                                  .chs:
   224 0000021F E82800                      call load_kernel_chs
   225 00000222 0F823214                    jc kernel_load_error
   226                                  
   227                                  .done:
   228 00000226 31C0                        xor ax, ax
   229 00000228 8ED8                        mov ds, ax
   230 0000022A 8EC0                        mov es, ax
   231 0000022C C3                          ret
   232                                  
   233                                  detect_bios_extensions:
   234 0000022D B441                        mov ah, 0x41
   235 0000022F BBAA55                      mov bx, 0x55AA
   236 00000232 8A16[6016]                  mov dl, [boot_drive]
   237 00000236 CD13                        int 0x13
   238 00000238 720E                        jc .missing
   239 0000023A 81FB55AA                    cmp bx, 0xAA55
   240 0000023E 7508                        jne .missing
   241 00000240 F7C10100                    test cx, 1
   242 00000244 7402                        jz .missing
   243 00000246 F8                          clc
   244 00000247 C3                          ret
   245                                  .missing:
   246 00000248 F9                          stc
   247 00000249 C3                          ret
   248                                  
   249                                  load_kernel_chs:
   250 0000024A E86300                      call get_disk_geometry
   251 0000024D C706[6216]0000              mov word [kernel_destination_offset], KERNEL_TEMP_OFFSET
   252 00000253 C606[6416]00                mov byte [kernel_cylinder], 0
   253 00000258 C606[6516]00                mov byte [kernel_head], 0
   254 0000025D C606[6616]12                mov byte [kernel_sector], KERNEL_FIRST_LBA + 1
   255 00000262 C606[6716]41                mov byte [kernel_remaining], KERNEL_IMAGE_SECTOR_COUNT
   256                                  
   257                                  .next_sector:
   258 00000267 803E[6716]00                cmp byte [kernel_remaining], 0
   259 0000026C 7440                        je .success
   260 0000026E C606[6116]03                mov byte [retry_count], DISK_RETRY_COUNT
   261                                  .retry:
   262 00000273 B80010                      mov ax, KERNEL_TEMP_SEGMENT
   263 00000276 8EC0                        mov es, ax
   264 00000278 8B1E[6216]                  mov bx, [kernel_destination_offset]
   265 0000027C B402                        mov ah, 0x02
   266 0000027E B001                        mov al, 1
   267 00000280 8A2E[6416]                  mov ch, [kernel_cylinder]
   268 00000284 8A0E[6616]                  mov cl, [kernel_sector]
   269 00000288 8A36[6516]                  mov dh, [kernel_head]
   270 0000028C 8A16[6016]                  mov dl, [boot_drive]
   271 00000290 CD13                        int 0x13
   272 00000292 730B                        jnc .loaded
   273 00000294 E86500                      call reset_disk
   274 00000297 FE0E[6116]                  dec byte [retry_count]
   275 0000029B 75D6                        jnz .retry
   276 0000029D F9                          stc
   277 0000029E C3                          ret
   278                                  .loaded:
   279 0000029F 8106[6216]0002              add word [kernel_destination_offset], 512
   280 000002A5 E82A00                      call advance_chs
   281 000002A8 FE0E[6716]                  dec byte [kernel_remaining]
   282 000002AC EBB9                        jmp .next_sector
   283                                  .success:
   284 000002AE F8                          clc
   285 000002AF C3                          ret
   286                                  
   287                                  get_disk_geometry:
   288 000002B0 C606[6816]12                mov byte [sectors_per_track], 18
   289 000002B5 C606[6916]01                mov byte [maximum_head], 1
   290 000002BA B408                        mov ah, 0x08
   291 000002BC 8A16[6016]                  mov dl, [boot_drive]
   292 000002C0 CD13                        int 0x13
   293 000002C2 720D                        jc .done
   294 000002C4 88C8                        mov al, cl
   295 000002C6 243F                        and al, 0x3F
   296 000002C8 7407                        jz .done
   297 000002CA A2[6816]                    mov [sectors_per_track], al
   298 000002CD 8836[6916]                  mov [maximum_head], dh
   299                                  .done:
   300 000002D1 C3                          ret
   301                                  
   302                                  advance_chs:
   303 000002D2 FE06[6616]                  inc byte [kernel_sector]
   304 000002D6 A0[6816]                    mov al, [sectors_per_track]
   305 000002D9 3806[6616]                  cmp byte [kernel_sector], al
   306 000002DD 761C                        jbe .done
   307 000002DF C606[6616]01                mov byte [kernel_sector], 1
   308 000002E4 A0[6916]                    mov al, [maximum_head]
   309 000002E7 3806[6516]                  cmp byte [kernel_head], al
   310 000002EB 720A                        jb .next_head
   311 000002ED C606[6516]00                mov byte [kernel_head], 0
   312 000002F2 FE06[6416]                  inc byte [kernel_cylinder]
   313 000002F6 C3                          ret
   314                                  .next_head:
   315 000002F7 FE06[6516]                  inc byte [kernel_head]
   316                                  .done:
   317 000002FB C3                          ret
   318                                  
   319                                  reset_disk:
   320 000002FC 50                          push ax
   321 000002FD 52                          push dx
   322 000002FE 31C0                        xor ax, ax
   323 00000300 8A16[6016]                  mov dl, [boot_drive]
   324 00000304 CD13                        int 0x13
   325 00000306 5A                          pop dx
   326 00000307 58                          pop ax
   327 00000308 C3                          ret
   328                                  
   329                                  validate_kernel_image:
   330 00000309 1E                          push ds
   331 0000030A B80010                      mov ax, KERNEL_TEMP_SEGMENT
   332 0000030D 8ED8                        mov ds, ax
   333                                  
   334 0000030F 66813E00004E4F5641          cmp dword [NKI_OFF_MAGIC_LOW], NKI_MAGIC_LOW
   335 00000318 0F859400                    jne .invalid_header
   336 0000031C 66813E04004E4B4900          cmp dword [NKI_OFF_MAGIC_HIGH], NKI_MAGIC_HIGH
   337 00000325 0F858700                    jne .invalid_header
   338 00000329 66833E080001                cmp dword [NKI_OFF_VERSION], NKI_VERSION
   339 0000032F 757F                        jne .invalid_header
   340 00000331 66833E0C0040                cmp dword [NKI_OFF_HEADER_SIZE], NKI_HEADER_SIZE
   341 00000337 7577                        jne .invalid_header
   342 00000339 66833E100001                cmp dword [NKI_OFF_ARCHITECTURE], NKI_ARCH_X86_32
   343 0000033F 756F                        jne .invalid_header
   344 00000341 66833E240000                cmp dword [NKI_OFF_COMPRESSION], NKI_COMPRESSION_NONE
   345 00000347 7567                        jne .invalid_header
   346 00000349 66813E180000001000          cmp dword [NKI_OFF_ENTRY_POINT], KERNEL_ENTRY_ADDRESS
   347 00000352 755C                        jne .invalid_header
   348 00000354 66813E1C0000001000          cmp dword [NKI_OFF_LOAD_ADDRESS], KERNEL_ENTRY_ADDRESS
   349 0000035D 7551                        jne .invalid_header
   350                                  
   351 0000035F 668B0E2000                  mov ecx, [NKI_OFF_IMAGE_SIZE]
   352 00000364 6685C9                      test ecx, ecx
   353 00000367 7447                        jz .invalid_header
   354 00000369 6681F900800000              cmp ecx, KERNEL_PAYLOAD_MAX_SIZE
   355 00000370 773E                        ja .invalid_header
   356                                  
   357 00000372 BE4000                      mov si, NKI_HEADER_SIZE
   358 00000375 E84C00                      call crc32_ds_si
   359 00000378 663B062800                  cmp eax, [NKI_OFF_CRC32]
   360 0000037D 753B                        jne .invalid_checksum
   361                                  
   362                                      ; Kernel-TLV aus dem validierten NKI befüllen.
   363 0000037F 66A11C00                    mov eax, [NKI_OFF_LOAD_ADDRESS]
   364 00000383 668B162000                  mov edx, [NKI_OFF_IMAGE_SIZE]
   365 00000388 668B0E1800                  mov ecx, [NKI_OFF_ENTRY_POINT]
   366 0000038D 668B2E2800                  mov ebp, [NKI_OFF_CRC32]
   367 00000392 1F                          pop ds
   368 00000393 66A38050                    mov dword [BOOT_INFO_ADDRESS + BIB_KERNEL_OFFSET + 8], eax
   369 00000397 6689168450                  mov dword [BOOT_INFO_ADDRESS + BIB_KERNEL_OFFSET + 12], edx
   370 0000039C 66890E8850                  mov dword [BOOT_INFO_ADDRESS + BIB_KERNEL_OFFSET + 16], ecx
   371 000003A1 66C7068C5001000000          mov dword [BOOT_INFO_ADDRESS + BIB_KERNEL_OFFSET + 20], NKI_VERSION
   372 000003AA 66892E9050                  mov dword [BOOT_INFO_ADDRESS + BIB_KERNEL_OFFSET + 24], ebp
   373 000003AF C3                          ret
   374                                  
   375                                  .invalid_header:
   376 000003B0 1F                          pop ds
   377 000003B1 BE[1717]                    mov si, message_kernel_header_error
   378 000003B4 E88712                      call print_string
   379 000003B7 E99A12                      jmp fatal_halt
   380                                  .invalid_checksum:
   381 000003BA 1F                          pop ds
   382 000003BB BE[3C17]                    mov si, message_kernel_checksum_error
   383 000003BE E87D12                      call print_string
   384 000003C1 E99012                      jmp fatal_halt
   385                                  
   386                                  ; CRC32/ISO-HDLC über DS:SI, Länge ECX. Ergebnis EAX.
   387                                  crc32_ds_si:
   388 000003C4 66B8FFFFFFFF                mov eax, 0xFFFFFFFF
   389                                  .byte:
   390 000003CA 6685C9                      test ecx, ecx
   391 000003CD 7419                        jz .finish
   392 000003CF 3204                        xor al, [si]
   393 000003D1 46                          inc si
   394 000003D2 51                          push cx
   395 000003D3 B90800                      mov cx, 8
   396                                  .bit:
   397 000003D6 66D1E8                      shr eax, 1
   398 000003D9 7306                        jnc .next_bit
   399 000003DB 66352083B8ED                xor eax, 0xEDB88320
   400                                  .next_bit:
   401 000003E1 E2F3                        loop .bit
   402 000003E3 59                          pop cx
   403 000003E4 6649                        dec ecx
   404 000003E6 EBE2                        jmp .byte
   405                                  .finish:
   406 000003E8 66F7D0                      not eax
   407 000003EB C3                          ret
   408                                  
   409                                  finalize_bib:
   410 000003EC 66C706145000000000          mov dword [BOOT_INFO_ADDRESS + BIB_OFF_CHECKSUM], 0
   411 000003F5 31C0                        xor ax, ax
   412 000003F7 8ED8                        mov ds, ax
   413 000003F9 BE0050                      mov si, BOOT_INFO_ADDRESS
   414 000003FC 66B9D0000000                mov ecx, BIB_TOTAL_SIZE
   415 00000402 E8BFFF                      call crc32_ds_si
   416 00000405 66A31450                    mov dword [BOOT_INFO_ADDRESS + BIB_OFF_CHECKSUM], eax
   417 00000409 C3                          ret
   418                                  
   419                                  ; ---------------------------------------------------------------------------
   420                                  ; CPU-Handoff
   421                                  ; ---------------------------------------------------------------------------
   422                                  
   423                                  enable_a20:
   424 0000040A B80124                      mov ax, 0x2401
   425 0000040D CD15                        int 0x15
   426 0000040F E492                        in al, 0x92
   427 00000411 A802                        test al, 0x02
   428 00000413 7506                        jnz .done
   429 00000415 0C02                        or al, 0x02
   430 00000417 24FE                        and al, 0xFE
   431 00000419 E692                        out 0x92, al
   432                                  .done:
   433 0000041B C3                          ret
   434                                  
   435                                  enter_protected_mode:
   436 0000041C FA                          cli
   437 0000041D 0F0116[3816]                lgdt [gdt_descriptor]
   438 00000422 0F20C0                      mov eax, cr0
   439 00000425 6683C801                    or eax, 1
   440 00000429 0F22C0                      mov cr0, eax
   441 0000042C EA[3104]0800                jmp CODE_SEGMENT:protected_mode_start
   442                                  
   443                                  [bits 32]
   444                                  protected_mode_start:
   445 00000431 66B81000                    mov ax, DATA_SEGMENT
   446 00000435 8ED8                        mov ds, ax
   447 00000437 8EC0                        mov es, ax
   448 00000439 8EE0                        mov fs, ax
   449 0000043B 8EE8                        mov gs, ax
   450 0000043D 8ED0                        mov ss, ax
   451 0000043F BC00000900                  mov esp, KERNEL_STACK_TOP
   452 00000444 FC                          cld
   453                                  
   454 00000445 E82E000000                  call boot_manager_run
   455                                  
   456 0000044A BE40000100                  mov esi, KERNEL_TEMP_ADDRESS + NKI_HEADER_SIZE
   457 0000044F BF00001000                  mov edi, KERNEL_ENTRY_ADDRESS
   458 00000454 8B0D20000100                mov ecx, [KERNEL_TEMP_ADDRESS + NKI_OFF_IMAGE_SIZE]
   459 0000045A 51                          push ecx
   460 0000045B C1E902                      shr ecx, 2
   461 0000045E F3A5                        rep movsd
   462 00000460 59                          pop ecx
   463 00000461 83E103                      and ecx, 3
   464 00000464 F3A4                        rep movsb
   465                                  
   466 00000466 B841564F4E                  mov eax, NOVA_X86_BOOT_MAGIC
   467 0000046B BB00500000                  mov ebx, BOOT_INFO_ADDRESS
   468 00000470 8B0D18000100                mov ecx, [KERNEL_TEMP_ADDRESS + NKI_OFF_ENTRY_POINT]
   469 00000476 FFE1                        jmp ecx
   470                                  
   471                                  ; ---------------------------------------------------------------------------
   472                                  ; Grafischer Boot Manager
   473                                  ; ENTER startet Nova OS. D blendet validierte Diagnosedaten ein.
   474                                  ; R meldet den noch nicht implementierten Recoverypfad transparent.
   475                                  ; ---------------------------------------------------------------------------
   476                                  
   477                                  boot_manager_run:
   478 00000478 F7051C500000010000-         test dword [BOOT_INFO_ADDRESS + BIB_OFF_FLAGS], NOVA_BOOT_FLAG_FRAMEBUFFER
   478 00000481 00                 
   479 00000482 7450                        jz .no_graphics
   480 00000484 E84C000000                  call boot_manager_draw
   481                                  
   482                                  .wait_key:
   483 00000489 E464                        in al, 0x64
   484 0000048B A801                        test al, 0x01
   485 0000048D 74FA                        jz .wait_key
   486 0000048F E460                        in al, 0x60
   487 00000491 A880                        test al, 0x80
   488 00000493 75F4                        jnz .wait_key
   489 00000495 3C1C                        cmp al, 0x1C                    ; Enter
   490 00000497 742C                        je .start
   491 00000499 3C20                        cmp al, 0x20                    ; D
   492 0000049B 7406                        je .diagnostics
   493 0000049D 3C13                        cmp al, 0x13                    ; R
   494 0000049F 7413                        je .recovery
   495 000004A1 EBE6                        jmp .wait_key
   496                                  
   497                                  .diagnostics:
   498 000004A3 BE[5F0A0000]                mov esi, bm_event_diagnostics
   499 000004A8 E84E040000                  call bm_debug_write_string
   500 000004AD E883010000                  call boot_manager_draw_diagnostics
   501 000004B2 EBD5                        jmp .wait_key
   502                                  .recovery:
   503 000004B4 BE[6F0A0000]                mov esi, bm_event_recovery
   504 000004B9 E83D040000                  call bm_debug_write_string
   505 000004BE E8AF010000                  call boot_manager_draw_recovery_notice
   506 000004C3 EBC4                        jmp .wait_key
   507                                  .start:
   508 000004C5 BE[880A0000]                mov esi, bm_event_start
   509 000004CA E82C040000                  call bm_debug_write_string
   510 000004CF E8DB010000                  call boot_manager_draw_starting
   511                                  .no_graphics:
   512 000004D4 C3                          ret
   513                                  
   514                                  boot_manager_draw:
   515 000004D5 B813111000                  mov eax, BM_COLOR_BACKGROUND
   516 000004DA 31DB                        xor ebx, ebx
   517 000004DC 31C9                        xor ecx, ecx
   518 000004DE 8B1560500000                mov edx, [BOOT_INFO_ADDRESS + BIB_GRAPHICS_OFFSET + 16]
   519 000004E4 8B3564500000                mov esi, [BOOT_INFO_ADDRESS + BIB_GRAPHICS_OFFSET + 20]
   520 000004EA E8FD010000                  call bm_fill_rectangle
   521                                  
   522 000004EF B8FFC24C00                  mov eax, BM_COLOR_CYAN
   523 000004F4 31DB                        xor ebx, ebx
   524 000004F6 31C9                        xor ecx, ecx
   525 000004F8 8B1560500000                mov edx, [BOOT_INFO_ADDRESS + BIB_GRAPHICS_OFFSET + 16]
   526 000004FE BE06000000                  mov esi, 6
   527 00000503 E8E4010000                  call bm_fill_rectangle
   528                                  
   529 00000508 BE[3C090000]                mov esi, bm_text_brand
   530 0000050D BB40000000                  mov ebx, 64
   531 00000512 B92A000000                  mov ecx, 42
   532 00000517 BAFFC24C00                  mov edx, BM_COLOR_CYAN
   533 0000051C BD02000000                  mov ebp, 2
   534 00000521 E820020000                  call bm_draw_text
   535                                  
   536 00000526 BE[44090000]                mov esi, bm_text_title
   537 0000052B BB40000000                  mov ebx, 64
   538 00000530 B954000000                  mov ecx, 84
   539 00000535 BAFFFFFF00                  mov edx, BM_COLOR_WHITE
   540 0000053A BD03000000                  mov ebp, 3
   541 0000053F E802020000                  call bm_draw_text
   542                                  
   543 00000544 B8201C1A00                  mov eax, BM_COLOR_PANEL
   544 00000549 BB40000000                  mov ebx, 64
   545 0000054E B994000000                  mov ecx, 148
   546 00000553 BAA0020000                  mov edx, 672
   547 00000558 BEFA000000                  mov esi, 250
   548 0000055D E88A010000                  call bm_fill_rectangle
   549 00000562 B8FFC24C00                  mov eax, BM_COLOR_CYAN
   550 00000567 BB40000000                  mov ebx, 64
   551 0000056C B994000000                  mov ecx, 148
   552 00000571 BA05000000                  mov edx, 5
   553 00000576 BEFA000000                  mov esi, 250
   554 0000057B E86C010000                  call bm_fill_rectangle
   555                                  
   556 00000580 BE[51090000]                mov esi, bm_text_os
   557 00000585 BB60000000                  mov ebx, 96
   558 0000058A B9B8000000                  mov ecx, 184
   559 0000058F BAFFFFFF00                  mov edx, BM_COLOR_WHITE
   560 00000594 BD03000000                  mov ebp, 3
   561 00000599 E8A8010000                  call bm_draw_text
   562 0000059E BE[59090000]                mov esi, bm_text_kernel
   563 000005A3 BB62000000                  mov ebx, 98
   564 000005A8 B9E0000000                  mov ecx, 224
   565 000005AD BACFCFCF00                  mov edx, BM_COLOR_SECONDARY
   566 000005B2 BD01000000                  mov ebp, 1
   567 000005B7 E88A010000                  call bm_draw_text
   568 000005BC BE[7A090000]                mov esi, bm_text_verified
   569 000005C1 BB62000000                  mov ebx, 98
   570 000005C6 B904010000                  mov ecx, 260
   571 000005CB BA58D13000                  mov edx, BM_COLOR_SUCCESS
   572 000005D0 BD02000000                  mov ebp, 2
   573 000005D5 E86C010000                  call bm_draw_text
   574 000005DA BE[86090000]                mov esi, bm_text_security
   575 000005DF BB62000000                  mov ebx, 98
   576 000005E4 B930010000                  mov ecx, 304
   577 000005E9 BA47B3FF00                  mov edx, BM_COLOR_WARNING
   578 000005EE BD01000000                  mov ebp, 1
   579 000005F3 E84E010000                  call bm_draw_text
   580                                  
   581 000005F8 BE[A8090000]                mov esi, bm_text_enter
   582 000005FD BB62000000                  mov ebx, 98
   583 00000602 B962010000                  mov ecx, 354
   584 00000607 BAFFC24C00                  mov edx, BM_COLOR_CYAN
   585 0000060C BD01000000                  mov ebp, 1
   586 00000611 E830010000                  call bm_draw_text
   587 00000616 BE[BE090000]                mov esi, bm_text_actions
   588 0000061B BB40000000                  mov ebx, 64
   589 00000620 B9C0010000                  mov ecx, 448
   590 00000625 BACFCFCF00                  mov edx, BM_COLOR_SECONDARY
   591 0000062A BD01000000                  mov ebp, 1
   592 0000062F E812010000                  call bm_draw_text
   593 00000634 C3                          ret
   594                                  
   595                                  boot_manager_draw_diagnostics:
   596 00000635 B813111000                  mov eax, BM_COLOR_BACKGROUND
   597 0000063A BB40000000                  mov ebx, 64
   598 0000063F B9F4010000                  mov ecx, 500
   599 00000644 BAA0020000                  mov edx, 672
   600 00000649 BE18000000                  mov esi, 24
   601 0000064E E899000000                  call bm_fill_rectangle
   602 00000653 BE[E1090000]                mov esi, bm_text_diagnostics
   603 00000658 BB40000000                  mov ebx, 64
   604 0000065D B9F4010000                  mov ecx, 500
   605 00000662 BACFCFCF00                  mov edx, BM_COLOR_SECONDARY
   606 00000667 BD01000000                  mov ebp, 1
   607 0000066C E8D5000000                  call bm_draw_text
   608 00000671 C3                          ret
   609                                  
   610                                  boot_manager_draw_recovery_notice:
   611 00000672 B813111000                  mov eax, BM_COLOR_BACKGROUND
   612 00000677 BB40000000                  mov ebx, 64
   613 0000067C B9F4010000                  mov ecx, 500
   614 00000681 BAA0020000                  mov edx, 672
   615 00000686 BE18000000                  mov esi, 24
   616 0000068B E85C000000                  call bm_fill_rectangle
   617 00000690 BE[120A0000]                mov esi, bm_text_recovery
   618 00000695 BB40000000                  mov ebx, 64
   619 0000069A B9F4010000                  mov ecx, 500
   620 0000069F BA47B3FF00                  mov edx, BM_COLOR_WARNING
   621 000006A4 BD01000000                  mov ebp, 1
   622 000006A9 E898000000                  call bm_draw_text
   623 000006AE C3                          ret
   624                                  
   625                                  boot_manager_draw_starting:
   626 000006AF B8201C1A00                  mov eax, BM_COLOR_PANEL
   627 000006B4 BB40000000                  mov ebx, 64
   628 000006B9 B9C0010000                  mov ecx, 448
   629 000006BE BAA0020000                  mov edx, 672
   630 000006C3 BE4C000000                  mov esi, 76
   631 000006C8 E81F000000                  call bm_fill_rectangle
   632 000006CD BE[480A0000]                mov esi, bm_text_starting
   633 000006D2 BB60000000                  mov ebx, 96
   634 000006D7 B9DA010000                  mov ecx, 474
   635 000006DC BAFFC24C00                  mov edx, BM_COLOR_CYAN
   636 000006E1 BD02000000                  mov ebp, 2
   637 000006E6 E85B000000                  call bm_draw_text
   638 000006EB C3                          ret
   639                                  
   640                                  ; EAX=Farbe, EBX=x, ECX=y, EDX=Breite, ESI=Höhe
   641                                  bm_fill_rectangle:
   642 000006EC 60                          pushad
   643 000006ED A3[0C090000]                mov [bm_rect_color], eax
   644 000006F2 891D[10090000]              mov [bm_rect_x], ebx
   645 000006F8 890D[14090000]              mov [bm_rect_y], ecx
   646 000006FE 8915[18090000]              mov [bm_rect_width], edx
   647 00000704 8935[1C090000]              mov [bm_rect_height], esi
   648 0000070A 31ED                        xor ebp, ebp
   649                                  .row:
   650 0000070C 3B2D[1C090000]              cmp ebp, [bm_rect_height]
   651 00000712 7330                        jae .done
   652 00000714 A1[14090000]                mov eax, [bm_rect_y]
   653 00000719 01E8                        add eax, ebp
   654 0000071B 0FAF055C500000              imul eax, [BOOT_INFO_ADDRESS + BIB_GRAPHICS_OFFSET + 12]
   655 00000722 030558500000                add eax, [BOOT_INFO_ADDRESS + BIB_GRAPHICS_OFFSET + 8]
   656 00000728 89C7                        mov edi, eax
   657 0000072A A1[10090000]                mov eax, [bm_rect_x]
   658 0000072F C1E002                      shl eax, 2
   659 00000732 01C7                        add edi, eax
   660 00000734 A1[0C090000]                mov eax, [bm_rect_color]
   661 00000739 8B0D[18090000]              mov ecx, [bm_rect_width]
   662 0000073F F3AB                        rep stosd
   663 00000741 45                          inc ebp
   664 00000742 EBC8                        jmp .row
   665                                  .done:
   666 00000744 61                          popad
   667 00000745 C3                          ret
   668                                  
   669                                  ; ESI=Text, EBX=x, ECX=y, EDX=Farbe, EBP=Skalierung
   670                                  bm_draw_text:
   671 00000746 8935[20090000]              mov [bm_text_pointer], esi
   672 0000074C 891D[24090000]              mov [bm_text_x], ebx
   673 00000752 890D[28090000]              mov [bm_text_y], ecx
   674 00000758 8915[2C090000]              mov [bm_text_color], edx
   675 0000075E 892D[30090000]              mov [bm_text_scale], ebp
   676                                  .next:
   677 00000764 8B35[20090000]              mov esi, [bm_text_pointer]
   678 0000076A AC                          lodsb
   679 0000076B 8935[20090000]              mov [bm_text_pointer], esi
   680 00000771 84C0                        test al, al
   681 00000773 7427                        jz .done
   682 00000775 3C20                        cmp al, ' '
   683 00000777 741A                        je .space
   684 00000779 E81F000000                  call bm_draw_character
   685                                  .advance:
   686 0000077E 0FB605[34090000]            movzx eax, byte [bm_character_advance]
   687 00000785 0305[30090000]              add eax, [bm_text_scale]
   688 0000078B 0105[24090000]              add [bm_text_x], eax
   689 00000791 EBD1                        jmp .next
   690                                  .space:
   691 00000793 C605[34090000]05            mov byte [bm_character_advance], 5
   692 0000079A EBE2                        jmp .advance
   693                                  .done:
   694 0000079C C3                          ret
   695                                  
   696                                  bm_draw_character:
   697 0000079D 60                          pushad
   698 0000079E 88C3                        mov bl, al
   699 000007A0 BF[920A0000]                mov edi, bm_font_characters
   700 000007A5 31C9                        xor ecx, ecx
   701                                  .find:
   702 000007A7 8A040F                      mov al, [edi + ecx]
   703 000007AA 84C0                        test al, al
   704 000007AC 7478                        jz .done
   705 000007AE 38D8                        cmp al, bl
   706 000007B0 7403                        je .found
   707 000007B2 41                          inc ecx
   708 000007B3 EBF2                        jmp .find
   709                                  .found:
   710 000007B5 8A81[BC0A0000]              mov al, [bm_font_widths + ecx]
   711 000007BB A2[34090000]                mov [bm_character_advance], al
   712 000007C0 6BC946                      imul ecx, BM_FONT_BYTES_PER_GLYPH
   713 000007C3 BE[E50A0000]                mov esi, bm_font_bitmap
   714 000007C8 01CE                        add esi, ecx
   715 000007CA 31ED                        xor ebp, ebp
   716                                  .glyph_row:
   717 000007CC 83FD14                      cmp ebp, BM_FONT_HEIGHT
   718 000007CF 7355                        jae .done
   719 000007D1 31C9                        xor ecx, ecx
   720                                  .glyph_column:
   721 000007D3 83F90E                      cmp ecx, BM_FONT_WIDTH
   722 000007D6 734B                        jae .next_row
   723 000007D8 89E8                        mov eax, ebp
   724 000007DA 6BC00E                      imul eax, BM_FONT_WIDTH
   725 000007DD 01C8                        add eax, ecx
   726 000007DF 89C2                        mov edx, eax
   727 000007E1 C1E802                      shr eax, 2
   728 000007E4 83E203                      and edx, 3
   729 000007E7 8A0406                      mov al, [esi + eax]
   730 000007EA 51                          push ecx
   731 000007EB 88D1                        mov cl, dl
   732 000007ED D0E1                        shl cl, 1
   733 000007EF D2E8                        shr al, cl
   734 000007F1 59                          pop ecx
   735 000007F2 83E003                      and eax, 3
   736 000007F5 7429                        jz .next_column
   737                                  
   738 000007F7 50                          push eax
   739 000007F8 8B3D[28090000]              mov edi, [bm_text_y]
   740 000007FE 01EF                        add edi, ebp
   741 00000800 0FAF3D5C500000              imul edi, [BOOT_INFO_ADDRESS + BIB_GRAPHICS_OFFSET + 12]
   742 00000807 033D58500000                add edi, [BOOT_INFO_ADDRESS + BIB_GRAPHICS_OFFSET + 8]
   743 0000080D 8B15[24090000]              mov edx, [bm_text_x]
   744 00000813 01CA                        add edx, ecx
   745 00000815 C1E202                      shl edx, 2
   746 00000818 01D7                        add edi, edx
   747 0000081A 58                          pop eax
   748 0000081B E808000000                  call bm_blend_pixel
   749                                  .next_column:
   750 00000820 41                          inc ecx
   751 00000821 EBB0                        jmp .glyph_column
   752                                  .next_row:
   753 00000823 45                          inc ebp
   754 00000824 EBA6                        jmp .glyph_row
   755                                  .done:
   756 00000826 61                          popad
   757 00000827 C3                          ret
   758                                  
   759                                  ; EDI=Framebuffer-Pixel, EAX=Deckung 1..3. Mischt die Textfarbe mit
   760                                  ; dem vorhandenen Hintergrund, statt nur harte Ein/Aus-Pixel zu setzen.
   761                                  bm_blend_pixel:
   762 00000828 83F803                      cmp eax, 3
   763 0000082B 0F84C2000000                je .opaque
   764 00000831 53                          push ebx
   765 00000832 51                          push ecx
   766 00000833 52                          push edx
   767 00000834 8B1F                        mov ebx, [edi]
   768 00000836 8B0D[2C090000]              mov ecx, [bm_text_color]
   769 0000083C 83F801                      cmp eax, 1
   770 0000083F 7456                        je .one_third
   771                                      ; Zwei Drittel Vordergrund: (Hintergrund + 2 * Vordergrund) / 3.
   772 00000841 89DA                        mov edx, ebx
   773 00000843 81E2FF00FF00                and edx, 0x00FF00FF
   774 00000849 81E1FF00FF00                and ecx, 0x00FF00FF
   775 0000084F 8D0C4A                      lea ecx, [edx + ecx * 2]
   776 00000852 B8ABAAAAAA                  mov eax, 0xAAAAAAAB
   777 00000857 F7E1                        mul ecx
   778 00000859 D1EA                        shr edx, 1
   779 0000085B 81E2FF00FF00                and edx, 0x00FF00FF
   780 00000861 8915[38090000]              mov [bm_blend_rb], edx
   781 00000867 89D8                        mov eax, ebx
   782 00000869 C1E808                      shr eax, 8
   783 0000086C 25FF000000                  and eax, 0xFF
   784 00000871 8B0D[2C090000]              mov ecx, [bm_text_color]
   785 00000877 C1E908                      shr ecx, 8
   786 0000087A 81E1FF000000                and ecx, 0xFF
   787 00000880 8D0448                      lea eax, [eax + ecx * 2]
   788 00000883 B9ABAAAAAA                  mov ecx, 0xAAAAAAAB
   789 00000888 F7E1                        mul ecx
   790 0000088A D1EA                        shr edx, 1
   791 0000088C C1E208                      shl edx, 8
   792 0000088F 0B15[38090000]              or edx, [bm_blend_rb]
   793 00000895 EB56                        jmp .store
   794                                  .one_third:
   795                                      ; Ein Drittel Vordergrund: (2 * Hintergrund + Vordergrund) / 3.
   796 00000897 89DA                        mov edx, ebx
   797 00000899 81E2FF00FF00                and edx, 0x00FF00FF
   798 0000089F 01D2                        add edx, edx
   799 000008A1 81E1FF00FF00                and ecx, 0x00FF00FF
   800 000008A7 01D1                        add ecx, edx
   801 000008A9 B8ABAAAAAA                  mov eax, 0xAAAAAAAB
   802 000008AE F7E1                        mul ecx
   803 000008B0 D1EA                        shr edx, 1
   804 000008B2 81E2FF00FF00                and edx, 0x00FF00FF
   805 000008B8 8915[38090000]              mov [bm_blend_rb], edx
   806 000008BE 89D8                        mov eax, ebx
   807 000008C0 C1E808                      shr eax, 8
   808 000008C3 25FF000000                  and eax, 0xFF
   809 000008C8 01C0                        add eax, eax
   810 000008CA 8B0D[2C090000]              mov ecx, [bm_text_color]
   811 000008D0 C1E908                      shr ecx, 8
   812 000008D3 81E1FF000000                and ecx, 0xFF
   813 000008D9 01C8                        add eax, ecx
   814 000008DB B9ABAAAAAA                  mov ecx, 0xAAAAAAAB
   815 000008E0 F7E1                        mul ecx
   816 000008E2 D1EA                        shr edx, 1
   817 000008E4 C1E208                      shl edx, 8
   818 000008E7 0B15[38090000]              or edx, [bm_blend_rb]
   819                                  .store:
   820 000008ED 8917                        mov [edi], edx
   821 000008EF 5A                          pop edx
   822 000008F0 59                          pop ecx
   823 000008F1 5B                          pop ebx
   824 000008F2 C3                          ret
   825                                  .opaque:
   826 000008F3 A1[2C090000]                mov eax, [bm_text_color]
   827 000008F8 8907                        mov [edi], eax
   828 000008FA C3                          ret
   829                                  
   830                                  bm_debug_write_string:
   831 000008FB 50                          push eax
   832 000008FC 52                          push edx
   833 000008FD 66BAE900                    mov dx, 0x00E9
   834                                  .next:
   835 00000901 AC                          lodsb
   836 00000902 84C0                        test al, al
   837 00000904 7403                        jz .done
   838 00000906 EE                          out dx, al
   839 00000907 EBF8                        jmp .next
   840                                  .done:
   841 00000909 5A                          pop edx
   842 0000090A 58                          pop eax
   843 0000090B C3                          ret
   844                                  
   845                                  BM_COLOR_BACKGROUND equ 0x00101113
   846                                  BM_COLOR_PANEL      equ 0x001A1C20
   847                                  BM_COLOR_CYAN       equ 0x004CC2FF
   848                                  BM_COLOR_WHITE      equ 0x00FFFFFF
   849                                  BM_COLOR_SECONDARY  equ 0x00CFCFCF
   850                                  BM_COLOR_SUCCESS    equ 0x0030D158
   851                                  BM_COLOR_WARNING    equ 0x00FFB347
   852                                  
   853                                  align 4
   854 0000090C 00000000                bm_rect_color:   dd 0
   855 00000910 00000000                bm_rect_x:       dd 0
   856 00000914 00000000                bm_rect_y:       dd 0
   857 00000918 00000000                bm_rect_width:   dd 0
   858 0000091C 00000000                bm_rect_height:  dd 0
   859 00000920 00000000                bm_text_pointer: dd 0
   860 00000924 00000000                bm_text_x:       dd 0
   861 00000928 00000000                bm_text_y:       dd 0
   862 0000092C 00000000                bm_text_color:   dd 0
   863 00000930 01000000                bm_text_scale:   dd 1
   864 00000934 00                      bm_character_advance: db 0
   865 00000935 90<rep 3h>              align 4
   866 00000938 00000000                bm_blend_rb:     dd 0
   867                                  
   868 0000093C 4E4F5641204F5300        bm_text_brand:       db "NOVA OS",0
   869 00000944 424F4F54204D414E41-     bm_text_title:       db "BOOT MANAGER",0
   869 0000094D 47455200           
   870 00000951 4E4F5641204F5300        bm_text_os:          db "NOVA OS",0
   871 00000959 5354414E444152444B-     bm_text_kernel:      db "STANDARDKERNEL | NKI V1 | X86-32",0
   871 00000962 45524E454C207C204E-
   871 0000096B 4B49205631207C2058-
   871 00000974 38362D333200       
   872 0000097A 535441525442455245-     bm_text_verified:    db "STARTBEREIT",0
   872 00000983 495400             
   873 00000986 534943484552484549-     bm_text_security:    db "SICHERHEIT NOCH NICHT VERIFIZIERT",0
   873 0000098F 54204E4F4348204E49-
   873 00000998 434854205645524946-
   873 000009A1 495A4945525400     
   874 000009A8 454E54455220205359-     bm_text_enter:       db "ENTER  SYSTEM STARTEN",0
   874 000009B1 5354454D2053544152-
   874 000009BA 54454E00           
   875 000009BE 442020444941474E4F-     bm_text_actions:     db "D  DIAGNOSE     R  RECOVERY-STATUS",0
   875 000009C7 534520202020205220-
   875 000009D0 205245434F56455259-
   875 000009D9 2D53544154555300   
   876 000009E1 4352433332204F4B20-     bm_text_diagnostics: db "CRC32 OK | NBHP/BIB 1.0 | MEMORY MAP OK | VBE OK",0
   876 000009EA 7C204E4248502F4249-
   876 000009F3 4220312E30207C204D-
   876 000009FC 454D4F5259204D4150-
   876 00000A05 204F4B207C20564245-
   876 00000A0E 204F4B00           
   877 00000A12 5245434F5645525920-     bm_text_recovery:    db "RECOVERY IST IN DIESEM PROTOTYP NOCH NICHT VERFUEGBAR",0
   877 00000A1B 49535420494E204449-
   877 00000A24 4553454D2050524F54-
   877 00000A2D 4F545950204E4F4348-
   877 00000A36 204E49434854205645-
   877 00000A3F 524655454742415200 
   878 00000A48 4E4F5641204F532057-     bm_text_starting:    db "NOVA OS WIRD GESTARTET",0
   878 00000A51 495244204745535441-
   878 00000A5A 5254455400         
   879 00000A5F 424D3A444941474E4F-     bm_event_diagnostics: db "BM:DIAGNOSTICS",10,0
   879 00000A68 53544943530A00     
   880 00000A6F 424D3A5245434F5645-     bm_event_recovery:    db "BM:RECOVERY-UNAVAILABLE",10,0
   880 00000A78 52592D554E41564149-
   880 00000A81 4C41424C450A00     
   881 00000A88 424D3A53544152540A-     bm_event_start:       db "BM:START",10,0
   881 00000A91 00                 
   882                                  
   883                                  %include "boot-font-aa.inc"
     1                              <1> ; Generated by scripts/generate-boot-font.ps1
     2                              <1> ; Segoe UI, 15 px, 2-bit grayscale coverage, four pixels per byte.
     3                              <1> BM_FONT_WIDTH equ 14
     4                              <1> BM_FONT_HEIGHT equ 20
     5                              <1> BM_FONT_BYTES_PER_GLYPH equ 70
     6 00000A92 414243444546474849- <1> bm_font_characters: db "ABCDEFGHIJKLMNOPQRSTUVWXYZ0123456789-./:|",0
     6 00000A9B 4A4B4C4D4E4F505152- <1>
     6 00000AA4 535455565758595A30- <1>
     6 00000AAD 313233343536373839- <1>
     6 00000AB6 2D2E2F3A7C00        <1>
     7                              <1> bm_font_widths:
     8 00000ABC 0B0A0B0C09090C0C05- <1>     db 11,10,11,12,9,9,12,12,5,7,10,9,14,13,13,10,13,10,9,9,12,11,14,10,10,10,10,10,10,10,10,10,10,10,10,10,7,5,7,5,5
     8 00000AC5 070A090E0D0D0A0D0A- <1>
     8 00000ACE 09090C0B0E0A0A0A0A- <1>
     8 00000AD7 0A0A0A0A0A0A0A0A0A- <1>
     8 00000AE0 0705070505          <1>
     9                              <1> bm_font_bitmap:
    10 00000AE5 000000000000000000- <1>     db 0x00,0x00,0x00,0x00,0x00,0x00,0x00,0x00,0x00,0x00,0x00,0x00,0x00,0x00,0x00,0x00,0x00,0x00,0xB0,0x00,0x00,0x40,0x0E,0x00,0x00,0x98,0x01,0x00,0xC0,0x24,0x00,0x00,0x09,0x03,0x00,0x60,0x60,0x00,0x00,0x03,0x0D,0x00,0xF4,0xFF,0x00,0xC0,0x01,0x28,0x00,0x0D,0x40,0x03,0xA0,0x00,0x70,0x00,0x00,0x00,0x00,0x00,0x00,0x00,0x00,0x00,0x00,0x00,0x00,0x00,0x00,0x00 ; A
    10 00000AEE 000000000000000000- <1>
    10 00000AF7 B00000400E00009801- <1>
    10 00000B00 00C024000009030060- <1>
    10 00000B09 600000030D00F4FF00- <1>
    10 00000B12 C00128000D4003A000- <1>
    10 00000B1B 700000000000000000- <1>
    10 00000B24 00000000000000      <1>
    11 00000B2B 000000000000000000- <1>     db 0x00,0x00,0x00,0x00,0x00,0x00,0x00,0x00,0x00,0x00,0x00,0x00,0x00,0x00,0x00,0x00,0x00,0x80,0xFF,0x01,0x00,0x18,0x34,0x00,0x80,0x01,0x07,0x00,0x18,0x30,0x00,0x80,0x81,0x02,0x00,0xF8,0x1F,0x00,0x80,0x41,0x07,0x00,0x18,0x90,0x00,0x80,0x01,0x09,0x00,0x18,0x74,0x00,0x80,0xFF,0x01,0x00,0x00,0x00,0x00,0x00,0x00,0x00,0x00,0x00,0x00,0x00,0x00,0x00,0x00,0x00 ; B
    11 00000B34 000000000000000080- <1>
    11 00000B3D FF0100183400800107- <1>
    11 00000B46 0018300080810200F8- <1>
    11 00000B4F 1F0080410700189000- <1>
    11 00000B58 8001090018740080FF- <1>
    11 00000B61 010000000000000000- <1>
    11 00000B6A 00000000000000      <1>
    12 00000B71 000000000000000000- <1>     db 0x00,0x00,0x00,0x00,0x00,0x00,0x00,0x00,0x00,0x00,0x00,0x00,0x00,0x00,0x00,0x00,0x00,0x00,0xE4,0x1B,0x00,0xA0,0x41,0x01,0x40,0x03,0x00,0x00,0x1C,0x00,0x00,0xD0,0x00,0x00,0x00,0x0D,0x00,0x00,0xD0,0x00,0x00,0x00,0x1C,0x00,0x00,0x80,0x02,0x00,0x00,0xB0,0x40,0x01,0x00,0xF8,0x0B,0x00,0x00,0x00,0x00,0x00,0x00,0x00,0x00,0x00,0x00,0x00,0x00,0x00,0x00,0x00 ; C
    12 00000B7A 000000000000000000- <1>
    12 00000B83 E41B00A04101400300- <1>
    12 00000B8C 001C0000D00000000D- <1>
    12 00000B95 0000D00000001C0000- <1>
    12 00000B9E 80020000B0400100F8- <1>
    12 00000BA7 0B0000000000000000- <1>
    12 00000BB0 00000000000000      <1>
    13 00000BB7 000000000000000000- <1>     db 0x00,0x00,0x00,0x00,0x00,0x00,0x00,0x00,0x00,0x00,0x00,0x00,0x00,0x00,0x00,0x00,0x00,0x80,0xFF,0x06,0x00,0x18,0xD0,0x02,0x80,0x01,0x70,0x00,0x18,0x00,0x0A,0x80,0x01,0x90,0x00,0x18,0x00,0x09,0x80,0x01,0x90,0x00,0x18,0x00,0x06,0x80,0x01,0x34,0x00,0x18,0xD0,0x00,0x80,0xFF,0x02,0x00,0x00,0x00,0x00,0x00,0x00,0x00,0x00,0x00,0x00,0x00,0x00,0x00,0x00,0x00 ; D
    13 00000BC0 000000000000000080- <1>
    13 00000BC9 FF060018D002800170- <1>
    13 00000BD2 0018000A8001900018- <1>
    13 00000BDB 000980019000180006- <1>
    13 00000BE4 8001340018D00080FF- <1>
    13 00000BED 020000000000000000- <1>
    13 00000BF6 00000000000000      <1>
    14 00000BFD 000000000000000000- <1>     db 0x00,0x00,0x00,0x00,0x00,0x00,0x00,0x00,0x00,0x00,0x00,0x00,0x00,0x00,0x00,0x00,0x00,0x80,0xFF,0x02,0x00,0x18,0x00,0x00,0x80,0x01,0x00,0x00,0x18,0x00,0x00,0x80,0x01,0x00,0x00,0xF8,0x1F,0x00,0x80,0x01,0x00,0x00,0x18,0x00,0x00,0x80,0x01,0x00,0x00,0x18,0x00,0x00,0x80,0xFF,0x03,0x00,0x00,0x00,0x00,0x00,0x00,0x00,0x00,0x00,0x00,0x00,0x00,0x00,0x00,0x00 ; E
    14 00000C06 000000000000000080- <1>
    14 00000C0F FF0200180000800100- <1>
    14 00000C18 0018000080010000F8- <1>
    14 00000C21 1F0080010000180000- <1>
    14 00000C2A 8001000018000080FF- <1>
    14 00000C33 030000000000000000- <1>
    14 00000C3C 00000000000000      <1>
    15 00000C43 000000000000000000- <1>     db 0x00,0x00,0x00,0x00,0x00,0x00,0x00,0x00,0x00,0x00,0x00,0x00,0x00,0x00,0x00,0x00,0x00,0x80,0xFF,0x02,0x00,0x18,0x00,0x00,0x80,0x01,0x00,0x00,0x18,0x00,0x00,0x80,0x01,0x00,0x00,0xF8,0x1F,0x00,0x80,0x01,0x00,0x00,0x18,0x00,0x00,0x80,0x01,0x00,0x00,0x18,0x00,0x00,0x80,0x01,0x00,0x00,0x00,0x00,0x00,0x00,0x00,0x00,0x00,0x00,0x00,0x00,0x00,0x00,0x00,0x00 ; F
    15 00000C4C 000000000000000080- <1>
    15 00000C55 FF0200180000800100- <1>
    15 00000C5E 0018000080010000F8- <1>
    15 00000C67 1F0080010000180000- <1>
    15 00000C70 800100001800008001- <1>
    15 00000C79 000000000000000000- <1>
    15 00000C82 00000000000000      <1>
    16 00000C89 000000000000000000- <1>     db 0x00,0x00,0x00,0x00,0x00,0x00,0x00,0x00,0x00,0x00,0x00,0x00,0x00,0x00,0x00,0x00,0x00,0x00,0xE4,0x2F,0x00,0xA0,0x01,0x02,0x40,0x03,0x00,0x00,0x1C,0x00,0x00,0xD0,0x00,0x00,0x00,0x0D,0xF4,0x07,0xD0,0x00,0x70,0x00,0x1C,0x00,0x07,0x80,0x02,0x70,0x00,0xA0,0x40,0x07,0x00,0xF4,0x1B,0x00,0x00,0x00,0x00,0x00,0x00,0x00,0x00,0x00,0x00,0x00,0x00,0x00,0x00,0x00 ; G
    16 00000C92 000000000000000000- <1>
    16 00000C9B E42F00A00102400300- <1>
    16 00000CA4 001C0000D00000000D- <1>
    16 00000CAD F407D00070001C0007- <1>
    16 00000CB6 80027000A0400700F4- <1>
    16 00000CBF 1B0000000000000000- <1>
    16 00000CC8 00000000000000      <1>
    17 00000CCF 000000000000000000- <1>     db 0x00,0x00,0x00,0x00,0x00,0x00,0x00,0x00,0x00,0x00,0x00,0x00,0x00,0x00,0x00,0x00,0x00,0x80,0x01,0x70,0x00,0x18,0x00,0x07,0x80,0x01,0x70,0x00,0x18,0x00,0x07,0x80,0x01,0x70,0x00,0xF8,0xFF,0x07,0x80,0x01,0x70,0x00,0x18,0x00,0x07,0x80,0x01,0x70,0x00,0x18,0x00,0x07,0x80,0x01,0x70,0x00,0x00,0x00,0x00,0x00,0x00,0x00,0x00,0x00,0x00,0x00,0x00,0x00,0x00,0x00 ; H
    17 00000CD8 000000000000000080- <1>
    17 00000CE1 017000180007800170- <1>
    17 00000CEA 0018000780017000F8- <1>
    17 00000CF3 FF0780017000180007- <1>
    17 00000CFC 800170001800078001- <1>
    17 00000D05 700000000000000000- <1>
    17 00000D0E 00000000000000      <1>
    18 00000D15 000000000000000000- <1>     db 0x00,0x00,0x00,0x00,0x00,0x00,0x00,0x00,0x00,0x00,0x00,0x00,0x00,0x00,0x00,0x00,0x00,0x80,0x01,0x00,0x00,0x18,0x00,0x00,0x80,0x01,0x00,0x00,0x18,0x00,0x00,0x80,0x01,0x00,0x00,0x18,0x00,0x00,0x80,0x01,0x00,0x00,0x18,0x00,0x00,0x80,0x01,0x00,0x00,0x18,0x00,0x00,0x80,0x01,0x00,0x00,0x00,0x00,0x00,0x00,0x00,0x00,0x00,0x00,0x00,0x00,0x00,0x00,0x00,0x00 ; I
    18 00000D1E 000000000000000080- <1>
    18 00000D27 010000180000800100- <1>
    18 00000D30 001800008001000018- <1>
    18 00000D39 000080010000180000- <1>
    18 00000D42 800100001800008001- <1>
    18 00000D4B 000000000000000000- <1>
    18 00000D54 00000000000000      <1>
    19 00000D5B 000000000000000000- <1>     db 0x00,0x00,0x00,0x00,0x00,0x00,0x00,0x00,0x00,0x00,0x00,0x00,0x00,0x00,0x00,0x00,0x00,0x00,0x0D,0x00,0x00,0xD0,0x00,0x00,0x00,0x0D,0x00,0x00,0xD0,0x00,0x00,0x00,0x0D,0x00,0x00,0xD0,0x00,0x00,0x00,0x0D,0x00,0x00,0xD0,0x00,0x00,0x00,0x0D,0x00,0x00,0x60,0x00,0x00,0xE0,0x02,0x00,0x00,0x00,0x00,0x00,0x00,0x00,0x00,0x00,0x00,0x00,0x00,0x00,0x00,0x00,0x00 ; J
    19 00000D64 000000000000000000- <1>
    19 00000D6D 0D0000D00000000D00- <1>
    19 00000D76 00D00000000D0000D0- <1>
    19 00000D7F 0000000D0000D00000- <1>
    19 00000D88 000D0000600000E002- <1>
    19 00000D91 000000000000000000- <1>
    19 00000D9A 00000000000000      <1>
    20 00000DA1 000000000000000000- <1>     db 0x00,0x00,0x00,0x00,0x00,0x00,0x00,0x00,0x00,0x00,0x00,0x00,0x00,0x00,0x00,0x00,0x00,0x80,0x01,0x0D,0x00,0x18,0x34,0x00,0x80,0xC1,0x01,0x00,0x18,0x07,0x00,0x80,0x19,0x00,0x00,0xE8,0x00,0x00,0x80,0x29,0x00,0x00,0x18,0x0A,0x00,0x80,0xC1,0x02,0x00,0x18,0x74,0x00,0x80,0x01,0x1D,0x00,0x00,0x00,0x00,0x00,0x00,0x00,0x00,0x00,0x00,0x00,0x00,0x00,0x00,0x00 ; K
    20 00000DAA 000000000000000080- <1>
    20 00000DB3 010D0018340080C101- <1>
    20 00000DBC 0018070080190000E8- <1>
    20 00000DC5 000080290000180A00- <1>
    20 00000DCE 80C102001874008001- <1>
    20 00000DD7 1D0000000000000000- <1>
    20 00000DE0 00000000000000      <1>
    21 00000DE7 000000000000000000- <1>     db 0x00,0x00,0x00,0x00,0x00,0x00,0x00,0x00,0x00,0x00,0x00,0x00,0x00,0x00,0x00,0x00,0x00,0x80,0x01,0x00,0x00,0x18,0x00,0x00,0x80,0x01,0x00,0x00,0x18,0x00,0x00,0x80,0x01,0x00,0x00,0x18,0x00,0x00,0x80,0x01,0x00,0x00,0x18,0x00,0x00,0x80,0x01,0x00,0x00,0x18,0x00,0x00,0x80,0xFF,0x02,0x00,0x00,0x00,0x00,0x00,0x00,0x00,0x00,0x00,0x00,0x00,0x00,0x00,0x00,0x00 ; L
    21 00000DF0 000000000000000080- <1>
    21 00000DF9 010000180000800100- <1>
    21 00000E02 001800008001000018- <1>
    21 00000E0B 000080010000180000- <1>
    21 00000E14 8001000018000080FF- <1>
    21 00000E1D 020000000000000000- <1>
    21 00000E26 00000000000000      <1>
    22 00000E2D 000000000000000000- <1>     db 0x00,0x00,0x00,0x00,0x00,0x00,0x00,0x00,0x00,0x00,0x00,0x00,0x00,0x00,0x00,0x00,0x00,0x80,0x03,0x00,0x0E,0xB8,0x00,0xF0,0x80,0x0E,0x40,0x0E,0x98,0x01,0xDC,0x80,0x35,0x90,0x0D,0x18,0x07,0xD6,0x80,0x91,0x34,0x0D,0x18,0x8C,0xD1,0x80,0x81,0x0E,0x0D,0x18,0xB0,0xD0,0x80,0x01,0x06,0x0D,0x00,0x00,0x00,0x00,0x00,0x00,0x00,0x00,0x00,0x00,0x00,0x00,0x00,0x00 ; M
    22 00000E36 000000000000000080- <1>
    22 00000E3F 03000EB800F0800E40- <1>
    22 00000E48 0E9801DC8035900D18- <1>
    22 00000E51 07D68091340D188CD1- <1>
    22 00000E5A 80810E0D18B0D08001- <1>
    22 00000E63 060D00000000000000- <1>
    22 00000E6C 00000000000000      <1>
    23 00000E73 000000000000000000- <1>     db 0x00,0x00,0x00,0x00,0x00,0x00,0x00,0x00,0x00,0x00,0x00,0x00,0x00,0x00,0x00,0x00,0x00,0x80,0x07,0x90,0x00,0xF8,0x00,0x09,0x80,0x1D,0x90,0x00,0x58,0x03,0x09,0x80,0xA1,0x90,0x00,0x18,0x1C,0x09,0x80,0x41,0x93,0x00,0x18,0x60,0x09,0x80,0x01,0x9D,0x00,0x18,0x40,0x0B,0x80,0x01,0xB0,0x00,0x00,0x00,0x00,0x00,0x00,0x00,0x00,0x00,0x00,0x00,0x00,0x00,0x00,0x00 ; N
    23 00000E7C 000000000000000080- <1>
    23 00000E85 079000F80009801D90- <1>
    23 00000E8E 0058030980A1900018- <1>
    23 00000E97 1C0980419300186009- <1>
    23 00000EA0 80019D0018400B8001- <1>
    23 00000EA9 B00000000000000000- <1>
    23 00000EB2 00000000000000      <1>
    24 00000EB9 000000000000000000- <1>     db 0x00,0x00,0x00,0x00,0x00,0x00,0x00,0x00,0x00,0x00,0x00,0x00,0x00,0x00,0x00,0x00,0x00,0x00,0xF4,0x0B,0x00,0xA0,0x40,0x07,0x80,0x02,0xD0,0x00,0x1C,0x00,0x1C,0xD0,0x00,0x80,0x01,0x0D,0x00,0x18,0xD0,0x00,0x80,0x01,0x1C,0x00,0x1C,0x80,0x02,0xD0,0x00,0xA0,0x40,0x03,0x00,0xF8,0x0B,0x00,0x00,0x00,0x00,0x00,0x00,0x00,0x00,0x00,0x00,0x00,0x00,0x00,0x00,0x00 ; O
    24 00000EC2 000000000000000000- <1>
    24 00000ECB F40B00A040078002D0- <1>
    24 00000ED4 001C001CD00080010D- <1>
    24 00000EDD 0018D00080011C001C- <1>
    24 00000EE6 8002D000A0400300F8- <1>
    24 00000EEF 0B0000000000000000- <1>
    24 00000EF8 00000000000000      <1>
    25 00000EFF 000000000000000000- <1>     db 0x00,0x00,0x00,0x00,0x00,0x00,0x00,0x00,0x00,0x00,0x00,0x00,0x00,0x00,0x00,0x00,0x00,0x80,0xFF,0x01,0x00,0x18,0x74,0x00,0x80,0x01,0x09,0x00,0x18,0x90,0x00,0x80,0x01,0x0A,0x00,0x18,0x34,0x00,0x80,0xBF,0x01,0x00,0x18,0x00,0x00,0x80,0x01,0x00,0x00,0x18,0x00,0x00,0x80,0x01,0x00,0x00,0x00,0x00,0x00,0x00,0x00,0x00,0x00,0x00,0x00,0x00,0x00,0x00,0x00,0x00 ; P
    25 00000F08 000000000000000080- <1>
    25 00000F11 FF0100187400800109- <1>
    25 00000F1A 0018900080010A0018- <1>
    25 00000F23 340080BF0100180000- <1>
    25 00000F2C 800100001800008001- <1>
    25 00000F35 000000000000000000- <1>
    25 00000F3E 00000000000000      <1>
    26 00000F45 000000000000000000- <1>     db 0x00,0x00,0x00,0x00,0x00,0x00,0x00,0x00,0x00,0x00,0x00,0x00,0x00,0x00,0x00,0x00,0x00,0x00,0xF4,0x0B,0x00,0xA0,0x40,0x07,0x80,0x02,0xD0,0x00,0x1C,0x00,0x1C,0xD0,0x00,0x80,0x01,0x0D,0x00,0x18,0xD0,0x00,0x80,0x01,0x1C,0x00,0x1C,0x80,0x02,0xD0,0x00,0xA0,0x40,0x03,0x00,0xF8,0x7F,0x00,0x00,0x00,0x2D,0x00,0x00,0x00,0x00,0x00,0x00,0x00,0x00,0x00,0x00,0x00 ; Q
    26 00000F4E 000000000000000000- <1>
    26 00000F57 F40B00A040078002D0- <1>
    26 00000F60 001C001CD00080010D- <1>
    26 00000F69 0018D00080011C001C- <1>
    26 00000F72 8002D000A0400300F8- <1>
    26 00000F7B 7F0000002D00000000- <1>
    26 00000F84 00000000000000      <1>
    27 00000F8B 000000000000000000- <1>     db 0x00,0x00,0x00,0x00,0x00,0x00,0x00,0x00,0x00,0x00,0x00,0x00,0x00,0x00,0x00,0x00,0x00,0x80,0xFF,0x01,0x00,0x18,0x74,0x00,0x80,0x01,0x09,0x00,0x18,0xA0,0x00,0x80,0x41,0x03,0x00,0xF8,0x0B,0x00,0x80,0xD1,0x01,0x00,0x18,0x34,0x00,0x80,0x01,0x07,0x00,0x18,0xD0,0x00,0x80,0x01,0x28,0x00,0x00,0x00,0x00,0x00,0x00,0x00,0x00,0x00,0x00,0x00,0x00,0x00,0x00,0x00 ; R
    27 00000F94 000000000000000080- <1>
    27 00000F9D FF0100187400800109- <1>
    27 00000FA6 0018A00080410300F8- <1>
    27 00000FAF 0B0080D10100183400- <1>
    27 00000FB8 8001070018D0008001- <1>
    27 00000FC1 280000000000000000- <1>
    27 00000FCA 00000000000000      <1>
    28 00000FD1 000000000000000000- <1>     db 0x00,0x00,0x00,0x00,0x00,0x00,0x00,0x00,0x00,0x00,0x00,0x00,0x00,0x00,0x00,0x00,0x00,0x00,0xFD,0x02,0x00,0x28,0x20,0x00,0xC0,0x01,0x00,0x00,0x1C,0x00,0x00,0x40,0x07,0x00,0x00,0xD0,0x07,0x00,0x00,0xD0,0x02,0x00,0x00,0x30,0x00,0x00,0x00,0x07,0x00,0x09,0x38,0x00,0x80,0xBF,0x00,0x00,0x00,0x00,0x00,0x00,0x00,0x00,0x00,0x00,0x00,0x00,0x00,0x00,0x00,0x00 ; S
    28 00000FDA 000000000000000000- <1>
    28 00000FE3 FD0200282000C00100- <1>
    28 00000FEC 001C000040070000D0- <1>
    28 00000FF5 070000D00200003000- <1>
    28 00000FFE 0000070009380080BF- <1>
    28 00001007 000000000000000000- <1>
    28 00001010 00000000000000      <1>
    29 00001017 000000000000000000- <1>     db 0x00,0x00,0x00,0x00,0x00,0x00,0x00,0x00,0x00,0x00,0x00,0x00,0x00,0x00,0x00,0x00,0x00,0xE0,0xFF,0x07,0x00,0x80,0x01,0x00,0x00,0x18,0x00,0x00,0x80,0x01,0x00,0x00,0x18,0x00,0x00,0x80,0x01,0x00,0x00,0x18,0x00,0x00,0x80,0x01,0x00,0x00,0x18,0x00,0x00,0x80,0x01,0x00,0x00,0x18,0x00,0x00,0x00,0x00,0x00,0x00,0x00,0x00,0x00,0x00,0x00,0x00,0x00,0x00,0x00,0x00 ; T
    29 00001020 0000000000000000E0- <1>
    29 00001029 FF0700800100001800- <1>
    29 00001032 008001000018000080- <1>
    29 0000103B 010000180000800100- <1>
    29 00001044 001800008001000018- <1>
    29 0000104D 000000000000000000- <1>
    29 00001056 00000000000000      <1>
    30 0000105D 000000000000000000- <1>     db 0x00,0x00,0x00,0x00,0x00,0x00,0x00,0x00,0x00,0x00,0x00,0x00,0x00,0x00,0x00,0x00,0x00,0x80,0x01,0x34,0x00,0x18,0x40,0x03,0x80,0x01,0x34,0x00,0x18,0x40,0x03,0x80,0x01,0x34,0x00,0x18,0x40,0x03,0x80,0x01,0x34,0x00,0x18,0x40,0x03,0x40,0x02,0x34,0x00,0x70,0xD0,0x01,0x00,0xF8,0x06,0x00,0x00,0x00,0x00,0x00,0x00,0x00,0x00,0x00,0x00,0x00,0x00,0x00,0x00,0x00 ; U
    30 00001066 000000000000000080- <1>
    30 0000106F 013400184003800134- <1>
    30 00001078 001840038001340018- <1>
    30 00001081 400380013400184003- <1>
    30 0000108A 4002340070D00100F8- <1>
    30 00001093 060000000000000000- <1>
    30 0000109C 00000000000000      <1>
    31 000010A3 000000000000000000- <1>     db 0x00,0x00,0x00,0x00,0x00,0x00,0x00,0x00,0x00,0x00,0x00,0x00,0x00,0x00,0x00,0x00,0x00,0xA0,0x00,0x34,0x00,0x0D,0x80,0x02,0xC0,0x01,0x1C,0x00,0x28,0xD0,0x00,0x40,0x03,0x0A,0x00,0x70,0x30,0x00,0x00,0x4A,0x03,0x00,0xD0,0x18,0x00,0x00,0xDC,0x00,0x00,0x80,0x0A,0x00,0x00,0x70,0x00,0x00,0x00,0x00,0x00,0x00,0x00,0x00,0x00,0x00,0x00,0x00,0x00,0x00,0x00,0x00 ; V
    31 000010AC 0000000000000000A0- <1>
    31 000010B5 0034000D8002C0011C- <1>
    31 000010BE 0028D00040030A0070- <1>
    31 000010C7 3000004A0300D01800- <1>
    31 000010D0 00DC0000800A000070- <1>
    31 000010D9 000000000000000000- <1>
    31 000010E2 00000000000000      <1>
    32 000010E9 000000000000000000- <1>     db 0x00,0x00,0x00,0x00,0x00,0x00,0x00,0x00,0x00,0x00,0x00,0x00,0x00,0x00,0x00,0x00,0x00,0xA0,0x00,0x0A,0xA0,0x0D,0xF0,0x00,0xC7,0x00,0x1B,0x30,0x18,0xA4,0x42,0x43,0x82,0x35,0x28,0x34,0x0C,0xC3,0x01,0xD7,0x60,0x0C,0x60,0x09,0x99,0x00,0x69,0xD0,0x06,0xC0,0x03,0x7C,0x00,0x2C,0x80,0x03,0x00,0x00,0x00,0x00,0x00,0x00,0x00,0x00,0x00,0x00,0x00,0x00,0x00,0x00 ; W
    32 000010F2 0000000000000000A0- <1>
    32 000010FB 000AA00DF000C7001B- <1>
    32 00001104 3018A4424382352834- <1>
    32 0000110D 0CC301D7600C600999- <1>
    32 00001116 0069D006C0037C002C- <1>
    32 0000111F 800300000000000000- <1>
    32 00001128 00000000000000      <1>
    33 0000112F 000000000000000000- <1>     db 0x00,0x00,0x00,0x00,0x00,0x00,0x00,0x00,0x00,0x00,0x00,0x00,0x00,0x00,0x00,0x00,0x00,0xD0,0x01,0x1C,0x00,0x38,0xA0,0x00,0x00,0x47,0x03,0x00,0xD0,0x18,0x00,0x00,0xE8,0x00,0x00,0x40,0x07,0x00,0x00,0xEC,0x00,0x00,0x90,0x1C,0x00,0x40,0x43,0x03,0x00,0x28,0xA0,0x00,0xD0,0x00,0x1C,0x00,0x00,0x00,0x00,0x00,0x00,0x00,0x00,0x00,0x00,0x00,0x00,0x00,0x00,0x00 ; X
    33 00001138 0000000000000000D0- <1>
    33 00001141 011C0038A000004703- <1>
    33 0000114A 00D0180000E8000040- <1>
    33 00001153 070000EC0000901C00- <1>
    33 0000115C 4043030028A000D000- <1>
    33 00001165 1C0000000000000000- <1>
    33 0000116E 00000000000000      <1>
    34 00001175 000000000000000000- <1>     db 0x00,0x00,0x00,0x00,0x00,0x00,0x00,0x00,0x00,0x00,0x00,0x00,0x00,0x00,0x00,0x00,0x00,0xA0,0x00,0x0D,0x00,0x1C,0x60,0x00,0x80,0x42,0x03,0x00,0x30,0x18,0x00,0x00,0xC6,0x00,0x00,0xC0,0x06,0x00,0x00,0x38,0x00,0x00,0x40,0x02,0x00,0x00,0x24,0x00,0x00,0x40,0x02,0x00,0x00,0x24,0x00,0x00,0x00,0x00,0x00,0x00,0x00,0x00,0x00,0x00,0x00,0x00,0x00,0x00,0x00,0x00 ; Y
    34 0000117E 0000000000000000A0- <1>
    34 00001187 000D001C6000804203- <1>
    34 00001190 0030180000C60000C0- <1>
    34 00001199 060000380000400200- <1>
    34 000011A2 002400004002000024- <1>
    34 000011AB 000000000000000000- <1>
    34 000011B4 00000000000000      <1>
    35 000011BB 000000000000000000- <1>     db 0x00,0x00,0x00,0x00,0x00,0x00,0x00,0x00,0x00,0x00,0x00,0x00,0x00,0x00,0x00,0x00,0x00,0xD0,0xFF,0x0F,0x00,0x00,0x70,0x00,0x00,0x40,0x02,0x00,0x00,0x1D,0x00,0x00,0x60,0x00,0x00,0x40,0x03,0x00,0x00,0x1C,0x00,0x00,0xA0,0x00,0x00,0x40,0x03,0x00,0x00,0x1C,0x00,0x00,0xE0,0xFF,0x1F,0x00,0x00,0x00,0x00,0x00,0x00,0x00,0x00,0x00,0x00,0x00,0x00,0x00,0x00,0x00 ; Z
    35 000011C4 0000000000000000D0- <1>
    35 000011CD FF0F00007000004002- <1>
    35 000011D6 00001D000060000040- <1>
    35 000011DF 0300001C0000A00000- <1>
    35 000011E8 400300001C0000E0FF- <1>
    35 000011F1 1F0000000000000000- <1>
    35 000011FA 00000000000000      <1>
    36 00001201 000000000000000000- <1>     db 0x00,0x00,0x00,0x00,0x00,0x00,0x00,0x00,0x00,0x00,0x00,0x00,0x00,0x00,0x00,0x00,0x00,0x00,0xBD,0x00,0x00,0x24,0x28,0x00,0xC0,0x01,0x03,0x00,0x0C,0x70,0x00,0xD0,0x00,0x06,0x00,0x0D,0x60,0x00,0xD0,0x00,0x06,0x00,0x0D,0x70,0x00,0xC0,0x01,0x03,0x00,0x24,0x18,0x00,0x00,0x7D,0x00,0x00,0x00,0x00,0x00,0x00,0x00,0x00,0x00,0x00,0x00,0x00,0x00,0x00,0x00,0x00 ; 0
    36 0000120A 000000000000000000- <1>
    36 00001213 BD0000242800C00103- <1>
    36 0000121C 000C7000D00006000D- <1>
    36 00001225 6000D00006000D7000- <1>
    36 0000122E C0010300241800007D- <1>
    36 00001237 000000000000000000- <1>
    36 00001240 00000000000000      <1>
    37 00001247 000000000000000000- <1>     db 0x00,0x00,0x00,0x00,0x00,0x00,0x00,0x00,0x00,0x00,0x00,0x00,0x00,0x00,0x00,0x00,0x00,0x00,0x60,0x00,0x00,0xD0,0x07,0x00,0x40,0x76,0x00,0x00,0x00,0x07,0x00,0x00,0x70,0x00,0x00,0x00,0x07,0x00,0x00,0x70,0x00,0x00,0x00,0x07,0x00,0x00,0x70,0x00,0x00,0x00,0x07,0x00,0x00,0x70,0x00,0x00,0x00,0x00,0x00,0x00,0x00,0x00,0x00,0x00,0x00,0x00,0x00,0x00,0x00,0x00 ; 1
    37 00001250 000000000000000000- <1>
    37 00001259 600000D00700407600- <1>
    37 00001262 000007000070000000- <1>
    37 0000126B 070000700000000700- <1>
    37 00001274 007000000007000070- <1>
    37 0000127D 000000000000000000- <1>
    37 00001286 00000000000000      <1>
    38 0000128D 000000000000000000- <1>     db 0x00,0x00,0x00,0x00,0x00,0x00,0x00,0x00,0x00,0x00,0x00,0x00,0x00,0x00,0x00,0x00,0x00,0x40,0xBE,0x00,0x00,0x14,0x28,0x00,0x00,0x40,0x03,0x00,0x00,0x34,0x00,0x00,0x80,0x02,0x00,0x00,0x0D,0x00,0x00,0x38,0x00,0x00,0xA0,0x00,0x00,0x80,0x02,0x00,0x00,0x0C,0x00,0x00,0xD0,0xFF,0x07,0x00,0x00,0x00,0x00,0x00,0x00,0x00,0x00,0x00,0x00,0x00,0x00,0x00,0x00,0x00 ; 2
    38 00001296 000000000000000040- <1>
    38 0000129F BE0000142800004003- <1>
    38 000012A8 000034000080020000- <1>
    38 000012B1 0D0000380000A00000- <1>
    38 000012BA 800200000C0000D0FF- <1>
    38 000012C3 070000000000000000- <1>
    38 000012CC 00000000000000      <1>
    39 000012D3 000000000000000000- <1>     db 0x00,0x00,0x00,0x00,0x00,0x00,0x00,0x00,0x00,0x00,0x00,0x00,0x00,0x00,0x00,0x00,0x00,0x40,0x7E,0x00,0x00,0x14,0x1D,0x00,0x00,0x40,0x02,0x00,0x00,0x18,0x00,0x00,0xD0,0x00,0x00,0xF0,0x07,0x00,0x00,0x90,0x01,0x00,0x00,0x34,0x00,0x00,0x40,0x03,0x00,0x04,0x18,0x00,0x80,0x7F,0x00,0x00,0x00,0x00,0x00,0x00,0x00,0x00,0x00,0x00,0x00,0x00,0x00,0x00,0x00,0x00 ; 3
    39 000012DC 000000000000000040- <1>
    39 000012E5 7E0000141D00004002- <1>
    39 000012EE 0000180000D00000F0- <1>
    39 000012F7 070000900100003400- <1>
    39 00001300 00400300041800807F- <1>
    39 00001309 000000000000000000- <1>
    39 00001312 00000000000000      <1>
    40 00001319 000000000000000000- <1>     db 0x00,0x00,0x00,0x00,0x00,0x00,0x00,0x00,0x00,0x00,0x00,0x00,0x00,0x00,0x00,0x00,0x00,0x00,0xD0,0x01,0x00,0x00,0x1E,0x00,0x00,0xE4,0x01,0x00,0xC0,0x1C,0x00,0x00,0xC6,0x01,0x00,0x28,0x1C,0x00,0x90,0xC0,0x01,0x00,0xFF,0xBF,0x00,0x00,0xC0,0x01,0x00,0x00,0x1C,0x00,0x00,0xC0,0x01,0x00,0x00,0x00,0x00,0x00,0x00,0x00,0x00,0x00,0x00,0x00,0x00,0x00,0x00,0x00 ; 4
    40 00001322 000000000000000000- <1>
    40 0000132B D00100001E0000E401- <1>
    40 00001334 00C01C0000C6010028- <1>
    40 0000133D 1C0090C00100FFBF00- <1>
    40 00001346 00C00100001C0000C0- <1>
    40 0000134F 010000000000000000- <1>
    40 00001358 00000000000000      <1>
    41 0000135F 000000000000000000- <1>     db 0x00,0x00,0x00,0x00,0x00,0x00,0x00,0x00,0x00,0x00,0x00,0x00,0x00,0x00,0x00,0x00,0x00,0x40,0xFF,0x02,0x00,0x24,0x00,0x00,0x40,0x02,0x00,0x00,0x14,0x00,0x00,0x40,0x7F,0x00,0x00,0x00,0x29,0x00,0x00,0x40,0x03,0x00,0x00,0x34,0x00,0x00,0x40,0x03,0x00,0x04,0x1D,0x00,0x40,0x7F,0x00,0x00,0x00,0x00,0x00,0x00,0x00,0x00,0x00,0x00,0x00,0x00,0x00,0x00,0x00,0x00 ; 5
    41 00001368 000000000000000040- <1>
    41 00001371 FF0200240000400200- <1>
    41 0000137A 00140000407F000000- <1>
    41 00001383 290000400300003400- <1>
    41 0000138C 00400300041D00407F- <1>
    41 00001395 000000000000000000- <1>
    41 0000139E 00000000000000      <1>
    42 000013A5 000000000000000000- <1>     db 0x00,0x00,0x00,0x00,0x00,0x00,0x00,0x00,0x00,0x00,0x00,0x00,0x00,0x00,0x00,0x00,0x00,0x00,0xF8,0x03,0x00,0xA0,0x00,0x00,0x40,0x02,0x00,0x00,0x1C,0x00,0x00,0xC0,0xFD,0x01,0x00,0x2D,0x34,0x00,0xD0,0x01,0x06,0x00,0x1C,0x60,0x00,0xC0,0x01,0x06,0x00,0x34,0x34,0x00,0x00,0xBD,0x00,0x00,0x00,0x00,0x00,0x00,0x00,0x00,0x00,0x00,0x00,0x00,0x00,0x00,0x00,0x00 ; 6
    42 000013AE 000000000000000000- <1>
    42 000013B7 F80300A00000400200- <1>
    42 000013C0 001C0000C0FD01002D- <1>
    42 000013C9 3400D00106001C6000- <1>
    42 000013D2 C001060034340000BD- <1>
    42 000013DB 000000000000000000- <1>
    42 000013E4 00000000000000      <1>
    43 000013EB 000000000000000000- <1>     db 0x00,0x00,0x00,0x00,0x00,0x00,0x00,0x00,0x00,0x00,0x00,0x00,0x00,0x00,0x00,0x00,0x00,0xD0,0xFF,0x07,0x00,0x00,0x34,0x00,0x00,0x80,0x01,0x00,0x00,0x0D,0x00,0x00,0x60,0x00,0x00,0x00,0x03,0x00,0x00,0x24,0x00,0x00,0xC0,0x01,0x00,0x00,0x0C,0x00,0x00,0x90,0x00,0x00,0x00,0x06,0x00,0x00,0x00,0x00,0x00,0x00,0x00,0x00,0x00,0x00,0x00,0x00,0x00,0x00,0x00,0x00 ; 7
    43 000013F4 0000000000000000D0- <1>
    43 000013FD FF0700003400008001- <1>
    43 00001406 00000D000060000000- <1>
    43 0000140F 030000240000C00100- <1>
    43 00001418 000C00009000000006- <1>
    43 00001421 000000000000000000- <1>
    43 0000142A 00000000000000      <1>
    44 00001431 000000000000000000- <1>     db 0x00,0x00,0x00,0x00,0x00,0x00,0x00,0x00,0x00,0x00,0x00,0x00,0x00,0x00,0x00,0x00,0x00,0x00,0xBD,0x00,0x00,0x34,0x28,0x00,0x80,0x01,0x03,0x00,0x18,0x30,0x00,0x40,0x83,0x01,0x00,0xE0,0x0F,0x00,0x80,0x42,0x03,0x00,0x0D,0x60,0x00,0xD0,0x00,0x06,0x00,0x2C,0x34,0x00,0x00,0xBE,0x01,0x00,0x00,0x00,0x00,0x00,0x00,0x00,0x00,0x00,0x00,0x00,0x00,0x00,0x00,0x00 ; 8
    44 0000143A 000000000000000000- <1>
    44 00001443 BD0000342800800103- <1>
    44 0000144C 0018300040830100E0- <1>
    44 00001455 0F00804203000D6000- <1>
    44 0000145E D00006002C340000BE- <1>
    44 00001467 010000000000000000- <1>
    44 00001470 00000000000000      <1>
    45 00001477 000000000000000000- <1>     db 0x00,0x00,0x00,0x00,0x00,0x00,0x00,0x00,0x00,0x00,0x00,0x00,0x00,0x00,0x00,0x00,0x00,0x00,0xBE,0x00,0x00,0x28,0x28,0x00,0xC0,0x00,0x03,0x00,0x0D,0x70,0x00,0xD0,0x00,0x07,0x00,0x28,0x78,0x00,0x00,0x7E,0x07,0x00,0x00,0x30,0x00,0x00,0x40,0x02,0x00,0x00,0x0D,0x00,0x80,0x2F,0x00,0x00,0x00,0x00,0x00,0x00,0x00,0x00,0x00,0x00,0x00,0x00,0x00,0x00,0x00,0x00 ; 9
    45 00001480 000000000000000000- <1>
    45 00001489 BE0000282800C00003- <1>
    45 00001492 000D7000D000070028- <1>
    45 0000149B 7800007E0700003000- <1>
    45 000014A4 00400200000D00802F- <1>
    45 000014AD 000000000000000000- <1>
    45 000014B6 00000000000000      <1>
    46 000014BD 000000000000000000- <1>     db 0x00,0x00,0x00,0x00,0x00,0x00,0x00,0x00,0x00,0x00,0x00,0x00,0x00,0x00,0x00,0x00,0x00,0x00,0x00,0x00,0x00,0x00,0x00,0x00,0x00,0x00,0x00,0x00,0x00,0x00,0x00,0x00,0x00,0x00,0x00,0x00,0x00,0x00,0xC0,0x3F,0x00,0x00,0x00,0x00,0x00,0x00,0x00,0x00,0x00,0x00,0x00,0x00,0x00,0x00,0x00,0x00,0x00,0x00,0x00,0x00,0x00,0x00,0x00,0x00,0x00,0x00,0x00,0x00,0x00,0x00 ; -
    46 000014C6 000000000000000000- <1>
    46 000014CF 000000000000000000- <1>
    46 000014D8 000000000000000000- <1>
    46 000014E1 0000C03F0000000000- <1>
    46 000014EA 000000000000000000- <1>
    46 000014F3 000000000000000000- <1>
    46 000014FC 00000000000000      <1>
    47 00001503 000000000000000000- <1>     db 0x00,0x00,0x00,0x00,0x00,0x00,0x00,0x00,0x00,0x00,0x00,0x00,0x00,0x00,0x00,0x00,0x00,0x00,0x00,0x00,0x00,0x00,0x00,0x00,0x00,0x00,0x00,0x00,0x00,0x00,0x00,0x00,0x00,0x00,0x00,0x00,0x00,0x00,0x00,0x00,0x00,0x00,0x00,0x00,0x00,0x00,0x00,0x00,0x00,0x1C,0x00,0x00,0xC0,0x01,0x00,0x00,0x00,0x00,0x00,0x00,0x00,0x00,0x00,0x00,0x00,0x00,0x00,0x00,0x00,0x00 ; .
    47 0000150C 000000000000000000- <1>
    47 00001515 000000000000000000- <1>
    47 0000151E 000000000000000000- <1>
    47 00001527 000000000000000000- <1>
    47 00001530 000000001C0000C001- <1>
    47 00001539 000000000000000000- <1>
    47 00001542 00000000000000      <1>
    48 00001549 000000000000000000- <1>     db 0x00,0x00,0x00,0x00,0x00,0x00,0x00,0x00,0x00,0x00,0x00,0x00,0x00,0x00,0x00,0x00,0x00,0x00,0x90,0x00,0x00,0x00,0x06,0x00,0x00,0x30,0x00,0x00,0x40,0x02,0x00,0x00,0x0C,0x00,0x00,0x90,0x00,0x00,0x00,0x06,0x00,0x00,0x30,0x00,0x00,0x40,0x02,0x00,0x00,0x1C,0x00,0x00,0xC0,0x00,0x00,0x00,0x06,0x00,0x00,0x30,0x00,0x00,0x00,0x00,0x00,0x00,0x00,0x00,0x00,0x00 ; /
    48 00001552 000000000000000000- <1>
    48 0000155B 900000000600003000- <1>
    48 00001564 00400200000C000090- <1>
    48 0000156D 000000060000300000- <1>
    48 00001576 400200001C0000C000- <1>
    48 0000157F 000006000030000000- <1>
    48 00001588 00000000000000      <1>
    49 0000158F 000000000000000000- <1>     db 0x00,0x00,0x00,0x00,0x00,0x00,0x00,0x00,0x00,0x00,0x00,0x00,0x00,0x00,0x00,0x00,0x00,0x00,0x00,0x00,0x00,0x00,0x00,0x00,0x00,0x00,0x00,0x00,0x1C,0x00,0x00,0xC0,0x01,0x00,0x00,0x00,0x00,0x00,0x00,0x00,0x00,0x00,0x00,0x00,0x00,0x00,0x00,0x00,0x00,0x1C,0x00,0x00,0xC0,0x01,0x00,0x00,0x00,0x00,0x00,0x00,0x00,0x00,0x00,0x00,0x00,0x00,0x00,0x00,0x00,0x00 ; :
    49 00001598 000000000000000000- <1>
    49 000015A1 000000000000000000- <1>
    49 000015AA 001C0000C001000000- <1>
    49 000015B3 000000000000000000- <1>
    49 000015BC 000000001C0000C001- <1>
    49 000015C5 000000000000000000- <1>
    49 000015CE 00000000000000      <1>
    50 000015D5 000000000000000000- <1>     db 0x00,0x00,0x00,0x00,0x00,0x00,0x00,0x00,0x00,0x00,0x00,0x00,0x00,0x00,0x00,0x00,0x00,0x80,0x01,0x00,0x00,0x18,0x00,0x00,0x80,0x01,0x00,0x00,0x18,0x00,0x00,0x80,0x01,0x00,0x00,0x18,0x00,0x00,0x80,0x01,0x00,0x00,0x18,0x00,0x00,0x80,0x01,0x00,0x00,0x18,0x00,0x00,0x80,0x01,0x00,0x00,0x18,0x00,0x00,0x80,0x01,0x00,0x00,0x18,0x00,0x00,0x00,0x00,0x00,0x00 ; |
    50 000015DE 000000000000000080- <1>
    50 000015E7 010000180000800100- <1>
    50 000015F0 001800008001000018- <1>
    50 000015F9 000080010000180000- <1>
    50 00001602 800100001800008001- <1>
    50 0000160B 000018000080010000- <1>
    50 00001614 18000000000000      <1>
   884                                  
   885 0000161B 90<rep 5h>              align 8
   886                                  gdt_start:
   887 00001620 0000000000000000            dq 0
   888 00001628 FFFF0000009ACF00            dq 0x00CF9A000000FFFF
   889 00001630 FFFF00000092CF00            dq 0x00CF92000000FFFF
   890                                  gdt_end:
   891                                  gdt_descriptor:
   892 00001638 1700                        dw gdt_end - gdt_start - 1
   893 0000163A [20160000]                  dd gdt_start
   894                                  
   895                                  [bits 16]
   896                                  print_string:
   897 0000163E AC                          lodsb
   898 0000163F 84C0                        test al, al
   899 00001641 7410                        jz .done
   900 00001643 52                          push dx
   901 00001644 BAE900                      mov dx, 0x00E9
   902 00001647 EE                          out dx, al
   903 00001648 5A                          pop dx
   904 00001649 B40E                        mov ah, 0x0E
   905 0000164B 30FF                        xor bh, bh
   906 0000164D B307                        mov bl, 0x07
   907 0000164F CD10                        int 0x10
   908 00001651 EBEB                        jmp print_string
   909                                  .done:
   910 00001653 C3                          ret
   911                                  
   912                                  fatal_halt:
   913 00001654 FA                          cli
   914                                  .loop:
   915 00001655 F4                          hlt
   916 00001656 EBFD                        jmp .loop
   917                                  
   918                                  kernel_load_error:
   919 00001658 BE[F416]                    mov si, message_kernel_load_error
   920 0000165B E8E0FF                      call print_string
   921 0000165E EBF4                        jmp fatal_halt
   922                                  
   923 00001660 00                      boot_drive:                 db 0
   924 00001661 00                      retry_count:                db 0
   925 00001662 0000                    kernel_destination_offset: dw 0
   926 00001664 00                      kernel_cylinder:            db 0
   927 00001665 00                      kernel_head:                db 0
   928 00001666 00                      kernel_sector:              db 0
   929 00001667 00                      kernel_remaining:           db 0
   930 00001668 12                      sectors_per_track:          db 18
   931 00001669 01                      maximum_head:               db 1
   932                                  
   933 0000166A 90<rep 2h>              align 4
   934                                  kernel_dap:
   935 0000166C 1000                        db 0x10, 0
   936 0000166E 4100                        dw KERNEL_IMAGE_SECTOR_COUNT
   937 00001670 0000                        dw KERNEL_TEMP_OFFSET
   938 00001672 0010                        dw KERNEL_TEMP_SEGMENT
   939 00001674 1100000000000000            dq KERNEL_FIRST_LBA
   940                                  
   941                                  message_start:
   942 0000167C 4E6F76612053746167-         db "Nova Stage 2 / NBHP v1", 13, 10, 0
   942 00001685 652032202F204E4248-
   942 0000168E 502076310D0A00     
   943                                  message_vbe_fallback:
   944 00001695 424F4F542D57303031-         db "BOOT-W001: VBE nicht verfuegbar, Textmodus aktiv", 13, 10, 0
   944 0000169E 3A20564245206E6963-
   944 000016A7 687420766572667565-
   944 000016B0 676261722C20546578-
   944 000016B9 746D6F64757320616B-
   944 000016C2 7469760D0A00       
   945                                  message_memory_error:
   946 000016C8 424F4F542D32303031-         db "BOOT-2001: Speicherkarte nicht verfuegbar", 13, 10, 0
   946 000016D1 3A2053706569636865-
   946 000016DA 726B61727465206E69-
   946 000016E3 636874207665726675-
   946 000016EC 65676261720D0A00   
   947                                  message_kernel_load_error:
   948 000016F4 424F4F542D31303031-         db "BOOT-1001: Kernel nicht gefunden", 13, 10, 0
   948 000016FD 3A204B65726E656C20-
   948 00001706 6E6963687420676566-
   948 0000170F 756E64656E0D0A00   
   949                                  message_kernel_header_error:
   950 00001717 424F4F542D31303032-         db "BOOT-1002: Kernel-Header ungueltig", 13, 10, 0
   950 00001720 3A204B65726E656C2D-
   950 00001729 48656164657220756E-
   950 00001732 6775656C7469670D0A-
   950 0000173B 00                 
   951                                  message_kernel_checksum_error:
   952 0000173C 424F4F542D31303032-         db "BOOT-1002: Kernel-Pruefsumme ungueltig", 13, 10, 0
   952 00001745 3A204B65726E656C2D-
   952 0000174E 507275656673756D6D-
   952 00001757 6520756E6775656C74-
   952 00001760 69670D0A00         
   953                                  
   954 00001765 00<rep 89Bh>            times STAGE2_BYTE_COUNT - ($ - $$) db 0
