UEFI:NOVA-ENTRY
UEFI:GOP-READY
UEFI:PAGES-READY
UEFI:LAYOUT-READY
UEFI:BRANDING-READY
UEFI:RESOURCES-READY
UEFI:INPUT-READY
UEFI:CONTROLS-READY
UEFI:COMPOSITOR-READY
UEFI:NAVIGATION-READY
UEFI:DIALOG-READY
UEFI:POWER-READY
UEFI:POINTER-READY
UEFI:MENU-DRAWN
UEFI:MENU-DRAWN
UEFI:MENU-DRAWN
UEFI:MENU-DRAWN
UEFI:MENU-DRAWN
UEFI:MENU-DRAWN
UEFI:MENU-DRAWN
UEFI:MENU-DRAWN
UEFI:MENU-DRAWN
UEFI:MENU-DRAWN
UEFI:MOTION-READY
UEFI:DIAGNOSTICS-READY
UEFI:COUNTDOWN-5
UEFI:MENU-DRAWN
UEFI:COUNTDOWN-FRAME-READY
UEFI:COUNTDOWN-CANCELLED
UEFI:MENU-DRAWN
UEFI:CONTEXT-OPEN
UEFI:CONTEXT-FRAME-READY
UEFI:MENU-DRAWN
UEFI:CONTEXT-FRAME-READY
UEFI:MENU-DRAWN
UEFI:CONTEXT-ACTION
UEFI:CONTEXT-ADVANCED
UEFI:DIALOG-OPEN
UEFI:DIALOG-PAGE-ACTIVE
UEFI:MENU-DRAWN
UEFI:DIALOG-FRAME-READY
