UEFI:NOVA-ENTRY
UEFI:GOP-READY
UEFI:PAGES-READY
UEFI:LAYOUT-READY
UEFI:BRANDING-READY
UEFI:RESOURCES-READY
UEFI:RECOVERY-MANAGER-READY
UEFI:MEMORY-MANAGER-READY
UEFI:CONFIGURATION-MANAGER-READY
UEFI:INPUT-READY
UEFI:CONTROLS-READY
UEFI:COMPOSITOR-READY
UEFI:NAVIGATION-READY
UEFI:DIALOG-READY
UEFI:POWER-READY
UEFI:FIRMWARE-SECURE-BOOT-OFF
UEFI:FIRMWARE-SETUP-SUPPORTED
UEFI:FIRMWARE-READY
UEFI:POINTER-READY
UEFI:MENU-DRAWN
UEFI:IMAGE-CONTROL-FRAME-READY
UEFI:ICON-CONTROL-FRAME-READY
UEFI:LIST-CONTROL-FRAME-READY
UEFI:STYLE-TEMPLATE-FRAME-READY
UEFI:MEMORY-FRAME-READY
UEFI:MENU-DRAWN
UEFI:IMAGE-CONTROL-FRAME-READY
UEFI:ICON-CONTROL-FRAME-READY
UEFI:LIST-CONTROL-FRAME-READY
UEFI:STYLE-TEMPLATE-FRAME-READY
UEFI:MEMORY-FRAME-READY
UEFI:MENU-DRAWN
UEFI:IMAGE-CONTROL-FRAME-READY
UEFI:ICON-CONTROL-FRAME-READY
UEFI:LIST-CONTROL-FRAME-READY
UEFI:STYLE-TEMPLATE-FRAME-READY
UEFI:MEMORY-FRAME-READY
UEFI:MENU-DRAWN
UEFI:IMAGE-CONTROL-FRAME-READY
UEFI:ICON-CONTROL-FRAME-READY
UEFI:LIST-CONTROL-FRAME-READY
UEFI:STYLE-TEMPLATE-FRAME-READY
UEFI:MEMORY-FRAME-READY
UEFI:MENU-DRAWN
UEFI:IMAGE-CONTROL-FRAME-READY
UEFI:ICON-CONTROL-FRAME-READY
UEFI:LIST-CONTROL-FRAME-READY
UEFI:STYLE-TEMPLATE-FRAME-READY
UEFI:MEMORY-FRAME-READY
UEFI:MENU-DRAWN
UEFI:IMAGE-CONTROL-FRAME-READY
UEFI:ICON-CONTROL-FRAME-READY
UEFI:LIST-CONTROL-FRAME-READY
UEFI:STYLE-TEMPLATE-FRAME-READY
UEFI:MEMORY-FRAME-READY
UEFI:MENU-DRAWN
UEFI:IMAGE-CONTROL-FRAME-READY
UEFI:ICON-CONTROL-FRAME-READY
UEFI:LIST-CONTROL-FRAME-READY
UEFI:STYLE-TEMPLATE-FRAME-READY
UEFI:MEMORY-FRAME-READY
UEFI:MENU-DRAWN
UEFI:IMAGE-CONTROL-FRAME-READY
UEFI:ICON-CONTROL-FRAME-READY
UEFI:LIST-CONTROL-FRAME-READY
UEFI:STYLE-TEMPLATE-FRAME-READY
UEFI:MEMORY-FRAME-READY
UEFI:MENU-DRAWN
UEFI:IMAGE-CONTROL-FRAME-READY
UEFI:ICON-CONTROL-FRAME-READY
UEFI:LIST-CONTROL-FRAME-READY
UEFI:STYLE-TEMPLATE-FRAME-READY
UEFI:MEMORY-FRAME-READY
UEFI:MENU-DRAWN
UEFI:IMAGE-CONTROL-FRAME-READY
UEFI:ICON-CONTROL-FRAME-READY
UEFI:LIST-CONTROL-FRAME-READY
UEFI:STYLE-TEMPLATE-FRAME-READY
UEFI:MEMORY-FRAME-READY
UEFI:MOTION-READY
UEFI:DIAGNOSTICS-READY
UEFI:COUNTDOWN-5
UEFI:MENU-DRAWN
UEFI:IMAGE-CONTROL-FRAME-READY
UEFI:ICON-CONTROL-FRAME-READY
UEFI:LIST-CONTROL-FRAME-READY
UEFI:STYLE-TEMPLATE-FRAME-READY
UEFI:LABEL-FRAME-READY
UEFI:MEMORY-FRAME-READY
UEFI:COUNTDOWN-FRAME-READY
UEFI:COUNTDOWN-CANCELLED
UEFI:MENU-DRAWN
UEFI:IMAGE-CONTROL-FRAME-READY
UEFI:ICON-CONTROL-FRAME-READY
UEFI:LIST-CONTROL-FRAME-READY
UEFI:STYLE-TEMPLATE-FRAME-READY
UEFI:MEMORY-FRAME-READY
UEFI:MENU-DRAWN
UEFI:IMAGE-CONTROL-FRAME-READY
UEFI:ICON-CONTROL-FRAME-READY
UEFI:LIST-CONTROL-FRAME-READY
UEFI:STYLE-TEMPLATE-FRAME-READY
UEFI:MEMORY-FRAME-READY
UEFI:MENU-DRAWN
UEFI:IMAGE-CONTROL-FRAME-READY
UEFI:ICON-CONTROL-FRAME-READY
UEFI:LIST-CONTROL-FRAME-READY
UEFI:STYLE-TEMPLATE-FRAME-READY
UEFI:MEMORY-FRAME-READY
UEFI:SETTINGS
UEFI:NAV-SLIDE-LEFT
UEFI:MENU-DRAWN
UEFI:IMAGE-CONTROL-FRAME-READY
UEFI:ICON-CONTROL-FRAME-READY
UEFI:LIST-CONTROL-FRAME-READY
UEFI:STYLE-TEMPLATE-FRAME-READY
UEFI:MEMORY-FRAME-READY
UEFI:NAV-TRANSFORMED-FRAME
UEFI:MENU-DRAWN
UEFI:IMAGE-CONTROL-FRAME-READY
UEFI:ICON-CONTROL-FRAME-READY
UEFI:LIST-CONTROL-FRAME-READY
UEFI:STYLE-TEMPLATE-FRAME-READY
UEFI:MEMORY-FRAME-READY
UEFI:NAV-TRANSFORMED-FRAME
UEFI:MENU-DRAWN
UEFI:IMAGE-CONTROL-FRAME-READY
UEFI:ICON-CONTROL-FRAME-READY
UEFI:LIST-CONTROL-FRAME-READY
UEFI:STYLE-TEMPLATE-FRAME-READY
UEFI:MEMORY-FRAME-READY
UEFI:NAV-EXIT-COMPLETE
UEFI:PAGE-ACTIVE
UEFI:NAV-SLIDE-LEFT
UEFI:BREADCRUMB-FRAME-READY
UEFI:ICONBUTTON-FRAME-READY
UEFI:NAV-TRANSFORMED-FRAME
UEFI:MENU-DRAWN
UEFI:IMAGE-CONTROL-FRAME-READY
UEFI:ICON-CONTROL-FRAME-READY
UEFI:LIST-CONTROL-FRAME-READY
UEFI:STYLE-TEMPLATE-FRAME-READY
UEFI:SEPARATOR-FRAME-READY
UEFI:MEMORY-FRAME-READY
UEFI:BREADCRUMB-FRAME-READY
UEFI:ICONBUTTON-FRAME-READY
UEFI:NAV-TRANSFORMED-FRAME
UEFI:MENU-DRAWN
UEFI:IMAGE-CONTROL-FRAME-READY
UEFI:ICON-CONTROL-FRAME-READY
UEFI:LIST-CONTROL-FRAME-READY
UEFI:STYLE-TEMPLATE-FRAME-READY
UEFI:SEPARATOR-FRAME-READY
UEFI:MEMORY-FRAME-READY
UEFI:BREADCRUMB-FRAME-READY
UEFI:ICONBUTTON-FRAME-READY
UEFI:MENU-DRAWN
UEFI:IMAGE-CONTROL-FRAME-READY
UEFI:ICON-CONTROL-FRAME-READY
UEFI:LIST-CONTROL-FRAME-READY
UEFI:STYLE-TEMPLATE-FRAME-READY
UEFI:SEPARATOR-FRAME-READY
UEFI:MEMORY-FRAME-READY
UEFI:NAV-ENTER-COMPLETE
UEFI:BREADCRUMB-FRAME-READY
UEFI:ICONBUTTON-FRAME-READY
UEFI:MENU-DRAWN
UEFI:IMAGE-CONTROL-FRAME-READY
UEFI:ICON-CONTROL-FRAME-READY
UEFI:LIST-CONTROL-FRAME-READY
UEFI:STYLE-TEMPLATE-FRAME-READY
UEFI:SEPARATOR-FRAME-READY
UEFI:MEMORY-FRAME-READY
UEFI:BREADCRUMB-FRAME-READY
UEFI:ICONBUTTON-FRAME-READY
UEFI:MENU-DRAWN
UEFI:IMAGE-CONTROL-FRAME-READY
UEFI:ICON-CONTROL-FRAME-READY
UEFI:LIST-CONTROL-FRAME-READY
UEFI:STYLE-TEMPLATE-FRAME-READY
UEFI:SEPARATOR-FRAME-READY
UEFI:MEMORY-FRAME-READY
UEFI:BREADCRUMB-FRAME-READY
UEFI:ICONBUTTON-FRAME-READY
UEFI:MENU-DRAWN
UEFI:IMAGE-CONTROL-FRAME-READY
UEFI:ICON-CONTROL-FRAME-READY
UEFI:LIST-CONTROL-FRAME-READY
UEFI:STYLE-TEMPLATE-FRAME-READY
UEFI:SEPARATOR-FRAME-READY
UEFI:MEMORY-FRAME-READY
UEFI:BREADCRUMB-FRAME-READY
UEFI:ICONBUTTON-FRAME-READY
UEFI:MENU-DRAWN
UEFI:IMAGE-CONTROL-FRAME-READY
UEFI:ICON-CONTROL-FRAME-READY
UEFI:LIST-CONTROL-FRAME-READY
UEFI:STYLE-TEMPLATE-FRAME-READY
UEFI:SEPARATOR-FRAME-READY
UEFI:MEMORY-FRAME-READY
UEFI:CONFIGURATION-COMMIT
UEFI:SETTINGS-TOOLTIPS-OFF
UEFI:BREADCRUMB-FRAME-READY
UEFI:ICONBUTTON-FRAME-READY
UEFI:MENU-DRAWN
UEFI:IMAGE-CONTROL-FRAME-READY
UEFI:ICON-CONTROL-FRAME-READY
UEFI:LIST-CONTROL-FRAME-READY
UEFI:STYLE-TEMPLATE-FRAME-READY
UEFI:LABEL-FRAME-READY
UEFI:SEPARATOR-FRAME-READY
UEFI:MEMORY-FRAME-READY
UEFI:SETTINGS-CONTROLS-STABLE
UEFI:BREADCRUMB-FRAME-READY
UEFI:ICONBUTTON-FRAME-READY
UEFI:MENU-DRAWN
UEFI:IMAGE-CONTROL-FRAME-READY
UEFI:ICON-CONTROL-FRAME-READY
UEFI:LIST-CONTROL-FRAME-READY
UEFI:STYLE-TEMPLATE-FRAME-READY
UEFI:LABEL-FRAME-READY
UEFI:SEPARATOR-FRAME-READY
UEFI:MEMORY-FRAME-READY
UEFI:CONFIGURATION-COMMIT
UEFI:SETTINGS-SLIDER-UPDATED
UEFI:BREADCRUMB-FRAME-READY
UEFI:ICONBUTTON-FRAME-READY
UEFI:MENU-DRAWN
UEFI:IMAGE-CONTROL-FRAME-READY
UEFI:ICON-CONTROL-FRAME-READY
UEFI:LIST-CONTROL-FRAME-READY
UEFI:STYLE-TEMPLATE-FRAME-READY
UEFI:LABEL-FRAME-READY
UEFI:SEPARATOR-FRAME-READY
UEFI:MEMORY-FRAME-READY
UEFI:SETTINGS-CONTROLS-STABLE
UEFI:CONFIGURATION-COMMIT
UEFI:SETTINGS-SLIDER-UPDATED
UEFI:BREADCRUMB-FRAME-READY
UEFI:ICONBUTTON-FRAME-READY
UEFI:MENU-DRAWN
UEFI:IMAGE-CONTROL-FRAME-READY
UEFI:ICON-CONTROL-FRAME-READY
UEFI:LIST-CONTROL-FRAME-READY
UEFI:STYLE-TEMPLATE-FRAME-READY
UEFI:LABEL-FRAME-READY
UEFI:SEPARATOR-FRAME-READY
UEFI:MEMORY-FRAME-READY
UEFI:SETTINGS-CONTROLS-STABLE
UEFI:CONFIGURATION-COMMIT
UEFI:SETTINGS-SLIDER-HOME
UEFI:BREADCRUMB-FRAME-READY
UEFI:ICONBUTTON-FRAME-READY
UEFI:MENU-DRAWN
UEFI:IMAGE-CONTROL-FRAME-READY
UEFI:ICON-CONTROL-FRAME-READY
UEFI:LIST-CONTROL-FRAME-READY
UEFI:STYLE-TEMPLATE-FRAME-READY
UEFI:LABEL-FRAME-READY
UEFI:SEPARATOR-FRAME-READY
UEFI:MEMORY-FRAME-READY
UEFI:SETTINGS-CONTROLS-STABLE
UEFI:CONFIGURATION-COMMIT
UEFI:SETTINGS-SLIDER-END
UEFI:BREADCRUMB-FRAME-READY
UEFI:ICONBUTTON-FRAME-READY
UEFI:MENU-DRAWN
UEFI:IMAGE-CONTROL-FRAME-READY
UEFI:ICON-CONTROL-FRAME-READY
UEFI:LIST-CONTROL-FRAME-READY
UEFI:STYLE-TEMPLATE-FRAME-READY
UEFI:LABEL-FRAME-READY
UEFI:SEPARATOR-FRAME-READY
UEFI:MEMORY-FRAME-READY
UEFI:SETTINGS-CONTROLS-STABLE
