UEFI:NOVA-ENTRY
UEFI:GOP-READY
UEFI:PAGES-READY
UEFI:LAYOUT-READY
UEFI:BRANDING-READY
UEFI:RESOURCES-READY
UEFI:INPUT-READY
UEFI:CONTROLS-READY
UEFI:COMPOSITOR-READY
UEFI:NAVIGATION-READY
UEFI:DIALOG-READY
UEFI:POWER-READY
UEFI:FIRMWARE-SECURE-BOOT-OFF
UEFI:FIRMWARE-SETUP-SUPPORTED
UEFI:FIRMWARE-READY
UEFI:POINTER-READY
UEFI:MENU-DRAWN
UEFI:MENU-DRAWN
UEFI:MENU-DRAWN
UEFI:MENU-DRAWN
UEFI:MENU-DRAWN
UEFI:MENU-DRAWN
UEFI:MENU-DRAWN
UEFI:MENU-DRAWN
UEFI:MENU-DRAWN
UEFI:MENU-DRAWN
UEFI:MOTION-READY
UEFI:DIAGNOSTICS-READY
UEFI:COUNTDOWN-5
UEFI:MENU-DRAWN
UEFI:COUNTDOWN-FRAME-READY
UEFI:COUNTDOWN-CANCELLED
UEFI:MENU-DRAWN
UEFI:HELP-VIEW
UEFI:NAV-SLIDE-LEFT
UEFI:MENU-DRAWN
UEFI:NAV-TRANSFORMED-FRAME
UEFI:MENU-DRAWN
UEFI:NAV-TRANSFORMED-FRAME
UEFI:MENU-DRAWN
UEFI:NAV-EXIT-COMPLETE
UEFI:PAGE-ACTIVE
UEFI:NAV-SLIDE-LEFT
UEFI:BREADCRUMB-FRAME-READY
UEFI:NAV-TRANSFORMED-FRAME
UEFI:MENU-DRAWN
UEFI:BREADCRUMB-FRAME-READY
UEFI:NAV-TRANSFORMED-FRAME
UEFI:MENU-DRAWN
UEFI:BREADCRUMB-FRAME-READY
UEFI:MENU-DRAWN
UEFI:NAV-ENTER-COMPLETE
UEFI:BREADCRUMB-FRAME-READY
UEFI:MENU-DRAWN
UEFI:BREADCRUMB-FRAME-READY
UEFI:MENU-DRAWN
UEFI:HELP-SEARCH-FOCUS
UEFI:BREADCRUMB-FRAME-READY
UEFI:MENU-DRAWN
UEFI:HELP-SEARCH-RESULTS
UEFI:HELP-SEARCH-INPUT
UEFI:BREADCRUMB-FRAME-READY
UEFI:MENU-DRAWN
UEFI:HELP-SEARCH-STABLE
UEFI:HELP-SEARCH-RESULTS
UEFI:HELP-SEARCH-INPUT
UEFI:BREADCRUMB-FRAME-READY
UEFI:MENU-DRAWN
UEFI:HELP-SEARCH-STABLE
UEFI:HELP-SEARCH-RESULTS
UEFI:HELP-SEARCH-INPUT
UEFI:BREADCRUMB-FRAME-READY
UEFI:MENU-DRAWN
UEFI:HELP-SEARCH-STABLE
UEFI:HELP-SEARCH-RESULTS
UEFI:HELP-SEARCH-INPUT
UEFI:BREADCRUMB-FRAME-READY
UEFI:MENU-DRAWN
UEFI:HELP-SEARCH-STABLE
UEFI:HELP-SEARCH-RESULTS
UEFI:HELP-SEARCH-INPUT
UEFI:BREADCRUMB-FRAME-READY
UEFI:MENU-DRAWN
UEFI:HELP-SEARCH-STABLE
UEFI:HELP-SEARCH-RESULTS
UEFI:HELP-SEARCH-INPUT
UEFI:BREADCRUMB-FRAME-READY
UEFI:MENU-DRAWN
UEFI:HELP-SEARCH-STABLE
UEFI:HELP-SEARCH-RESULTS
UEFI:HELP-SEARCH-INPUT
UEFI:BREADCRUMB-FRAME-READY
UEFI:MENU-DRAWN
UEFI:HELP-SEARCH-STABLE
UEFI:HELP-SEARCH-RESULTS
UEFI:HELP-SEARCH-INPUT
UEFI:BREADCRUMB-FRAME-READY
UEFI:MENU-DRAWN
UEFI:HELP-SEARCH-STABLE
UEFI:HELP-SEARCH-RESULTS
UEFI:HELP-SEARCH-INPUT
UEFI:BREADCRUMB-FRAME-READY
UEFI:MENU-DRAWN
UEFI:HELP-SEARCH-STABLE
UEFI:HELP-SEARCH-RESULTS
UEFI:HELP-SEARCH-INPUT
UEFI:BREADCRUMB-FRAME-READY
UEFI:MENU-DRAWN
UEFI:HELP-SEARCH-STABLE
UEFI:HELP-SEARCH-COMPLETE
UEFI:BREADCRUMB-FRAME-READY
UEFI:MENU-DRAWN
UEFI:HELP-SEARCH-STABLE
UEFI:BREADCRUMB-FRAME-READY
UEFI:MENU-DRAWN
UEFI:HELP-RESULT-OPEN
UEFI:DIALOG-OPEN
UEFI:DIALOG-ENTER-START
UEFI:DIALOG-PAGE-ACTIVE
UEFI:BREADCRUMB-FRAME-READY
UEFI:MENU-DRAWN
UEFI:DIALOG-FRAME-READY
UEFI:BREADCRUMB-FRAME-READY
UEFI:MENU-DRAWN
UEFI:DIALOG-FRAME-READY
UEFI:BREADCRUMB-FRAME-READY
UEFI:MENU-DRAWN
UEFI:DIALOG-FRAME-READY
UEFI:BREADCRUMB-FRAME-READY
UEFI:MENU-DRAWN
UEFI:DIALOG-FRAME-READY
UEFI:DIALOG-ENTER-COMPLETE
UEFI:BREADCRUMB-FRAME-READY
UEFI:MENU-DRAWN
UEFI:DIALOG-FRAME-READY
UEFI:DIALOG-STABLE
