UEFI:NOVA-ENTRY
UEFI:STATE-MODEL-READY
UEFI:MEMORY-BUDGET-READY
UEFI:GOP-MODES-VALIDATED
UEFI:GOP-DESCRIPTOR-READY
UEFI:GAL-READY
UEFI:FRAMEBUFFER-BACKEND-READY
UEFI:GOP-READY
UEFI:DIAGNOSTICS-FRAMEWORK-READY
UEFI:FRAME-BUDGET-READY
UEFI:SCALING-READY
UEFI:ALIGNMENT-SPACING-READY
UEFI:STACK-LAYOUT-READY
UEFI:GRID-LAYOUT-READY
UEFI:OVERLAY-LAYOUT-READY
UEFI:CONSTRAINT-SIZING-READY
UEFI:RESOLUTION-COMPATIBILITY-READY
UEFI:RESPONSIVE-LAYOUT-READY
UEFI:SAFE-DISPLAY-AREA-READY
UEFI:DPI-RESOLUTION-SCALING-READY
UEFI:PRESENT-SCHEDULER-READY
UEFI:DIRTY-MANAGER-READY
UEFI:CLIP-MASK-READY
UEFI:TRANSFORM2D-READY
UEFI:ROUNDED-GEOMETRY-READY
UEFI:SHADOW-GLOW-READY
UEFI:BACKGROUND-BLUR-READY
UEFI:SURFACE-MANAGER-READY
UEFI:LAYER-MANAGER-READY
UEFI:RESOURCE-LOADER-READY
UEFI:RESOURCE-VERSIONING-READY
UEFI:RESOURCE-COMPRESSION-READY
UEFI:RESOURCE-INTEGRITY-READY
UEFI:RESOURCE-LZ4-DECODE-READY
UEFI:RESOURCE-SHA256-VERIFIED
UEFI:IMAGE-RENDERER-READY
UEFI:PNG-DECODER-READY
UEFI:THEME-RESOURCE-READY
UEFI:DARK-THEME-READY
UEFI:LIGHT-THEME-READY
UEFI:HIGH-CONTRAST-THEME-READY
UEFI:FONT-RESOURCE-REGISTRY-READY
UEFI:SEMANTIC-DESIGN-TOKENS-READY
UEFI:EFFECT-MOTION-TOKENS-READY
UEFI:VISUAL-CONTINUITY-READY
UEFI:INTERACTION-STATES-READY
UEFI:BRANDING-READY
UEFI:DESIGN-COMPATIBILITY-READY
UEFI:RESOURCE-CACHE-READY
UEFI:RESOURCE-PRELOAD-READY
UEFI:RESOURCES-READY
UEFI:PAGES-READY
UEFI:LAYOUT-READY
UEFI:INTERRUPTIBLE-MOTION-READY
UEFI:REDUCED-MOTION-POLICY-READY
UEFI:MOTION-BUDGET-READY
UEFI:ANIMATION-RESOURCE-READY
UEFI:ADAPTIVE-QUALITY-READY
UEFI:LOW-END-PROFILE-READY
UEFI:HIGH-QUALITY-FALLBACK-READY
UEFI:RENDER-QUALITY-READY
UEFI:SOFTWARE-RENDERER-READY
UEFI:RECOVERY-MANAGER-READY
UEFI:MEMORY-MANAGER-READY
UEFI:CONFIGURATION-MANAGER-READY
UEFI:INPUT-READY
UEFI:CONTROLS-READY
UEFI:SCENE-GRAPH-READY
UEFI:RENDER-COMMANDS-READY
UEFI:UI-ARCHITECTURE-READY
UEFI:COMPOSITOR-READY
UEFI:INPUT-EVENT-TRACING-READY
UEFI:RESOURCE-LOADING-DIAGNOSTICS-READY
UEFI:RESOURCE-CORRUPTION-TESTS-READY
UEFI:NAVIGATION-TESTS-READY
UEFI:DIALOG-TESTS-READY
UEFI:DIALOG-ARCHITECTURE-READY
UEFI:MODAL-DIALOG-READY
UEFI:CONTROL-INTERACTION-TESTS-READY
UEFI:PASSWORD-FIELD-READY
UEFI:DIRECTIONAL-FOCUS-READY
UEFI:FOCUS-SCOPE-MANAGER-READY
UEFI:KEYBOARD-SHORTCUTS-READY
UEFI:INPUT-REPEAT-READY
UEFI:DOUBLE-CLICK-DETECTION-READY
UEFI:INPUT-HOT-DETECTION-READY
UEFI:POINTER-SPEED-READY
UEFI:POINTER-CAPTURE-CANCEL-EVENT-READY
UEFI:DIALOG-CAPTURE-CANCEL-READY
UEFI:RECOVERY-CAPTURE-CANCEL-READY
UEFI:POINTER-CAPTURE-READY
UEFI:CONTROL-INPUT-EVENTS-READY
UEFI:CONTROL-EVENT-ROUTING-READY
UEFI:RENDER-REFERENCE-TESTS-READY
UEFI:BOOT-TEST-ARCHITECTURE-READY
UEFI:RUNTIME-RUNNING
UEFI:NAVIGATION-READY
UEFI:DIALOG-READY
UEFI:POWER-READY
UEFI:FIRMWARE-SECURE-BOOT-OFF
UEFI:FIRMWARE-SETUP-SUPPORTED
UEFI:FIRMWARE-READY
UEFI:POINTER-ADDED
UEFI:POINTER-READY
UEFI:INPUT-DEVICE-MONITOR-READY
UEFI:BASE-SURFACE-CACHE-MISS
UEFI:SELECTION-OLD-NEW-DAMAGED
UEFI:GAL-PRESENT
UEFI:MENU-DRAWN
UEFI:IMAGE-CONTROL-FRAME-READY
UEFI:ICON-CONTROL-FRAME-READY
UEFI:LIST-CONTROL-FRAME-READY
UEFI:STYLE-TEMPLATE-FRAME-READY
UEFI:MEMORY-FRAME-READY
UEFI:RUNTIME-FRAME-COMPLETE
UEFI:BASE-SURFACE-CACHE-HIT
UEFI:PARTIAL-INTERACTION-FRAME
UEFI:GAL-PRESENT
UEFI:MENU-DRAWN
UEFI:IMAGE-CONTROL-FRAME-READY
UEFI:ICON-CONTROL-FRAME-READY
UEFI:LIST-CONTROL-FRAME-READY
UEFI:STYLE-TEMPLATE-FRAME-READY
UEFI:MEMORY-FRAME-READY
UEFI:RUNTIME-FRAME-COMPLETE
UEFI:BASE-SURFACE-CACHE-HIT
UEFI:PARTIAL-INTERACTION-FRAME
UEFI:GAL-PRESENT
UEFI:MENU-DRAWN
UEFI:IMAGE-CONTROL-FRAME-READY
UEFI:ICON-CONTROL-FRAME-READY
UEFI:LIST-CONTROL-FRAME-READY
UEFI:STYLE-TEMPLATE-FRAME-READY
UEFI:MEMORY-FRAME-READY
UEFI:RUNTIME-FRAME-COMPLETE
UEFI:BASE-SURFACE-CACHE-HIT
UEFI:PARTIAL-INTERACTION-FRAME
UEFI:GAL-PRESENT
UEFI:MENU-DRAWN
UEFI:IMAGE-CONTROL-FRAME-READY
UEFI:ICON-CONTROL-FRAME-READY
UEFI:LIST-CONTROL-FRAME-READY
UEFI:STYLE-TEMPLATE-FRAME-READY
UEFI:MEMORY-FRAME-READY
UEFI:RUNTIME-FRAME-COMPLETE
UEFI:BASE-SURFACE-CACHE-HIT
UEFI:PARTIAL-INTERACTION-FRAME
UEFI:GAL-PRESENT
UEFI:MENU-DRAWN
UEFI:IMAGE-CONTROL-FRAME-READY
UEFI:ICON-CONTROL-FRAME-READY
UEFI:LIST-CONTROL-FRAME-READY
UEFI:STYLE-TEMPLATE-FRAME-READY
UEFI:MEMORY-FRAME-READY
UEFI:RUNTIME-FRAME-COMPLETE
UEFI:BASE-SURFACE-CACHE-HIT
UEFI:PARTIAL-INTERACTION-FRAME
UEFI:GAL-PRESENT
UEFI:MENU-DRAWN
UEFI:IMAGE-CONTROL-FRAME-READY
UEFI:ICON-CONTROL-FRAME-READY
UEFI:LIST-CONTROL-FRAME-READY
UEFI:STYLE-TEMPLATE-FRAME-READY
UEFI:MEMORY-FRAME-READY
UEFI:RUNTIME-FRAME-COMPLETE
UEFI:BASE-SURFACE-CACHE-HIT
UEFI:PARTIAL-INTERACTION-FRAME
UEFI:GAL-PRESENT
UEFI:MENU-DRAWN
UEFI:IMAGE-CONTROL-FRAME-READY
UEFI:ICON-CONTROL-FRAME-READY
UEFI:LIST-CONTROL-FRAME-READY
UEFI:STYLE-TEMPLATE-FRAME-READY
UEFI:MEMORY-FRAME-READY
UEFI:RUNTIME-FRAME-COMPLETE
UEFI:BASE-SURFACE-CACHE-HIT
UEFI:PARTIAL-INTERACTION-FRAME
UEFI:GAL-PRESENT
UEFI:MENU-DRAWN
UEFI:IMAGE-CONTROL-FRAME-READY
UEFI:ICON-CONTROL-FRAME-READY
UEFI:LIST-CONTROL-FRAME-READY
UEFI:STYLE-TEMPLATE-FRAME-READY
UEFI:MEMORY-FRAME-READY
UEFI:RUNTIME-FRAME-COMPLETE
UEFI:BASE-SURFACE-CACHE-HIT
UEFI:PARTIAL-INTERACTION-FRAME
UEFI:GAL-PRESENT
UEFI:MENU-DRAWN
UEFI:IMAGE-CONTROL-FRAME-READY
UEFI:ICON-CONTROL-FRAME-READY
UEFI:LIST-CONTROL-FRAME-READY
UEFI:STYLE-TEMPLATE-FRAME-READY
UEFI:MEMORY-FRAME-READY
UEFI:RUNTIME-FRAME-COMPLETE
UEFI:BASE-SURFACE-CACHE-HIT
UEFI:PARTIAL-INTERACTION-FRAME
UEFI:GAL-PRESENT
UEFI:MENU-DRAWN
UEFI:IMAGE-CONTROL-FRAME-READY
UEFI:ICON-CONTROL-FRAME-READY
UEFI:LIST-CONTROL-FRAME-READY
UEFI:STYLE-TEMPLATE-FRAME-READY
UEFI:MEMORY-FRAME-READY
UEFI:RUNTIME-FRAME-COMPLETE
UEFI:MOTION-READY
UEFI:ANIMATION-DIAGNOSTICS-READY
UEFI:RENDERING-STATISTICS-READY
UEFI:PERFORMANCE-REGRESSION-READY
UEFI:FALLBACK-MODE-TESTS-READY
UEFI:DIAGNOSTICS-READY
UEFI:STARTUP-BUDGET-READY
UEFI:COUNTDOWN-5
UEFI:BASE-SURFACE-CACHE-HIT
UEFI:PARTIAL-INTERACTION-FRAME
UEFI:GAL-PRESENT
UEFI:MENU-DRAWN
UEFI:IMAGE-CONTROL-FRAME-READY
UEFI:ICON-CONTROL-FRAME-READY
UEFI:LIST-CONTROL-FRAME-READY
UEFI:STYLE-TEMPLATE-FRAME-READY
UEFI:LABEL-FRAME-READY
UEFI:MEMORY-FRAME-READY
UEFI:RUNTIME-FRAME-COMPLETE
UEFI:COUNTDOWN-FRAME-READY
UEFI:COUNTDOWN-CANCELLED
UEFI:BASE-SURFACE-CACHE-HIT
UEFI:PARTIAL-INTERACTION-FRAME
UEFI:GAL-PRESENT
UEFI:MENU-DRAWN
UEFI:IMAGE-CONTROL-FRAME-READY
UEFI:ICON-CONTROL-FRAME-READY
UEFI:LIST-CONTROL-FRAME-READY
UEFI:STYLE-TEMPLATE-FRAME-READY
UEFI:MEMORY-FRAME-READY
UEFI:RUNTIME-FRAME-COMPLETE
UEFI:CONTROL-KEY-EVENT-BUBBLED
UEFI:BASE-SURFACE-CACHE-HIT
UEFI:SELECTION-OLD-NEW-DAMAGED
UEFI:GAL-PRESENT
UEFI:MENU-DRAWN
UEFI:IMAGE-CONTROL-FRAME-READY
UEFI:ICON-CONTROL-FRAME-READY
UEFI:LIST-CONTROL-FRAME-READY
UEFI:STYLE-TEMPLATE-FRAME-READY
UEFI:MEMORY-FRAME-READY
UEFI:RUNTIME-FRAME-COMPLETE
UEFI:TOOLTIP-SHOW
UEFI:BASE-SURFACE-CACHE-HIT
UEFI:TEXT-AWARE-TOOLTIP-READY
UEFI:TOOLTIP-FRAME-READY
UEFI:GAL-PRESENT
UEFI:MENU-DRAWN
UEFI:IMAGE-CONTROL-FRAME-READY
UEFI:ICON-CONTROL-FRAME-READY
UEFI:LIST-CONTROL-FRAME-READY
UEFI:STYLE-TEMPLATE-FRAME-READY
UEFI:MEMORY-FRAME-READY
UEFI:RUNTIME-FRAME-COMPLETE
UEFI:CONTROL-KEY-EVENT-BUBBLED
UEFI:BASE-SURFACE-CACHE-HIT
UEFI:SELECTION-OLD-NEW-DAMAGED
UEFI:GAL-PRESENT
UEFI:MENU-DRAWN
UEFI:IMAGE-CONTROL-FRAME-READY
UEFI:ICON-CONTROL-FRAME-READY
UEFI:LIST-CONTROL-FRAME-READY
UEFI:STYLE-TEMPLATE-FRAME-READY
UEFI:MEMORY-FRAME-READY
UEFI:RUNTIME-FRAME-COMPLETE
UEFI:CONTROL-KEY-EVENT-BUBBLED
UEFI:SETTINGS
UEFI:NAV-SLIDE-LEFT
UEFI:BASE-SURFACE-CACHE-HIT
UEFI:PARTIAL-INTERACTION-FRAME
UEFI:GAL-PRESENT
UEFI:MENU-DRAWN
UEFI:IMAGE-CONTROL-FRAME-READY
UEFI:ICON-CONTROL-FRAME-READY
UEFI:LIST-CONTROL-FRAME-READY
UEFI:STYLE-TEMPLATE-FRAME-READY
UEFI:MEMORY-FRAME-READY
UEFI:RUNTIME-FRAME-COMPLETE
UEFI:BASE-SURFACE-CACHE-HIT
UEFI:NAV-TRANSFORMED-FRAME
UEFI:GAL-PRESENT
UEFI:MENU-DRAWN
UEFI:IMAGE-CONTROL-FRAME-READY
UEFI:ICON-CONTROL-FRAME-READY
UEFI:LIST-CONTROL-FRAME-READY
UEFI:STYLE-TEMPLATE-FRAME-READY
UEFI:MEMORY-FRAME-READY
UEFI:RUNTIME-FRAME-COMPLETE
UEFI:NAV-EXIT-COMPLETE
UEFI:PAGE-ACTIVE
UEFI:NAV-SLIDE-LEFT
UEFI:BREADCRUMB-FRAME-READY
UEFI:ICONBUTTON-FRAME-READY
UEFI:BASE-SURFACE-CACHE-MISS
UEFI:SELECTION-OLD-NEW-DAMAGED
UEFI:NAV-TRANSFORMED-FRAME
UEFI:GAL-PRESENT
UEFI:MENU-DRAWN
UEFI:IMAGE-CONTROL-FRAME-READY
UEFI:ICON-CONTROL-FRAME-READY
UEFI:LIST-CONTROL-FRAME-READY
UEFI:STYLE-TEMPLATE-FRAME-READY
UEFI:SEPARATOR-FRAME-READY
UEFI:MEMORY-FRAME-READY
UEFI:RUNTIME-FRAME-COMPLETE
UEFI:BASE-SURFACE-CACHE-HIT
UEFI:GAL-PRESENT
UEFI:MENU-DRAWN
UEFI:IMAGE-CONTROL-FRAME-READY
UEFI:ICON-CONTROL-FRAME-READY
UEFI:LIST-CONTROL-FRAME-READY
UEFI:STYLE-TEMPLATE-FRAME-READY
UEFI:SEPARATOR-FRAME-READY
UEFI:MEMORY-FRAME-READY
UEFI:RUNTIME-FRAME-COMPLETE
UEFI:NAV-ENTER-COMPLETE
UEFI:BASE-SURFACE-CACHE-HIT
UEFI:SELECTION-OLD-NEW-DAMAGED
UEFI:GAL-PRESENT
UEFI:MENU-DRAWN
UEFI:IMAGE-CONTROL-FRAME-READY
UEFI:ICON-CONTROL-FRAME-READY
UEFI:LIST-CONTROL-FRAME-READY
UEFI:STYLE-TEMPLATE-FRAME-READY
UEFI:SEPARATOR-FRAME-READY
UEFI:MEMORY-FRAME-READY
UEFI:RUNTIME-FRAME-COMPLETE
UEFI:BASE-SURFACE-CACHE-HIT
UEFI:PARTIAL-INTERACTION-FRAME
UEFI:GAL-PRESENT
UEFI:MENU-DRAWN
UEFI:IMAGE-CONTROL-FRAME-READY
UEFI:ICON-CONTROL-FRAME-READY
UEFI:LIST-CONTROL-FRAME-READY
UEFI:STYLE-TEMPLATE-FRAME-READY
UEFI:SEPARATOR-FRAME-READY
UEFI:MEMORY-FRAME-READY
UEFI:RUNTIME-FRAME-COMPLETE
UEFI:CONTROL-KEY-EVENT-BUBBLED
UEFI:BREADCRUMB-FOCUS
UEFI:BREADCRUMB-FRAME-READY
UEFI:ICONBUTTON-FRAME-READY
UEFI:BASE-SURFACE-CACHE-MISS
UEFI:GAL-PRESENT
UEFI:MENU-DRAWN
UEFI:IMAGE-CONTROL-FRAME-READY
UEFI:ICON-CONTROL-FRAME-READY
UEFI:LIST-CONTROL-FRAME-READY
UEFI:STYLE-TEMPLATE-FRAME-READY
UEFI:SEPARATOR-FRAME-READY
UEFI:MEMORY-FRAME-READY
UEFI:RUNTIME-FRAME-COMPLETE
UEFI:CONTROL-KEY-EVENT-BUBBLED
UEFI:NAV-CROSS-FADE
UEFI:BASE-SURFACE-CACHE-HIT
UEFI:PARTIAL-INTERACTION-FRAME
UEFI:GAL-PRESENT
UEFI:MENU-DRAWN
UEFI:IMAGE-CONTROL-FRAME-READY
UEFI:ICON-CONTROL-FRAME-READY
UEFI:LIST-CONTROL-FRAME-READY
UEFI:STYLE-TEMPLATE-FRAME-READY
UEFI:SEPARATOR-FRAME-READY
UEFI:MEMORY-FRAME-READY
UEFI:RUNTIME-FRAME-COMPLETE
UEFI:BASE-SURFACE-CACHE-HIT
UEFI:GAL-PRESENT
UEFI:MENU-DRAWN
UEFI:IMAGE-CONTROL-FRAME-READY
UEFI:ICON-CONTROL-FRAME-READY
UEFI:LIST-CONTROL-FRAME-READY
UEFI:STYLE-TEMPLATE-FRAME-READY
UEFI:SEPARATOR-FRAME-READY
UEFI:MEMORY-FRAME-READY
UEFI:RUNTIME-FRAME-COMPLETE
UEFI:NAV-EXIT-COMPLETE
UEFI:PAGE-ACTIVE
UEFI:NAV-CROSS-FADE
UEFI:BASE-SURFACE-CACHE-MISS
UEFI:SELECTION-OLD-NEW-DAMAGED
UEFI:GAL-PRESENT
UEFI:MENU-DRAWN
UEFI:IMAGE-CONTROL-FRAME-READY
UEFI:ICON-CONTROL-FRAME-READY
UEFI:LIST-CONTROL-FRAME-READY
UEFI:STYLE-TEMPLATE-FRAME-READY
UEFI:MEMORY-FRAME-READY
UEFI:RUNTIME-FRAME-COMPLETE
UEFI:BASE-SURFACE-CACHE-HIT
UEFI:GAL-PRESENT
UEFI:MENU-DRAWN
UEFI:IMAGE-CONTROL-FRAME-READY
UEFI:ICON-CONTROL-FRAME-READY
UEFI:LIST-CONTROL-FRAME-READY
UEFI:STYLE-TEMPLATE-FRAME-READY
UEFI:MEMORY-FRAME-READY
UEFI:RUNTIME-FRAME-COMPLETE
UEFI:NAV-ENTER-COMPLETE
UEFI:BASE-SURFACE-CACHE-HIT
UEFI:SELECTION-OLD-NEW-DAMAGED
UEFI:GAL-PRESENT
UEFI:MENU-DRAWN
UEFI:IMAGE-CONTROL-FRAME-READY
UEFI:ICON-CONTROL-FRAME-READY
UEFI:LIST-CONTROL-FRAME-READY
UEFI:STYLE-TEMPLATE-FRAME-READY
UEFI:MEMORY-FRAME-READY
UEFI:RUNTIME-FRAME-COMPLETE
UEFI:BREADCRUMB-ROOT
