UEFI:NOVA-ENTRY
UEFI:STATE-MODEL-READY
UEFI:MEMORY-BUDGET-READY
UEFI:GOP-MODES-VALIDATED
UEFI:GOP-DESCRIPTOR-READY
UEFI:GAL-READY
UEFI:FRAMEBUFFER-BACKEND-READY
UEFI:GOP-READY
UEFI:DIAGNOSTICS-FRAMEWORK-READY
UEFI:FRAME-BUDGET-READY
UEFI:SCALING-READY
UEFI:RESOLUTION-COMPATIBILITY-READY
UEFI:PRESENT-SCHEDULER-READY
UEFI:DIRTY-MANAGER-READY
UEFI:CLIP-MASK-READY
UEFI:TRANSFORM2D-READY
UEFI:ROUNDED-GEOMETRY-READY
UEFI:SHADOW-GLOW-READY
UEFI:BACKGROUND-BLUR-READY
UEFI:SURFACE-MANAGER-READY
UEFI:LAYER-MANAGER-READY
UEFI:RESOURCE-LOADER-READY
UEFI:RESOURCE-VERSIONING-READY
UEFI:RESOURCE-COMPRESSION-READY
UEFI:RESOURCE-INTEGRITY-READY
UEFI:RESOURCE-LZ4-DECODE-READY
UEFI:RESOURCE-SHA256-VERIFIED
UEFI:IMAGE-RENDERER-READY
UEFI:PNG-DECODER-READY
UEFI:THEME-RESOURCE-READY
UEFI:DARK-THEME-READY
UEFI:LIGHT-THEME-READY
UEFI:HIGH-CONTRAST-THEME-READY
UEFI:FONT-RESOURCE-REGISTRY-READY
UEFI:SEMANTIC-DESIGN-TOKENS-READY
UEFI:EFFECT-MOTION-TOKENS-READY
UEFI:VISUAL-CONTINUITY-READY
UEFI:INTERACTION-STATES-READY
UEFI:BRANDING-READY
UEFI:DESIGN-COMPATIBILITY-READY
UEFI:RESOURCE-CACHE-READY
UEFI:RESOURCE-PRELOAD-READY
UEFI:RESOURCES-READY
UEFI:PAGES-READY
UEFI:LAYOUT-READY
UEFI:INTERRUPTIBLE-MOTION-READY
UEFI:REDUCED-MOTION-POLICY-READY
UEFI:MOTION-BUDGET-READY
UEFI:ANIMATION-RESOURCE-READY
UEFI:ADAPTIVE-QUALITY-READY
UEFI:LOW-END-PROFILE-READY
UEFI:HIGH-QUALITY-FALLBACK-READY
UEFI:RENDER-QUALITY-READY
UEFI:SOFTWARE-RENDERER-READY
UEFI:RECOVERY-MANAGER-READY
UEFI:MEMORY-MANAGER-READY
UEFI:CONFIGURATION-MANAGER-READY
UEFI:INPUT-READY
UEFI:CONTROLS-READY
UEFI:SCENE-GRAPH-READY
UEFI:RENDER-COMMANDS-READY
UEFI:UI-ARCHITECTURE-READY
UEFI:COMPOSITOR-READY
UEFI:INPUT-EVENT-TRACING-READY
UEFI:RESOURCE-LOADING-DIAGNOSTICS-READY
UEFI:RESOURCE-CORRUPTION-TESTS-READY
UEFI:NAVIGATION-TESTS-READY
UEFI:DIALOG-TESTS-READY
UEFI:CONTROL-INTERACTION-TESTS-READY
UEFI:PASSWORD-FIELD-READY
UEFI:FOCUS-PROBE-SET
