UEFI:NOVA-ENTRY
UEFI:GOP-READY
UEFI:LAYOUT-READY
UEFI:BRANDING-READY
UEFI:RESOURCES-READY
UEFI:INPUT-READY
UEFI:CONTROLS-READY
UEFI:COMPOSITOR-READY
UEFI:NAVIGATION-READY
UEFI:DIALOG-READY
UEFI:POWER-READY
UEFI:POINTER-READY
UEFI:MENU-DRAWN
UEFI:MENU-DRAWN
UEFI:MENU-DRAWN
UEFI:MENU-DRAWN
UEFI:MENU-DRAWN
UEFI:MENU-DRAWN
UEFI:MENU-DRAWN
UEFI:MENU-DRAWN
UEFI:MENU-DRAWN
UEFI:MENU-DRAWN
UEFI:MOTION-READY
UEFI:DIAGNOSTICS-READY
UEFI:COUNTDOWN-5
UEFI:MENU-DRAWN
UEFI:COUNTDOWN-FRAME-READY
UEFI:COUNTDOWN-CANCELLED
UEFI:MENU-DRAWN
UEFI:MENU-DRAWN
UEFI:MENU-DRAWN
UEFI:MENU-DRAWN
UEFI:MENU-DRAWN
UEFI:MENU-DRAWN
UEFI:POWER-VIEW
UEFI:NAV-SLIDE-LEFT
UEFI:MENU-DRAWN
UEFI:NAV-TRANSFORMED-FRAME
UEFI:MENU-DRAWN
UEFI:NAV-TRANSFORMED-FRAME
UEFI:MENU-DRAWN
UEFI:NAV-EXIT-COMPLETE
UEFI:NAV-SLIDE-LEFT
UEFI:NAV-TRANSFORMED-FRAME
UEFI:MENU-DRAWN
UEFI:NAV-TRANSFORMED-FRAME
UEFI:MENU-DRAWN
UEFI:MENU-DRAWN
UEFI:NAV-ENTER-COMPLETE
UEFI:MENU-DRAWN
UEFI:MENU-DRAWN
UEFI:POWER-CONFIRM
UEFI:MENU-DRAWN
UEFI:DIALOG-FRAME-READY
UEFI:MENU-DRAWN
UEFI:DIALOG-FRAME-READY
UEFI:DIALOG-DESTRUCTIVE-ARMED
UEFI:MENU-DRAWN
UEFI:DIALOG-FRAME-READY
UEFI:DIALOG-RESULT-YES
UEFI:POWER-SHUTDOWN
