UEFI:NOVA-ENTRY
UEFI:GOP-READY
UEFI:BRANDING-READY
UEFI:RESOURCES-READY
UEFI:PAGES-READY
UEFI:LAYOUT-READY
UEFI:RECOVERY-MANAGER-READY
UEFI:MEMORY-MANAGER-READY
UEFI:CONFIGURATION-MANAGER-READY
UEFI:INPUT-READY
UEFI:CONTROLS-READY
UEFI:COMPOSITOR-READY
UEFI:RUNTIME-RUNNING
UEFI:NAVIGATION-READY
UEFI:DIALOG-READY
UEFI:POWER-READY
UEFI:FIRMWARE-SECURE-BOOT-OFF
UEFI:FIRMWARE-SETUP-SUPPORTED
UEFI:FIRMWARE-READY
UEFI:POINTER-READY
UEFI:MENU-DRAWN
UEFI:IMAGE-CONTROL-FRAME-READY
UEFI:ICON-CONTROL-FRAME-READY
UEFI:LIST-CONTROL-FRAME-READY
UEFI:STYLE-TEMPLATE-FRAME-READY
UEFI:MEMORY-FRAME-READY
UEFI:RUNTIME-FRAME-COMPLETE
UEFI:MENU-DRAWN
UEFI:IMAGE-CONTROL-FRAME-READY
UEFI:ICON-CONTROL-FRAME-READY
UEFI:LIST-CONTROL-FRAME-READY
UEFI:STYLE-TEMPLATE-FRAME-READY
UEFI:MEMORY-FRAME-READY
UEFI:RUNTIME-FRAME-COMPLETE
UEFI:MENU-DRAWN
UEFI:IMAGE-CONTROL-FRAME-READY
UEFI:ICON-CONTROL-FRAME-READY
UEFI:LIST-CONTROL-FRAME-READY
UEFI:STYLE-TEMPLATE-FRAME-READY
UEFI:MEMORY-FRAME-READY
UEFI:RUNTIME-FRAME-COMPLETE
UEFI:MENU-DRAWN
UEFI:IMAGE-CONTROL-FRAME-READY
UEFI:ICON-CONTROL-FRAME-READY
UEFI:LIST-CONTROL-FRAME-READY
UEFI:STYLE-TEMPLATE-FRAME-READY
UEFI:MEMORY-FRAME-READY
UEFI:RUNTIME-FRAME-COMPLETE
UEFI:MENU-DRAWN
UEFI:IMAGE-CONTROL-FRAME-READY
UEFI:ICON-CONTROL-FRAME-READY
UEFI:LIST-CONTROL-FRAME-READY
UEFI:STYLE-TEMPLATE-FRAME-READY
UEFI:MEMORY-FRAME-READY
UEFI:RUNTIME-FRAME-COMPLETE
UEFI:MENU-DRAWN
UEFI:IMAGE-CONTROL-FRAME-READY
UEFI:ICON-CONTROL-FRAME-READY
UEFI:LIST-CONTROL-FRAME-READY
UEFI:STYLE-TEMPLATE-FRAME-READY
UEFI:MEMORY-FRAME-READY
UEFI:RUNTIME-FRAME-COMPLETE
UEFI:MENU-DRAWN
UEFI:IMAGE-CONTROL-FRAME-READY
UEFI:ICON-CONTROL-FRAME-READY
UEFI:LIST-CONTROL-FRAME-READY
UEFI:STYLE-TEMPLATE-FRAME-READY
UEFI:MEMORY-FRAME-READY
UEFI:RUNTIME-FRAME-COMPLETE
UEFI:MENU-DRAWN
UEFI:IMAGE-CONTROL-FRAME-READY
UEFI:ICON-CONTROL-FRAME-READY
UEFI:LIST-CONTROL-FRAME-READY
UEFI:STYLE-TEMPLATE-FRAME-READY
UEFI:MEMORY-FRAME-READY
UEFI:RUNTIME-FRAME-COMPLETE
UEFI:MENU-DRAWN
UEFI:IMAGE-CONTROL-FRAME-READY
UEFI:ICON-CONTROL-FRAME-READY
UEFI:LIST-CONTROL-FRAME-READY
UEFI:STYLE-TEMPLATE-FRAME-READY
UEFI:MEMORY-FRAME-READY
UEFI:RUNTIME-FRAME-COMPLETE
UEFI:MENU-DRAWN
UEFI:IMAGE-CONTROL-FRAME-READY
UEFI:ICON-CONTROL-FRAME-READY
UEFI:LIST-CONTROL-FRAME-READY
UEFI:STYLE-TEMPLATE-FRAME-READY
UEFI:MEMORY-FRAME-READY
UEFI:RUNTIME-FRAME-COMPLETE
UEFI:MOTION-READY
UEFI:DIAGNOSTICS-READY
UEFI:COUNTDOWN-5
UEFI:MENU-DRAWN
UEFI:IMAGE-CONTROL-FRAME-READY
UEFI:ICON-CONTROL-FRAME-READY
UEFI:LIST-CONTROL-FRAME-READY
UEFI:STYLE-TEMPLATE-FRAME-READY
UEFI:LABEL-FRAME-READY
UEFI:MEMORY-FRAME-READY
UEFI:RUNTIME-FRAME-COMPLETE
UEFI:COUNTDOWN-FRAME-READY
UEFI:COUNTDOWN-4
UEFI:MENU-DRAWN
UEFI:IMAGE-CONTROL-FRAME-READY
UEFI:ICON-CONTROL-FRAME-READY
UEFI:LIST-CONTROL-FRAME-READY
UEFI:STYLE-TEMPLATE-FRAME-READY
UEFI:LABEL-FRAME-READY
UEFI:MEMORY-FRAME-READY
UEFI:RUNTIME-FRAME-COMPLETE
UEFI:COUNTDOWN-3
UEFI:MENU-DRAWN
UEFI:IMAGE-CONTROL-FRAME-READY
UEFI:ICON-CONTROL-FRAME-READY
UEFI:LIST-CONTROL-FRAME-READY
UEFI:STYLE-TEMPLATE-FRAME-READY
UEFI:LABEL-FRAME-READY
UEFI:MEMORY-FRAME-READY
UEFI:RUNTIME-FRAME-COMPLETE
UEFI:COUNTDOWN-2
UEFI:MENU-DRAWN
UEFI:IMAGE-CONTROL-FRAME-READY
UEFI:ICON-CONTROL-FRAME-READY
UEFI:LIST-CONTROL-FRAME-READY
UEFI:STYLE-TEMPLATE-FRAME-READY
UEFI:LABEL-FRAME-READY
UEFI:MEMORY-FRAME-READY
UEFI:RUNTIME-FRAME-COMPLETE
UEFI:COUNTDOWN-1
UEFI:MENU-DRAWN
UEFI:IMAGE-CONTROL-FRAME-READY
UEFI:ICON-CONTROL-FRAME-READY
UEFI:LIST-CONTROL-FRAME-READY
UEFI:STYLE-TEMPLATE-FRAME-READY
UEFI:LABEL-FRAME-READY
UEFI:MEMORY-FRAME-READY
UEFI:RUNTIME-FRAME-COMPLETE
UEFI:RUNTIME-SHUTDOWN
UEFI:RUNTIME-DESTROYED
UEFI:START
