UEFI:NOVA-ENTRY
UEFI:GOP-READY
UEFI:PAGES-READY
UEFI:LAYOUT-READY
UEFI:BRANDING-READY
UEFI:RESOURCES-READY
UEFI:INPUT-READY
UEFI:CONTROLS-READY
UEFI:COMPOSITOR-READY
UEFI:NAVIGATION-READY
UEFI:DIALOG-READY
UEFI:POWER-READY
UEFI:FIRMWARE-SECURE-BOOT-OFF
UEFI:FIRMWARE-SETUP-SUPPORTED
UEFI:FIRMWARE-READY
UEFI:POINTER-READY
UEFI:MENU-DRAWN
UEFI:IMAGE-CONTROL-FRAME-READY
UEFI:ICON-CONTROL-FRAME-READY
UEFI:LIST-CONTROL-FRAME-READY
UEFI:MENU-DRAWN
UEFI:IMAGE-CONTROL-FRAME-READY
UEFI:ICON-CONTROL-FRAME-READY
UEFI:LIST-CONTROL-FRAME-READY
UEFI:MENU-DRAWN
UEFI:IMAGE-CONTROL-FRAME-READY
UEFI:ICON-CONTROL-FRAME-READY
UEFI:LIST-CONTROL-FRAME-READY
UEFI:MENU-DRAWN
UEFI:IMAGE-CONTROL-FRAME-READY
UEFI:ICON-CONTROL-FRAME-READY
UEFI:LIST-CONTROL-FRAME-READY
UEFI:MENU-DRAWN
UEFI:IMAGE-CONTROL-FRAME-READY
UEFI:ICON-CONTROL-FRAME-READY
UEFI:LIST-CONTROL-FRAME-READY
UEFI:MENU-DRAWN
UEFI:IMAGE-CONTROL-FRAME-READY
UEFI:ICON-CONTROL-FRAME-READY
UEFI:LIST-CONTROL-FRAME-READY
UEFI:MENU-DRAWN
UEFI:IMAGE-CONTROL-FRAME-READY
UEFI:ICON-CONTROL-FRAME-READY
UEFI:LIST-CONTROL-FRAME-READY
UEFI:MENU-DRAWN
UEFI:IMAGE-CONTROL-FRAME-READY
UEFI:ICON-CONTROL-FRAME-READY
UEFI:LIST-CONTROL-FRAME-READY
UEFI:MENU-DRAWN
UEFI:IMAGE-CONTROL-FRAME-READY
UEFI:ICON-CONTROL-FRAME-READY
UEFI:LIST-CONTROL-FRAME-READY
UEFI:MENU-DRAWN
UEFI:IMAGE-CONTROL-FRAME-READY
UEFI:ICON-CONTROL-FRAME-READY
UEFI:LIST-CONTROL-FRAME-READY
UEFI:MOTION-READY
UEFI:DIAGNOSTICS-READY
UEFI:COUNTDOWN-5
UEFI:MENU-DRAWN
UEFI:IMAGE-CONTROL-FRAME-READY
UEFI:ICON-CONTROL-FRAME-READY
UEFI:LIST-CONTROL-FRAME-READY
UEFI:LABEL-FRAME-READY
UEFI:COUNTDOWN-FRAME-READY
UEFI:COUNTDOWN-CANCELLED
UEFI:MENU-DRAWN
UEFI:IMAGE-CONTROL-FRAME-READY
UEFI:ICON-CONTROL-FRAME-READY
UEFI:LIST-CONTROL-FRAME-READY
UEFI:MENU-DRAWN
UEFI:IMAGE-CONTROL-FRAME-READY
UEFI:ICON-CONTROL-FRAME-READY
UEFI:LIST-CONTROL-FRAME-READY
UEFI:MENU-DRAWN
UEFI:IMAGE-CONTROL-FRAME-READY
UEFI:ICON-CONTROL-FRAME-READY
UEFI:LIST-CONTROL-FRAME-READY
UEFI:MENU-DRAWN
UEFI:IMAGE-CONTROL-FRAME-READY
UEFI:ICON-CONTROL-FRAME-READY
UEFI:LIST-CONTROL-FRAME-READY
UEFI:MENU-DRAWN
UEFI:IMAGE-CONTROL-FRAME-READY
UEFI:ICON-CONTROL-FRAME-READY
UEFI:LIST-CONTROL-FRAME-READY
UEFI:RECOVERY-VIEW
UEFI:NAV-RECOVERY-FADE
UEFI:MENU-DRAWN
UEFI:IMAGE-CONTROL-FRAME-READY
UEFI:ICON-CONTROL-FRAME-READY
UEFI:LIST-CONTROL-FRAME-READY
UEFI:MENU-DRAWN
UEFI:IMAGE-CONTROL-FRAME-READY
UEFI:ICON-CONTROL-FRAME-READY
UEFI:LIST-CONTROL-FRAME-READY
UEFI:MENU-DRAWN
UEFI:IMAGE-CONTROL-FRAME-READY
UEFI:ICON-CONTROL-FRAME-READY
UEFI:LIST-CONTROL-FRAME-READY
UEFI:NAV-EXIT-COMPLETE
UEFI:PAGE-ACTIVE
UEFI:NAV-RECOVERY-FADE
UEFI:BREADCRUMB-FRAME-READY
UEFI:ICONBUTTON-FRAME-READY
UEFI:TILE-FRAME-READY
UEFI:MENU-DRAWN
UEFI:IMAGE-CONTROL-FRAME-READY
UEFI:ICON-CONTROL-FRAME-READY
UEFI:LIST-CONTROL-FRAME-READY
UEFI:STATUS-BADGE-FRAME-READY
UEFI:BREADCRUMB-FRAME-READY
UEFI:ICONBUTTON-FRAME-READY
UEFI:TILE-FRAME-READY
UEFI:MENU-DRAWN
UEFI:IMAGE-CONTROL-FRAME-READY
UEFI:ICON-CONTROL-FRAME-READY
UEFI:LIST-CONTROL-FRAME-READY
UEFI:STATUS-BADGE-FRAME-READY
UEFI:BREADCRUMB-FRAME-READY
UEFI:ICONBUTTON-FRAME-READY
UEFI:TILE-FRAME-READY
UEFI:MENU-DRAWN
UEFI:IMAGE-CONTROL-FRAME-READY
UEFI:ICON-CONTROL-FRAME-READY
UEFI:LIST-CONTROL-FRAME-READY
UEFI:STATUS-BADGE-FRAME-READY
UEFI:NAV-ENTER-COMPLETE
UEFI:BREADCRUMB-FRAME-READY
UEFI:ICONBUTTON-FRAME-READY
UEFI:TILE-FRAME-READY
UEFI:MENU-DRAWN
UEFI:IMAGE-CONTROL-FRAME-READY
UEFI:ICON-CONTROL-FRAME-READY
UEFI:LIST-CONTROL-FRAME-READY
UEFI:STATUS-BADGE-FRAME-READY
UEFI:BREADCRUMB-FRAME-READY
UEFI:ICONBUTTON-FRAME-READY
UEFI:TILE-FRAME-READY
UEFI:MENU-DRAWN
UEFI:IMAGE-CONTROL-FRAME-READY
UEFI:ICON-CONTROL-FRAME-READY
UEFI:LIST-CONTROL-FRAME-READY
UEFI:STATUS-BADGE-FRAME-READY
UEFI:TILE-NAVIGATION
UEFI:BREADCRUMB-FRAME-READY
UEFI:ICONBUTTON-FRAME-READY
UEFI:TILE-FRAME-READY
UEFI:MENU-DRAWN
UEFI:IMAGE-CONTROL-FRAME-READY
UEFI:ICON-CONTROL-FRAME-READY
UEFI:LIST-CONTROL-FRAME-READY
UEFI:STATUS-BADGE-FRAME-READY
UEFI:TILE-NAVIGATION
UEFI:BREADCRUMB-FRAME-READY
UEFI:ICONBUTTON-FRAME-READY
UEFI:TILE-FRAME-READY
UEFI:MENU-DRAWN
UEFI:IMAGE-CONTROL-FRAME-READY
UEFI:ICON-CONTROL-FRAME-READY
UEFI:LIST-CONTROL-FRAME-READY
UEFI:STATUS-BADGE-FRAME-READY
UEFI:DIALOG-OPEN
UEFI:DIALOG-ENTER-START
UEFI:DIALOG-PAGE-ACTIVE
UEFI:BREADCRUMB-FRAME-READY
UEFI:ICONBUTTON-FRAME-READY
UEFI:TILE-FRAME-READY
UEFI:MENU-DRAWN
UEFI:IMAGE-CONTROL-FRAME-READY
UEFI:ICON-CONTROL-FRAME-READY
UEFI:LIST-CONTROL-FRAME-READY
UEFI:STATUS-BADGE-FRAME-READY
UEFI:DIALOG-FRAME-READY
UEFI:BREADCRUMB-FRAME-READY
UEFI:ICONBUTTON-FRAME-READY
UEFI:TILE-FRAME-READY
UEFI:MENU-DRAWN
UEFI:IMAGE-CONTROL-FRAME-READY
UEFI:ICON-CONTROL-FRAME-READY
UEFI:LIST-CONTROL-FRAME-READY
UEFI:STATUS-BADGE-FRAME-READY
UEFI:DIALOG-FRAME-READY
UEFI:BREADCRUMB-FRAME-READY
UEFI:ICONBUTTON-FRAME-READY
UEFI:TILE-FRAME-READY
UEFI:MENU-DRAWN
UEFI:IMAGE-CONTROL-FRAME-READY
UEFI:ICON-CONTROL-FRAME-READY
UEFI:LIST-CONTROL-FRAME-READY
UEFI:STATUS-BADGE-FRAME-READY
UEFI:DIALOG-FRAME-READY
UEFI:BREADCRUMB-FRAME-READY
UEFI:ICONBUTTON-FRAME-READY
UEFI:TILE-FRAME-READY
UEFI:MENU-DRAWN
UEFI:IMAGE-CONTROL-FRAME-READY
UEFI:ICON-CONTROL-FRAME-READY
UEFI:LIST-CONTROL-FRAME-READY
UEFI:STATUS-BADGE-FRAME-READY
UEFI:DIALOG-FRAME-READY
UEFI:DIALOG-ENTER-COMPLETE
UEFI:BREADCRUMB-FRAME-READY
UEFI:ICONBUTTON-FRAME-READY
UEFI:TILE-FRAME-READY
UEFI:MENU-DRAWN
UEFI:IMAGE-CONTROL-FRAME-READY
UEFI:ICON-CONTROL-FRAME-READY
UEFI:LIST-CONTROL-FRAME-READY
UEFI:STATUS-BADGE-FRAME-READY
UEFI:DIALOG-FRAME-READY
UEFI:DIALOG-STABLE
