UEFI:NOVA-ENTRY
UEFI:GOP-READY
UEFI:PAGES-READY
UEFI:LAYOUT-READY
UEFI:BRANDING-READY
UEFI:RESOURCES-READY
UEFI:INPUT-READY
UEFI:CONTROLS-READY
UEFI:COMPOSITOR-READY
UEFI:NAVIGATION-READY
UEFI:DIALOG-READY
UEFI:POWER-READY
UEFI:POINTER-READY
UEFI:MENU-DRAWN
UEFI:MENU-DRAWN
UEFI:MENU-DRAWN
UEFI:MENU-DRAWN
UEFI:MENU-DRAWN
UEFI:MENU-DRAWN
UEFI:MENU-DRAWN
UEFI:MENU-DRAWN
UEFI:MENU-DRAWN
UEFI:MENU-DRAWN
UEFI:MOTION-READY
UEFI:DIAGNOSTICS-READY
UEFI:COUNTDOWN-5
UEFI:MENU-DRAWN
UEFI:COUNTDOWN-FRAME-READY
UEFI:COUNTDOWN-CANCELLED
UEFI:MENU-DRAWN
UEFI:MENU-DRAWN
UEFI:INSTALL-UNAVAILABLE
UEFI:DIALOG-OPEN
UEFI:DIALOG-ENTER-START
UEFI:DIALOG-PAGE-ACTIVE
UEFI:DIALOG-TITLE=Installation nicht verfügbar
UEFI:DIALOG-MESSAGE=Dieses Abbild enthält noch kein geprüftes Installationsmodul.
UEFI:MENU-DRAWN
UEFI:DIALOG-FRAME-READY
UEFI:DIALOG-TITLE=Installation nicht verfügbar
UEFI:DIALOG-MESSAGE=Dieses Abbild enthält noch kein geprüftes Installationsmodul.
UEFI:MENU-DRAWN
UEFI:DIALOG-FRAME-READY
UEFI:DIALOG-TITLE=Installation nicht verfügbar
UEFI:DIALOG-MESSAGE=Dieses Abbild enthält noch kein geprüftes Installationsmodul.
UEFI:MENU-DRAWN
UEFI:DIALOG-FRAME-READY
UEFI:DIALOG-ENTER-COMPLETE
UEFI:DIALOG-TITLE=Installation nicht verfügbar
UEFI:DIALOG-MESSAGE=Dieses Abbild enthält noch kein geprüftes Installationsmodul.
UEFI:MENU-DRAWN
UEFI:DIALOG-FRAME-READY
UEFI:DIALOG-EXIT-START
UEFI:DIALOG-TITLE=Installation nicht verfügbar
UEFI:DIALOG-MESSAGE=Dieses Abbild enthält noch kein geprüftes Installationsmodul.
UEFI:MENU-DRAWN
UEFI:DIALOG-FRAME-READY
UEFI:DIALOG-TITLE=Installation nicht verfügbar
UEFI:DIALOG-MESSAGE=Dieses Abbild enthält noch kein geprüftes Installationsmodul.
UEFI:MENU-DRAWN
UEFI:DIALOG-FRAME-READY
UEFI:DIALOG-TITLE=Installation nicht verfügbar
UEFI:DIALOG-MESSAGE=Dieses Abbild enthält noch kein geprüftes Installationsmodul.
UEFI:MENU-DRAWN
UEFI:DIALOG-FRAME-READY
UEFI:DIALOG-EXIT-COMPLETE
UEFI:DIALOG-RESULT-CANCEL
UEFI:PAGE-RESTORED
