UEFI:NOVA-ENTRY
UEFI:GOP-READY
UEFI:PAGES-READY
UEFI:LAYOUT-READY
UEFI:BRANDING-READY
UEFI:RESOURCES-READY
UEFI:INPUT-READY
UEFI:CONTROLS-READY
UEFI:COMPOSITOR-READY
UEFI:NAVIGATION-READY
UEFI:DIALOG-READY
UEFI:POWER-READY
UEFI:FIRMWARE-SECURE-BOOT-OFF
UEFI:FIRMWARE-SETUP-SUPPORTED
UEFI:FIRMWARE-READY
UEFI:POINTER-READY
UEFI:MENU-DRAWN
UEFI:MENU-DRAWN
UEFI:MENU-DRAWN
UEFI:MENU-DRAWN
UEFI:MENU-DRAWN
UEFI:MENU-DRAWN
UEFI:MENU-DRAWN
UEFI:MENU-DRAWN
UEFI:MENU-DRAWN
UEFI:MENU-DRAWN
UEFI:MOTION-READY
UEFI:DIAGNOSTICS-READY
UEFI:COUNTDOWN-5
UEFI:MENU-DRAWN
UEFI:COUNTDOWN-FRAME-READY
UEFI:COUNTDOWN-CANCELLED
UEFI:MENU-DRAWN
UEFI:MENU-DRAWN
UEFI:MENU-DRAWN
UEFI:SETTINGS
UEFI:NAV-SLIDE-LEFT
UEFI:MENU-DRAWN
UEFI:NAV-TRANSFORMED-FRAME
UEFI:MENU-DRAWN
UEFI:NAV-TRANSFORMED-FRAME
UEFI:MENU-DRAWN
UEFI:NAV-EXIT-COMPLETE
UEFI:PAGE-ACTIVE
UEFI:NAV-SLIDE-LEFT
UEFI:BREADCRUMB-FRAME-READY
UEFI:NAV-TRANSFORMED-FRAME
UEFI:MENU-DRAWN
UEFI:BREADCRUMB-FRAME-READY
UEFI:NAV-TRANSFORMED-FRAME
UEFI:MENU-DRAWN
UEFI:BREADCRUMB-FRAME-READY
UEFI:MENU-DRAWN
UEFI:NAV-ENTER-COMPLETE
UEFI:BREADCRUMB-FRAME-READY
UEFI:MENU-DRAWN
UEFI:BREADCRUMB-FRAME-READY
UEFI:MENU-DRAWN
UEFI:BREADCRUMB-FRAME-READY
UEFI:MENU-DRAWN
UEFI:BREADCRUMB-FRAME-READY
UEFI:MENU-DRAWN
UEFI:BREADCRUMB-FRAME-READY
UEFI:MENU-DRAWN
UEFI:BREADCRUMB-FRAME-READY
UEFI:MENU-DRAWN
UEFI:FIRMWARE-SECURE-BOOT-OFF
UEFI:FIRMWARE-SETUP-SUPPORTED
UEFI:FIRMWARE-VIEW
UEFI:NAV-SLIDE-LEFT
UEFI:BREADCRUMB-FRAME-READY
UEFI:MENU-DRAWN
UEFI:BREADCRUMB-FRAME-READY
UEFI:NAV-TRANSFORMED-FRAME
UEFI:MENU-DRAWN
UEFI:BREADCRUMB-FRAME-READY
UEFI:NAV-TRANSFORMED-FRAME
UEFI:MENU-DRAWN
UEFI:NAV-EXIT-COMPLETE
UEFI:PAGE-ACTIVE
UEFI:NAV-SLIDE-LEFT
UEFI:BREADCRUMB-FRAME-READY
UEFI:NAV-TRANSFORMED-FRAME
UEFI:MENU-DRAWN
UEFI:BREADCRUMB-FRAME-READY
UEFI:NAV-TRANSFORMED-FRAME
UEFI:MENU-DRAWN
UEFI:BREADCRUMB-FRAME-READY
UEFI:MENU-DRAWN
UEFI:NAV-ENTER-COMPLETE
UEFI:BREADCRUMB-FRAME-READY
UEFI:MENU-DRAWN
UEFI:BREADCRUMB-FRAME-READY
UEFI:MENU-DRAWN
UEFI:FIRMWARE-VIEW-STABLE
UEFI:BREADCRUMB-FRAME-READY
UEFI:MENU-DRAWN
UEFI:BREADCRUMB-FRAME-READY
UEFI:MENU-DRAWN
UEFI:BREADCRUMB-FRAME-READY
UEFI:MENU-DRAWN
UEFI:BREADCRUMB-FRAME-READY
UEFI:MENU-DRAWN
UEFI:FIRMWARE-SETUP-CONFIRM
UEFI:DIALOG-ENTER-START
UEFI:DIALOG-PAGE-ACTIVE
UEFI:BREADCRUMB-FRAME-READY
UEFI:MENU-DRAWN
UEFI:DIALOG-FRAME-READY
UEFI:BREADCRUMB-FRAME-READY
UEFI:MENU-DRAWN
UEFI:DIALOG-FRAME-READY
UEFI:BREADCRUMB-FRAME-READY
UEFI:MENU-DRAWN
UEFI:DIALOG-FRAME-READY
UEFI:BREADCRUMB-FRAME-READY
UEFI:MENU-DRAWN
UEFI:DIALOG-FRAME-READY
UEFI:DIALOG-ENTER-COMPLETE
UEFI:BREADCRUMB-FRAME-READY
UEFI:MENU-DRAWN
UEFI:DIALOG-FRAME-READY
UEFI:DIALOG-STABLE
UEFI:FIRMWARE-VIEW-STABLE
UEFI:BREADCRUMB-FRAME-READY
UEFI:MENU-DRAWN
UEFI:DIALOG-FRAME-READY
UEFI:DIALOG-DESTRUCTIVE-ARMED
UEFI:BREADCRUMB-FRAME-READY
UEFI:MENU-DRAWN
UEFI:DIALOG-FRAME-READY
UEFI:DIALOG-EXIT-START
UEFI:BREADCRUMB-FRAME-READY
UEFI:MENU-DRAWN
UEFI:DIALOG-FRAME-READY
UEFI:BREADCRUMB-FRAME-READY
UEFI:MENU-DRAWN
UEFI:DIALOG-FRAME-READY
UEFI:BREADCRUMB-FRAME-READY
UEFI:MENU-DRAWN
UEFI:DIALOG-FRAME-READY
UEFI:BREADCRUMB-FRAME-READY
UEFI:MENU-DRAWN
UEFI:DIALOG-FRAME-READY
UEFI:DIALOG-EXIT-COMPLETE
UEFI:DIALOG-RESULT-YES
UEFI:FIRMWARE-SETUP-REQUESTED
