UEFI:NOVA-ENTRY
UEFI:GOP-READY
UEFI:PAGES-READY
UEFI:LAYOUT-READY
UEFI:BRANDING-READY
UEFI:RESOURCES-READY
UEFI:INPUT-READY
UEFI:CONTROLS-READY
UEFI:COMPOSITOR-READY
UEFI:NAVIGATION-READY
UEFI:DIALOG-READY
UEFI:POWER-READY
UEFI:POINTER-READY
UEFI:MENU-DRAWN
UEFI:MENU-DRAWN
UEFI:MENU-DRAWN
UEFI:MENU-DRAWN
UEFI:MENU-DRAWN
UEFI:MENU-DRAWN
UEFI:MENU-DRAWN
UEFI:MENU-DRAWN
UEFI:MENU-DRAWN
UEFI:MENU-DRAWN
UEFI:MOTION-READY
UEFI:DIAGNOSTICS-READY
UEFI:COUNTDOWN-5
UEFI:MENU-DRAWN
UEFI:COUNTDOWN-FRAME-READY
UEFI:COUNTDOWN-CANCELLED
UEFI:MENU-DRAWN
UEFI:MENU-DRAWN
UEFI:MENU-DRAWN
UEFI:SETTINGS
UEFI:NAV-SLIDE-LEFT
UEFI:MENU-DRAWN
UEFI:NAV-TRANSFORMED-FRAME
UEFI:MENU-DRAWN
UEFI:NAV-TRANSFORMED-FRAME
UEFI:MENU-DRAWN
UEFI:NAV-EXIT-COMPLETE
UEFI:PAGE-ACTIVE
UEFI:NAV-SLIDE-LEFT
UEFI:BREADCRUMB-FRAME-READY
UEFI:NAV-TRANSFORMED-FRAME
UEFI:MENU-DRAWN
UEFI:BREADCRUMB-FRAME-READY
UEFI:NAV-TRANSFORMED-FRAME
UEFI:MENU-DRAWN
UEFI:BREADCRUMB-FRAME-READY
UEFI:MENU-DRAWN
UEFI:NAV-ENTER-COMPLETE
UEFI:BREADCRUMB-FRAME-READY
UEFI:MENU-DRAWN
UEFI:BREADCRUMB-FRAME-READY
UEFI:MENU-DRAWN
UEFI:THEME-LIGHT
UEFI:BREADCRUMB-FRAME-READY
UEFI:MENU-DRAWN
UEFI:TOOLTIP-SHOW
UEFI:BREADCRUMB-FRAME-READY
UEFI:TOOLTIP-FRAME-READY
UEFI:MENU-DRAWN
UEFI:THEME-HIGH-CONTRAST
UEFI:BREADCRUMB-FRAME-READY
UEFI:MENU-DRAWN
UEFI:TOOLTIP-SHOW
UEFI:BREADCRUMB-FRAME-READY
UEFI:TOOLTIP-FRAME-READY
UEFI:MENU-DRAWN
UEFI:THEME-DARK
UEFI:BREADCRUMB-FRAME-READY
UEFI:MENU-DRAWN
UEFI:BREADCRUMB-FRAME-READY
UEFI:MENU-DRAWN
UEFI:SETTINGS-SWITCH-UPDATED
UEFI:REDUCED-MOTION-ON
UEFI:BREADCRUMB-FRAME-READY
UEFI:MENU-DRAWN
UEFI:BACK
UEFI:NAV-REDUCED-FADE
UEFI:BREADCRUMB-FRAME-READY
