UEFI:NOVA-ENTRY
UEFI:GOP-READY
UEFI:PAGES-READY
UEFI:LAYOUT-READY
UEFI:BRANDING-READY
UEFI:RESOURCES-READY
UEFI:INPUT-READY
UEFI:CONTROLS-READY
UEFI:COMPOSITOR-READY
UEFI:NAVIGATION-READY
UEFI:DIALOG-READY
UEFI:POWER-READY
UEFI:POINTER-READY
UEFI:MENU-DRAWN
UEFI:MENU-DRAWN
UEFI:MENU-DRAWN
UEFI:MENU-DRAWN
UEFI:MENU-DRAWN
UEFI:MENU-DRAWN
UEFI:MENU-DRAWN
UEFI:MENU-DRAWN
UEFI:MENU-DRAWN
UEFI:MENU-DRAWN
UEFI:MOTION-READY
UEFI:DIAGNOSTICS-READY
UEFI:COUNTDOWN-5
UEFI:MENU-DRAWN
UEFI:COUNTDOWN-FRAME-READY
UEFI:COUNTDOWN-CANCELLED
UEFI:MENU-DRAWN
UEFI:MENU-DRAWN
UEFI:INSTALL-UNAVAILABLE
UEFI:DIALOG-OPEN
UEFI:DIALOG-PAGE-ACTIVE
UEFI:MENU-DRAWN
UEFI:DIALOG-FRAME-READY
UEFI:DIALOG-RESULT-OK
UEFI:PAGE-RESTORED
UEFI:MENU-DRAWN
UEFI:MENU-DRAWN
UEFI:SETTINGS
UEFI:NAV-SLIDE-LEFT
UEFI:MENU-DRAWN
UEFI:NAV-TRANSFORMED-FRAME
UEFI:MENU-DRAWN
UEFI:NAV-TRANSFORMED-FRAME
UEFI:MENU-DRAWN
UEFI:NAV-EXIT-COMPLETE
UEFI:PAGE-ACTIVE
UEFI:NAV-SLIDE-LEFT
UEFI:NAV-TRANSFORMED-FRAME
UEFI:MENU-DRAWN
UEFI:NAV-TRANSFORMED-FRAME
UEFI:MENU-DRAWN
UEFI:MENU-DRAWN
UEFI:NAV-ENTER-COMPLETE
UEFI:MENU-DRAWN
UEFI:MENU-DRAWN
UEFI:BACK
UEFI:NAV-SLIDE-RIGHT
UEFI:MENU-DRAWN
UEFI:NAV-TRANSFORMED-FRAME
UEFI:MENU-DRAWN
UEFI:NAV-TRANSFORMED-FRAME
UEFI:MENU-DRAWN
UEFI:NAV-EXIT-COMPLETE
UEFI:PAGE-ACTIVE
UEFI:NAV-SLIDE-RIGHT
UEFI:NAV-TRANSFORMED-FRAME
UEFI:MENU-DRAWN
UEFI:NAV-TRANSFORMED-FRAME
UEFI:MENU-DRAWN
UEFI:MENU-DRAWN
UEFI:NAV-ENTER-COMPLETE
UEFI:MENU-DRAWN
UEFI:NAV-RESTORED
UEFI:MENU-DRAWN
UEFI:MENU-DRAWN
UEFI:DIAGNOSTICS-VIEW
UEFI:NAV-SLIDE-LEFT
UEFI:MENU-DRAWN
UEFI:NAV-TRANSFORMED-FRAME
UEFI:MENU-DRAWN
UEFI:NAV-TRANSFORMED-FRAME
UEFI:MENU-DRAWN
UEFI:NAV-EXIT-COMPLETE
UEFI:PAGE-ACTIVE
UEFI:NAV-SLIDE-LEFT
UEFI:NAV-TRANSFORMED-FRAME
UEFI:MENU-DRAWN
UEFI:NAV-TRANSFORMED-FRAME
UEFI:MENU-DRAWN
UEFI:MENU-DRAWN
UEFI:NAV-ENTER-COMPLETE
UEFI:MENU-DRAWN
UEFI:MENU-DRAWN
UEFI:BACK
UEFI:NAV-SLIDE-RIGHT
UEFI:MENU-DRAWN
UEFI:NAV-TRANSFORMED-FRAME
UEFI:MENU-DRAWN
UEFI:NAV-TRANSFORMED-FRAME
UEFI:MENU-DRAWN
UEFI:NAV-EXIT-COMPLETE
UEFI:PAGE-ACTIVE
UEFI:NAV-SLIDE-RIGHT
UEFI:NAV-TRANSFORMED-FRAME
UEFI:MENU-DRAWN
UEFI:NAV-TRANSFORMED-FRAME
UEFI:MENU-DRAWN
UEFI:MENU-DRAWN
UEFI:NAV-ENTER-COMPLETE
UEFI:MENU-DRAWN
UEFI:NAV-RESTORED
UEFI:MENU-DRAWN
UEFI:MENU-DRAWN
UEFI:RECOVERY-VIEW
UEFI:NAV-RECOVERY-FADE
UEFI:MENU-DRAWN
UEFI:MENU-DRAWN
UEFI:MENU-DRAWN
UEFI:NAV-EXIT-COMPLETE
UEFI:PAGE-ACTIVE
UEFI:NAV-RECOVERY-FADE
UEFI:MENU-DRAWN
UEFI:MENU-DRAWN
UEFI:MENU-DRAWN
UEFI:NAV-ENTER-COMPLETE
UEFI:MENU-DRAWN
UEFI:MENU-DRAWN
UEFI:BACK
UEFI:NAV-SLIDE-RIGHT
UEFI:MENU-DRAWN
UEFI:NAV-TRANSFORMED-FRAME
UEFI:MENU-DRAWN
UEFI:NAV-TRANSFORMED-FRAME
UEFI:MENU-DRAWN
UEFI:NAV-EXIT-COMPLETE
UEFI:PAGE-ACTIVE
UEFI:NAV-SLIDE-RIGHT
UEFI:NAV-TRANSFORMED-FRAME
UEFI:MENU-DRAWN
UEFI:NAV-TRANSFORMED-FRAME
UEFI:MENU-DRAWN
UEFI:MENU-DRAWN
UEFI:NAV-ENTER-COMPLETE
UEFI:MENU-DRAWN
UEFI:NAV-RESTORED
UEFI:MENU-DRAWN
UEFI:MENU-DRAWN
UEFI:POWER-VIEW
UEFI:NAV-SLIDE-LEFT
UEFI:MENU-DRAWN
UEFI:NAV-TRANSFORMED-FRAME
UEFI:MENU-DRAWN
UEFI:NAV-TRANSFORMED-FRAME
UEFI:MENU-DRAWN
UEFI:NAV-EXIT-COMPLETE
UEFI:PAGE-ACTIVE
UEFI:NAV-SLIDE-LEFT
UEFI:NAV-TRANSFORMED-FRAME
UEFI:MENU-DRAWN
UEFI:NAV-TRANSFORMED-FRAME
UEFI:MENU-DRAWN
UEFI:MENU-DRAWN
UEFI:NAV-ENTER-COMPLETE
UEFI:MENU-DRAWN
UEFI:MENU-DRAWN
UEFI:MENU-DRAWN
UEFI:MENU-DRAWN
UEFI:POWER-TARGET-UNAVAILABLE
UEFI:DIALOG-OPEN
UEFI:DIALOG-PAGE-ACTIVE
UEFI:MENU-DRAWN
UEFI:DIALOG-FRAME-READY
UEFI:DIALOG-RESULT-CANCEL
UEFI:PAGE-RESTORED
UEFI:MENU-DRAWN
UEFI:BACK
UEFI:NAV-SLIDE-RIGHT
UEFI:MENU-DRAWN
UEFI:NAV-TRANSFORMED-FRAME
UEFI:MENU-DRAWN
UEFI:NAV-TRANSFORMED-FRAME
UEFI:MENU-DRAWN
UEFI:NAV-EXIT-COMPLETE
UEFI:PAGE-ACTIVE
UEFI:NAV-SLIDE-RIGHT
UEFI:NAV-TRANSFORMED-FRAME
UEFI:MENU-DRAWN
UEFI:NAV-TRANSFORMED-FRAME
UEFI:MENU-DRAWN
UEFI:MENU-DRAWN
UEFI:NAV-ENTER-COMPLETE
UEFI:MENU-DRAWN
UEFI:NAV-RESTORED
UEFI:MENU-DRAWN
UEFI:HELP-VIEW
UEFI:NAV-SLIDE-LEFT
UEFI:MENU-DRAWN
UEFI:NAV-TRANSFORMED-FRAME
UEFI:MENU-DRAWN
UEFI:NAV-TRANSFORMED-FRAME
UEFI:MENU-DRAWN
UEFI:NAV-EXIT-COMPLETE
UEFI:PAGE-ACTIVE
UEFI:NAV-SLIDE-LEFT
UEFI:NAV-TRANSFORMED-FRAME
