UEFI:NOVA-ENTRY
UEFI:GOP-READY
UEFI:PAGES-READY
UEFI:LAYOUT-READY
UEFI:BRANDING-READY
UEFI:RESOURCES-READY
UEFI:RECOVERY-MANAGER-READY
UEFI:INPUT-READY
UEFI:CONTROLS-READY
UEFI:COMPOSITOR-READY
UEFI:NAVIGATION-READY
UEFI:DIALOG-READY
UEFI:POWER-READY
UEFI:FIRMWARE-SECURE-BOOT-OFF
UEFI:FIRMWARE-SETUP-SUPPORTED
UEFI:FIRMWARE-READY
UEFI:POINTER-READY
UEFI:MENU-DRAWN
UEFI:IMAGE-CONTROL-FRAME-READY
UEFI:ICON-CONTROL-FRAME-READY
UEFI:LIST-CONTROL-FRAME-READY
UEFI:STYLE-TEMPLATE-FRAME-READY
UEFI:MENU-DRAWN
UEFI:IMAGE-CONTROL-FRAME-READY
UEFI:ICON-CONTROL-FRAME-READY
UEFI:LIST-CONTROL-FRAME-READY
UEFI:STYLE-TEMPLATE-FRAME-READY
UEFI:MENU-DRAWN
UEFI:IMAGE-CONTROL-FRAME-READY
UEFI:ICON-CONTROL-FRAME-READY
UEFI:LIST-CONTROL-FRAME-READY
UEFI:STYLE-TEMPLATE-FRAME-READY
UEFI:MENU-DRAWN
UEFI:IMAGE-CONTROL-FRAME-READY
UEFI:ICON-CONTROL-FRAME-READY
UEFI:LIST-CONTROL-FRAME-READY
UEFI:STYLE-TEMPLATE-FRAME-READY
UEFI:MENU-DRAWN
UEFI:IMAGE-CONTROL-FRAME-READY
UEFI:ICON-CONTROL-FRAME-READY
UEFI:LIST-CONTROL-FRAME-READY
UEFI:STYLE-TEMPLATE-FRAME-READY
UEFI:MENU-DRAWN
UEFI:IMAGE-CONTROL-FRAME-READY
UEFI:ICON-CONTROL-FRAME-READY
UEFI:LIST-CONTROL-FRAME-READY
UEFI:STYLE-TEMPLATE-FRAME-READY
UEFI:MENU-DRAWN
UEFI:IMAGE-CONTROL-FRAME-READY
UEFI:ICON-CONTROL-FRAME-READY
UEFI:LIST-CONTROL-FRAME-READY
UEFI:STYLE-TEMPLATE-FRAME-READY
UEFI:MENU-DRAWN
UEFI:IMAGE-CONTROL-FRAME-READY
UEFI:ICON-CONTROL-FRAME-READY
UEFI:LIST-CONTROL-FRAME-READY
UEFI:STYLE-TEMPLATE-FRAME-READY
UEFI:MENU-DRAWN
UEFI:IMAGE-CONTROL-FRAME-READY
UEFI:ICON-CONTROL-FRAME-READY
UEFI:LIST-CONTROL-FRAME-READY
UEFI:STYLE-TEMPLATE-FRAME-READY
UEFI:MENU-DRAWN
UEFI:IMAGE-CONTROL-FRAME-READY
UEFI:ICON-CONTROL-FRAME-READY
UEFI:LIST-CONTROL-FRAME-READY
UEFI:STYLE-TEMPLATE-FRAME-READY
UEFI:MOTION-READY
UEFI:DIAGNOSTICS-READY
UEFI:COUNTDOWN-5
UEFI:MENU-DRAWN
UEFI:IMAGE-CONTROL-FRAME-READY
UEFI:ICON-CONTROL-FRAME-READY
UEFI:LIST-CONTROL-FRAME-READY
UEFI:STYLE-TEMPLATE-FRAME-READY
UEFI:LABEL-FRAME-READY
UEFI:COUNTDOWN-FRAME-READY
